Component: ARM Compiler 5.06 update 6 (build 750) Tool: armlink [4d35ed]

==============================================================================

Section Cross References

    startup_stm32f103xb.o(STACK) refers (Special) to heapauxi.o(.text) for __use_two_region_memory
    startup_stm32f103xb.o(HEAP) refers (Special) to heapauxi.o(.text) for __use_two_region_memory
    startup_stm32f103xb.o(RESET) refers (Special) to heapauxi.o(.text) for __use_two_region_memory
    startup_stm32f103xb.o(RESET) refers to startup_stm32f103xb.o(STACK) for __initial_sp
    startup_stm32f103xb.o(RESET) refers to startup_stm32f103xb.o(.text) for Reset_Handler
    startup_stm32f103xb.o(RESET) refers to stm32f1xx_it.o(i.NMI_Handler) for NMI_Handler
    startup_stm32f103xb.o(RESET) refers to stm32f1xx_it.o(i.HardFault_Handler) for HardFault_Handler
    startup_stm32f103xb.o(RESET) refers to stm32f1xx_it.o(i.MemManage_Handler) for MemManage_Handler
    startup_stm32f103xb.o(RESET) refers to stm32f1xx_it.o(i.BusFault_Handler) for BusFault_Handler
    startup_stm32f103xb.o(RESET) refers to stm32f1xx_it.o(i.UsageFault_Handler) for UsageFault_Handler
    startup_stm32f103xb.o(RESET) refers to stm32f1xx_it.o(i.SVC_Handler) for SVC_Handler
    startup_stm32f103xb.o(RESET) refers to stm32f1xx_it.o(i.DebugMon_Handler) for DebugMon_Handler
    startup_stm32f103xb.o(RESET) refers to stm32f1xx_it.o(i.PendSV_Handler) for PendSV_Handler
    startup_stm32f103xb.o(RESET) refers to stm32f1xx_it.o(i.SysTick_Handler) for SysTick_Handler
    startup_stm32f103xb.o(RESET) refers to stm32f1xx_it.o(i.USART3_IRQHandler) for USART3_IRQHandler
    startup_stm32f103xb.o(.text) refers (Special) to heapauxi.o(.text) for __use_two_region_memory
    startup_stm32f103xb.o(.text) refers to system_stm32f1xx.o(i.SystemInit) for SystemInit
    startup_stm32f103xb.o(.text) refers to __main.o(!!!main) for __main
    startup_stm32f103xb.o(.text) refers to startup_stm32f103xb.o(HEAP) for Heap_Mem
    startup_stm32f103xb.o(.text) refers to startup_stm32f103xb.o(STACK) for Stack_Mem
    main.o(i.Key_Scan) refers to stm32f1xx_hal_gpio.o(i.HAL_GPIO_WritePin) for HAL_GPIO_WritePin
    main.o(i.Key_Scan) refers to stm32f1xx_hal_gpio.o(i.HAL_GPIO_ReadPin) for HAL_GPIO_ReadPin
    main.o(i.SystemClock_Config) refers to rt_memclr_w.o(.text) for __aeabi_memclr4
    main.o(i.SystemClock_Config) refers to stm32f1xx_hal_rcc.o(i.HAL_RCC_OscConfig) for HAL_RCC_OscConfig
    main.o(i.SystemClock_Config) refers to stm32f1xx_hal_rcc.o(i.HAL_RCC_ClockConfig) for HAL_RCC_ClockConfig
    main.o(i.main) refers to stm32f1xx_hal.o(i.HAL_Init) for HAL_Init
    main.o(i.main) refers to main.o(i.SystemClock_Config) for SystemClock_Config
    main.o(i.main) refers to gpio.o(i.MX_GPIO_Init) for MX_GPIO_Init
    main.o(i.main) refers to spi.o(i.MX_SPI1_Init) for MX_SPI1_Init
    main.o(i.main) refers to usart.o(i.MX_USART3_UART_Init) for MX_USART3_UART_Init
    main.o(i.main) refers to oled.o(i.OLED_Init) for OLED_Init
    main.o(i.main) refers to flash.o(i.Flash_Init) for Flash_Init
    main.o(i.main) refers to ui.o(i.UI_Init) for UI_Init
    main.o(i.main) refers to ui.o(i.UI_DebugShowCards) for UI_DebugShowCards
    main.o(i.main) refers to ui.o(i.UI_CheckTwoCards) for UI_CheckTwoCards
    main.o(i.main) refers to ui.o(i.UI_EnterSelectMode) for UI_EnterSelectMode
    main.o(i.main) refers to ui.o(i.UI_DisplayIdle) for UI_DisplayIdle
    main.o(i.main) refers to rc522.o(i.PCD_Init) for PCD_Init
    main.o(i.main) refers to as608.o(i.AS608_Init) for AS608_Init
    main.o(i.main) refers to main.o(i.Key_Scan) for Key_Scan
    main.o(i.main) refers to ui.o(i.UI_HandleKey) for UI_HandleKey
    main.o(i.main) refers to ui.o(i.UI_Process) for UI_Process
    main.o(i.main) refers to stm32f1xx_hal.o(i.HAL_Delay) for HAL_Delay
    main.o(i.main) refers to main.o(.data) for .data
    gpio.o(i.MX_GPIO_Init) refers to stm32f1xx_hal_gpio.o(i.HAL_GPIO_WritePin) for HAL_GPIO_WritePin
    gpio.o(i.MX_GPIO_Init) refers to stm32f1xx_hal_gpio.o(i.HAL_GPIO_Init) for HAL_GPIO_Init
    spi.o(i.HAL_SPI_MspDeInit) refers to stm32f1xx_hal_gpio.o(i.HAL_GPIO_DeInit) for HAL_GPIO_DeInit
    spi.o(i.HAL_SPI_MspInit) refers to stm32f1xx_hal_gpio.o(i.HAL_GPIO_Init) for HAL_GPIO_Init
    spi.o(i.MX_SPI1_Init) refers to stm32f1xx_hal_spi.o(i.HAL_SPI_Init) for HAL_SPI_Init
    spi.o(i.MX_SPI1_Init) refers to main.o(i.Error_Handler) for Error_Handler
    spi.o(i.MX_SPI1_Init) refers to spi.o(.bss) for .bss
    usart.o(i.HAL_UART_MspDeInit) refers to stm32f1xx_hal_gpio.o(i.HAL_GPIO_DeInit) for HAL_GPIO_DeInit
    usart.o(i.HAL_UART_MspDeInit) refers to stm32f1xx_hal_cortex.o(i.HAL_NVIC_DisableIRQ) for HAL_NVIC_DisableIRQ
    usart.o(i.HAL_UART_MspInit) refers to stm32f1xx_hal_gpio.o(i.HAL_GPIO_Init) for HAL_GPIO_Init
    usart.o(i.HAL_UART_MspInit) refers to stm32f1xx_hal_cortex.o(i.HAL_NVIC_SetPriority) for HAL_NVIC_SetPriority
[...]
    Removing stm32f1xx_hal_uart.o(.rev16_text), (4 bytes).
    Removing stm32f1xx_hal_uart.o(.revsh_text), (4 bytes).
    Removing stm32f1xx_hal_uart.o(.rrx_text), (6 bytes).
    Removing stm32f1xx_hal_uart.o(i.HAL_HalfDuplex_EnableReceiver), (50 bytes).
    Removing stm32f1xx_hal_uart.o(i.HAL_HalfDuplex_EnableTransmitter), (50 bytes).
    Removing stm32f1xx_hal_uart.o(i.HAL_HalfDuplex_Init), (110 bytes).
    Removing stm32f1xx_hal_uart.o(i.HAL_LIN_Init), (130 bytes).
    Removing stm32f1xx_hal_uart.o(i.HAL_LIN_SendBreak), (60 bytes).
    Removing stm32f1xx_hal_uart.o(i.HAL_MultiProcessor_EnterMuteMode), (62 bytes).
    Removing stm32f1xx_hal_uart.o(i.HAL_MultiProcessor_ExitMuteMode), (62 bytes).
    Removing stm32f1xx_hal_uart.o(i.HAL_MultiProcessor_Init), (144 bytes).
    Removing stm32f1xx_hal_uart.o(i.HAL_UARTEx_GetRxEventType), (4 bytes).
    Removing stm32f1xx_hal_uart.o(i.HAL_UARTEx_ReceiveToIdle), (240 bytes).
    Removing stm32f1xx_hal_uart.o(i.HAL_UARTEx_ReceiveToIdle_DMA), (74 bytes).
    Removing stm32f1xx_hal_uart.o(i.HAL_UARTEx_ReceiveToIdle_IT), (78 bytes).
    Removing stm32f1xx_hal_uart.o(i.HAL_UART_Abort), (210 bytes).
    Removing stm32f1xx_hal_uart.o(i.HAL_UART_AbortCpltCallback), (2 bytes).
    Removing stm32f1xx_hal_uart.o(i.HAL_UART_AbortReceive), (148 bytes).
    Removing stm32f1xx_hal_uart.o(i.HAL_UART_AbortReceiveCpltCallback), (2 bytes).
    Removing stm32f1xx_hal_uart.o(i.HAL_UART_AbortReceive_IT), (152 bytes).
    Removing stm32f1xx_hal_uart.o(i.HAL_UART_AbortTransmit), (98 bytes).
    Removing stm32f1xx_hal_uart.o(i.HAL_UART_AbortTransmitCpltCallback), (2 bytes).
    Removing stm32f1xx_hal_uart.o(i.HAL_UART_AbortTransmit_IT), (104 bytes).
    Removing stm32f1xx_hal_uart.o(i.HAL_UART_Abort_IT), (244 bytes).
    Removing stm32f1xx_hal_uart.o(i.HAL_UART_DMAPause), (120 bytes).
    Removing stm32f1xx_hal_uart.o(i.HAL_UART_DMAResume), (114 bytes).
    Removing stm32f1xx_hal_uart.o(i.HAL_UART_DMAStop), (112 bytes).
    Removing stm32f1xx_hal_uart.o(i.HAL_UART_DeInit), (54 bytes).
    Removing stm32f1xx_hal_uart.o(i.HAL_UART_GetError), (4 bytes).
    Removing stm32f1xx_hal_uart.o(i.HAL_UART_GetState), (10 bytes).
    Removing stm32f1xx_hal_uart.o(i.HAL_UART_MspDeInit), (2 bytes).
    Removing stm32f1xx_hal_uart.o(i.HAL_UART_MspInit), (2 bytes).
    Removing stm32f1xx_hal_uart.o(i.HAL_UART_Receive), (176 bytes).
    Removing stm32f1xx_hal_uart.o(i.HAL_UART_Receive_DMA), (28 bytes).
    Removing stm32f1xx_hal_uart.o(i.HAL_UART_RxCpltCallback), (2 bytes).
    Removing stm32f1xx_hal_uart.o(i.HAL_UART_RxHalfCpltCallback), (2 bytes).
    Removing stm32f1xx_hal_uart.o(i.HAL_UART_Transmit), (160 bytes).
    Removing stm32f1xx_hal_uart.o(i.HAL_UART_Transmit_DMA), (120 bytes).
    Removing stm32f1xx_hal_uart.o(i.HAL_UART_Transmit_IT), (50 bytes).
    Removing stm32f1xx_hal_uart.o(i.HAL_UART_TxHalfCpltCallback), (2 bytes).
    Removing stm32f1xx_hal_uart.o(i.UART_DMAError), (74 bytes).
    Removing stm32f1xx_hal_uart.o(i.UART_DMAReceiveCplt), (134 bytes).
    Removing stm32f1xx_hal_uart.o(i.UART_DMARxAbortCallback), (44 bytes).
    Removing stm32f1xx_hal_uart.o(i.UART_DMARxHalfCplt), (30 bytes).
    Removing stm32f1xx_hal_uart.o(i.UART_DMARxOnlyAbortCallback), (22 bytes).
    Removing stm32f1xx_hal_uart.o(i.UART_DMATransmitCplt), (66 bytes).
    Removing stm32f1xx_hal_uart.o(i.UART_DMATxAbortCallback), (44 bytes).
    Removing stm32f1xx_hal_uart.o(i.UART_DMATxHalfCplt), (10 bytes).
    Removing stm32f1xx_hal_uart.o(i.UART_DMATxOnlyAbortCallback), (20 bytes).
    Removing stm32f1xx_hal_uart.o(i.UART_EndTxTransfer), (28 bytes).
    Removing stm32f1xx_hal_uart.o(i.UART_Start_Receive_DMA), (144 bytes).
    Removing stm32f1xx_hal_uart.o(i.UART_WaitOnFlagUntilTimeout), (114 bytes).
    Removing system_stm32f1xx.o(.rev16_text), (4 bytes).
    Removing system_stm32f1xx.o(.revsh_text), (4 bytes).
    Removing system_stm32f1xx.o(.rrx_text), (6 bytes).
    Removing system_stm32f1xx.o(i.SystemCoreClockUpdate), (104 bytes).
    Removing oled.o(.rev16_text), (4 bytes).
    Removing oled.o(.revsh_text), (4 bytes).
    Removing oled.o(.rrx_text), (6 bytes).
    Removing oled.o(i.OLED_ColorTurn), (24 bytes).
    Removing oled.o(i.OLED_DisPlay_Off), (30 bytes).
    Removing oled.o(i.OLED_DisPlay_On), (30 bytes).
    Removing oled.o(i.OLED_DisplayTurn), (44 bytes).
    Removing oled.o(i.OLED_DrawCircle), (196 bytes).
    Removing oled.o(i.OLED_DrawLine), (156 bytes).
    Removing oled.o(i.OLED_ShowPicture), (156 bytes).
    Removing oled.o(.constdata), (352 bytes).
    Removing oled.o(.constdata), (72 bytes).
    Removing oled.o(.constdata), (128 bytes).
    Removing oled.o(.constdata), (512 bytes).
    Removing rc522.o(.rev16_text), (4 bytes).
    Removing rc522.o(.revsh_text), (4 bytes).
    Removing rc522.o(.rrx_text), (6 bytes).
    Removing rc522.o(i.MFRC_CalulateCRC), (100 bytes).
    Removing rc522.o(i.PCD_AuthState), (82 bytes).
    Removing rc522.o(i.PCD_BakValue), (160 bytes).
    Removing rc522.o(i.PCD_Halt), (48 bytes).
    Removing rc522.o(i.PCD_ReadBlock), (76 bytes).
    Removing rc522.o(i.PCD_Select), (100 bytes).
    Removing rc522.o(i.PCD_Value), (176 bytes).
    Removing rc522.o(i.PCD_WriteBlock), (132 bytes).
    Removing as608.o(.rev16_text), (4 bytes).
    Removing as608.o(.revsh_text), (4 bytes).
    Removing as608.o(.rrx_text), (6 bytes).
    Removing as608.o(i.AS608_DeleteChar), (62 bytes).
    Removing as608.o(i.AS608_Empty), (42 bytes).
    Removing as608.o(i.AS608_Enroll), (70 bytes).
    Removing as608.o(i.AS608_GenChar), (46 bytes).
    Removing as608.o(i.AS608_GetErrorString), (576 bytes).
    Removing as608.o(i.AS608_GetImage), (42 bytes).
    Removing as608.o(i.AS608_HandShake), (116 bytes).
    Removing as608.o(i.AS608_LoadChar), (56 bytes).
    Removing as608.o(i.AS608_Match), (62 bytes).
    Removing as608.o(i.AS608_ReadSysPara), (120 bytes).
    Removing as608.o(i.AS608_ReceivePacket), (108 bytes).
    Removing as608.o(i.AS608_RegModel), (42 bytes).
    Removing as608.o(i.AS608_Search), (92 bytes).
    Removing as608.o(i.AS608_SendCommand), (180 bytes).
    Removing as608.o(i.AS608_SimpleHandShake), (188 bytes).
    Removing as608.o(i.AS608_StoreChar), (56 bytes).
    Removing as608.o(i.AS608_VerifyFinger), (42 bytes).
    Removing as608.o(i.AS608_VerifyPassword), (72 bytes).
    Removing ui.o(.rev16_text), (4 bytes).
    Removing ui.o(.revsh_text), (4 bytes).
    Removing ui.o(.rrx_text), (6 bytes).
    Removing ui.o(i.UI_InitWithDisplay), (14 bytes).
    Removing flash.o(.rev16_text), (4 bytes).
    Removing flash.o(.revsh_text), (4 bytes).
    Removing flash.o(.rrx_text), (6 bytes).
    Removing flash.o(i.Flash_ReadPIN), (24 bytes).
    Removing flash.o(i.Flash_RemoveNFCID), (184 bytes).
    Removing flash.o(i.Flash_WritePIN), (64 bytes).

326 unused section(s) (total 19286 bytes) removed from the image.

==============================================================================

Image Symbol Table

    Local Symbols

    Symbol Name                              Value     Ov Type        Size  Object(Section)

    ../Core/Src/gpio.c                       0x00000000   Number         0  gpio.o ABSOLUTE
    ../Core/Src/main.c                       0x00000000   Number         0  main.o ABSOLUTE
    ../Core/Src/spi.c                        0x00000000   Number         0  spi.o ABSOLUTE
    ../Core/Src/stm32f1xx_hal_msp.c          0x00000000   Number         0  stm32f1xx_hal_msp.o ABSOLUTE
    ../Core/Src/stm32f1xx_it.c               0x00000000   Number         0  stm32f1xx_it.o ABSOLUTE
    ../Core/Src/system_stm32f1xx.c           0x00000000   Number         0  system_stm32f1xx.o ABSOLUTE
    ../Core/Src/usart.c                      0x00000000   Number         0  usart.o ABSOLUTE
    ../Drivers/STM32F1xx_HAL_Driver/Src/stm32f1xx_hal.c 0x00000000   Number         0  stm32f1xx_hal.o ABSOLUTE
    ../Drivers/STM32F1xx_HAL_Driver/Src/stm32f1xx_hal_cortex.c 0x00000000   Number         0  stm32f1xx_hal_cortex.o ABSOLUTE
    ../Drivers/STM32F1xx_HAL_Driver/Src/stm32f1xx_hal_dma.c 0x00000000   Number         0  stm32f1xx_hal_dma.o ABSOLUTE
    ../Drivers/STM32F1xx_HAL_Driver/Src/stm32f1xx_hal_exti.c 0x00000000   Number         0  stm32f1xx_hal_exti.o ABSOLUTE
    ../Drivers/STM32F1xx_HAL_Driver/Src/stm32f1xx_hal_flash.c 0x00000000   Number         0  stm32f1xx_hal_flash.o ABSOLUTE
    ../Drivers/STM32F1xx_HAL_Driver/Src/stm32f1xx_hal_flash_ex.c 0x00000000   Number         0  stm32f1xx_hal_flash_ex.o ABSOLUTE
    ../Drivers/STM32F1xx_HAL_Driver/Src/stm32f1xx_hal_gpio.c 0x00000000   Number         0  stm32f1xx_hal_gpio.o ABSOLUTE
    ../Drivers/STM32F1xx_HAL_Driver/Src/stm32f1xx_hal_gpio_ex.c 0x00000000   Number         0  stm32f1xx_hal_gpio_ex.o ABSOLUTE
    ../Drivers/STM32F1xx_HAL_Driver/Src/stm32f1xx_hal_pwr.c 0x00000000   Number         0  stm32f1xx_hal_pwr.o ABSOLUTE
    ../Drivers/STM32F1xx_HAL_Driver/Src/stm32f1xx_hal_rcc.c 0x00000000   Number         0  stm32f1xx_hal_rcc.o ABSOLUTE
    ../Drivers/STM32F1xx_HAL_Driver/Src/stm32f1xx_hal_rcc_ex.c 0x00000000   Number         0  stm32f1xx_hal_rcc_ex.o ABSOLUTE
    ../Drivers/STM32F1xx_HAL_Driver/Src/stm32f1xx_hal_spi.c 0x00000000   Number         0  stm32f1xx_hal_spi.o ABSOLUTE
    ../Drivers/STM32F1xx_HAL_Driver/Src/stm32f1xx_hal_uart.c 0x00000000   Number         0  stm32f1xx_hal_uart.o ABSOLUTE
    ../clib/angel/boardlib.s                 0x00000000   Number         0  boardinit2.o ABSOLUTE
    ../clib/angel/boardlib.s                 0x00000000   Number         0  boardinit3.o ABSOLUTE
    ../clib/angel/boardlib.s                 0x00000000   Number         0  boardinit1.o ABSOLUTE
    ../clib/angel/boardlib.s                 0x00000000   Number         0  boardshut.o ABSOLUTE
    ../clib/angel/handlers.s                 0x00000000   Number         0  __scatter_zi.o ABSOLUTE
    ../clib/angel/handlers.s                 0x00000000   Number         0  __scatter_copy.o ABSOLUTE
    ../clib/angel/kernel.s                   0x00000000   Number         0  __rtentry2.o ABSOLUTE
    ../clib/angel/kernel.s                   0x00000000   Number         0  __rtentry4.o ABSOLUTE
    ../clib/angel/kernel.s                   0x00000000   Number         0  rtexit.o ABSOLUTE
    ../clib/angel/kernel.s                   0x00000000   Number         0  __rtentry.o ABSOLUTE
    ../clib/angel/kernel.s                   0x00000000   Number         0  rtexit2.o ABSOLUTE
    ../clib/angel/rt.s                       0x00000000   Number         0  rt_raise.o ABSOLUTE
    ../clib/angel/scatter.s                  0x00000000   Number         0  __scatter.o ABSOLUTE
    ../clib/angel/startup.s                  0x00000000   Number         0  __main.o ABSOLUTE
    ../clib/angel/sys.s                      0x00000000   Number         0  sys_stackheap_outer.o ABSOLUTE
    ../clib/angel/sys.s                      0x00000000   Number         0  indicate_semi.o ABSOLUTE
    ../clib/angel/sys.s                      0x00000000   Number         0  libspace.o ABSOLUTE
    ../clib/angel/sys.s                      0x00000000   Number         0  use_no_semi.o ABSOLUTE
    ../clib/angel/sysapp.c                   0x00000000   Number         0  sys_command.o ABSOLUTE
    ../clib/angel/sysapp.c                   0x00000000   Number         0  sys_wrch.o ABSOLUTE
    ../clib/angel/sysapp.c                   0x00000000   Number         0  sys_exit.o ABSOLUTE
    ../clib/armsys.c                         0x00000000   Number         0  _get_argv_nomalloc.o ABSOLUTE
    ../clib/armsys.c                         0x00000000   Number         0  argv_veneer.o ABSOLUTE
    ../clib/armsys.c                         0x00000000   Number         0  no_argv.o ABSOLUTE
    ../clib/armsys.c                         0x00000000   Number         0  argv_veneer.o ABSOLUTE
    ../clib/heapalloc.c                      0x00000000   Number         0  hrguard.o ABSOLUTE
    ../clib/heapaux.c                        0x00000000   Number         0  heapauxi.o ABSOLUTE
    ../clib/libinit.s                        0x00000000   Number         0  libshutdown.o ABSOLUTE
    ../clib/libinit.s                        0x00000000   Number         0  libinit2.o ABSOLUTE
    ../clib/libinit.s                        0x00000000   Number         0  libshutdown2.o ABSOLUTE
    ../clib/libinit.s                        0x00000000   Number         0  libinit.o ABSOLUTE
    ../clib/longlong.s                       0x00000000   Number         0  llushr.o ABSOLUTE
    ../clib/memcpset.s                       0x00000000   Number         0  rt_memcpy_w.o ABSOLUTE
    ../clib/memcpset.s                       0x00000000   Number         0  rt_memcpy_v6.o ABSOLUTE
    ../clib/memcpset.s                       0x00000000   Number         0  rt_memclr_w.o ABSOLUTE
    ../clib/signal.c                         0x00000000   Number         0  defsig_rtmem_formal.o ABSOLUTE
    ../clib/signal.c                         0x00000000   Number         0  defsig_rtmem_outer.o ABSOLUTE
    ../clib/signal.c                         0x00000000   Number         0  defsig_stak_inner.o ABSOLUTE
    ../clib/signal.c                         0x00000000   Number         0  defsig_fpe_inner.o ABSOLUTE
    ../clib/signal.c                         0x00000000   Number         0  defsig_abrt_inner.o ABSOLUTE
    ../clib/signal.c                         0x00000000   Number         0  defsig_pvfn_inner.o ABSOLUTE
    ../clib/signal.c                         0x00000000   Number         0  defsig_cppl_inner.o ABSOLUTE
    ../clib/signal.c                         0x00000000   Number         0  defsig_general.o ABSOLUTE
    ../clib/signal.c                         0x00000000   Number         0  defsig_rtred_inner.o ABSOLUTE
    ../clib/signal.c                         0x00000000   Number         0  __raise.o ABSOLUTE
    ../clib/signal.c                         0x00000000   Number         0  defsig_rtmem_inner.o ABSOLUTE
    ../clib/signal.c                         0x00000000   Number         0  defsig_exit.o ABSOLUTE
    ../clib/signal.c                         0x00000000   Number         0  defsig_segv_inner.o ABSOLUTE
    ../clib/signal.c                         0x00000000   Number         0  defsig_other.o ABSOLUTE
    ../clib/signal.s                         0x00000000   Number         0  defsig.o ABSOLUTE
    ../clib/stdlib.c                         0x00000000   Number         0  exit.o ABSOLUTE
    ../fplib/fpinit.s                        0x00000000   Number         0  fpinit.o ABSOLUTE
    ..\APP\AS608.c                           0x00000000   Number         0  as608.o ABSOLUTE
    ..\APP\RC522.c                           0x00000000   Number         0  rc522.o ABSOLUTE
    ..\APP\flash.c                           0x00000000   Number         0  flash.o ABSOLUTE
    ..\APP\oled.c                            0x00000000   Number         0  oled.o ABSOLUTE
    ..\APP\ui.c                              0x00000000   Number         0  ui.o ABSOLUTE
    ..\Core\Src\gpio.c                       0x00000000   Number         0  gpio.o ABSOLUTE
    ..\Core\Src\main.c                       0x00000000   Number         0  main.o ABSOLUTE
    ..\Core\Src\spi.c                        0x00000000   Number         0  spi.o ABSOLUTE
    ..\Core\Src\stm32f1xx_hal_msp.c          0x00000000   Number         0  stm32f1xx_hal_msp.o ABSOLUTE
    ..\Core\Src\stm32f1xx_it.c               0x00000000   Number         0  stm32f1xx_it.o ABSOLUTE
    ..\Core\Src\system_stm32f1xx.c           0x00000000   Number         0  system_stm32f1xx.o ABSOLUTE
    ..\Core\Src\usart.c                      0x00000000   Number         0  usart.o ABSOLUTE
    ..\Drivers\STM32F1xx_HAL_Driver\Src\stm32f1xx_hal.c 0x00000000   Number         0  stm32f1xx_hal.o ABSOLUTE
    ..\Drivers\STM32F1xx_HAL_Driver\Src\stm32f1xx_hal_cortex.c 0x00000000   Number         0  stm32f1xx_hal_cortex.o ABSOLUTE
    ..\Drivers\STM32F1xx_HAL_Driver\Src\stm32f1xx_hal_dma.c 0x00000000   Number         0  stm32f1xx_hal_dma.o ABSOLUTE
    ..\Drivers\STM32F1xx_HAL_Driver\Src\stm32f1xx_hal_exti.c 0x00000000   Number         0  stm32f1xx_hal_exti.o ABSOLUTE
    ..\Drivers\STM32F1xx_HAL_Driver\Src\stm32f1xx_hal_flash.c 0x00000000   Number         0  stm32f1xx_hal_flash.o ABSOLUTE
    ..\Drivers\STM32F1xx_HAL_Driver\Src\stm32f1xx_hal_flash_ex.c 0x00000000   Number         0  stm32f1xx_hal_flash_ex.o ABSOLUTE
    ..\Drivers\STM32F1xx_HAL_Driver\Src\stm32f1xx_hal_gpio.c 0x00000000   Number         0  stm32f1xx_hal_gpio.o ABSOLUTE
    ..\Drivers\STM32F1xx_HAL_Driver\Src\stm32f1xx_hal_gpio_ex.c 0x00000000   Number         0  stm32f1xx_hal_gpio_ex.o ABSOLUTE
    ..\Drivers\STM32F1xx_HAL_Driver\Src\stm32f1xx_hal_pwr.c 0x00000000   Number         0  stm32f1xx_hal_pwr.o ABSOLUTE
    ..\Drivers\STM32F1xx_HAL_Driver\Src\stm32f1xx_hal_rcc.c 0x00000000   Number         0  stm32f1xx_hal_rcc.o ABSOLUTE
    ..\Drivers\STM32F1xx_HAL_Driver\Src\stm32f1xx_hal_rcc_ex.c 0x00000000   Number         0  stm32f1xx_hal_rcc_ex.o ABSOLUTE
    ..\Drivers\STM32F1xx_HAL_Driver\Src\stm32f1xx_hal_spi.c 0x00000000   Number         0  stm32f1xx_hal_spi.o ABSOLUTE
    ..\Drivers\STM32F1xx_HAL_Driver\Src\stm32f1xx_hal_uart.c 0x00000000   Number         0  stm32f1xx_hal_uart.o ABSOLUTE
    ..\\APP\\AS608.c                         0x00000000   Number         0  as608.o ABSOLUTE
    ..\\APP\\RC522.c                         0x00000000   Number         0  rc522.o ABSOLUTE
    ..\\APP\\flash.c                         0x00000000   Number         0  flash.o ABSOLUTE
    ..\\APP\\oled.c                          0x00000000   Number         0  oled.o ABSOLUTE
    ..\\APP\\ui.c                            0x00000000   Number         0  ui.o ABSOLUTE
    dc.s                                     0x00000000   Number         0  dc.o ABSOLUTE
    startup_stm32f103xb.s                    0x00000000   Number         0  startup_stm32f103xb.o ABSOLUTE
    RESET                                    0x08000000   Section      236  startup_stm32f103xb.o(RESET)
    !!!main                                  0x080000ec   Section        8  __main.o(!!!main)
    !!!scatter                               0x080000f4   Section       52  __scatter.o(!!!scatter)
    !!handler_copy                           0x08000128   Section       26  __scatter_copy.o(!!handler_copy)
    !!handler_zi                             0x08000144   Section       28  __scatter_zi.o(!!handler_zi)
    .ARM.Collect$$libinit$$00000000          0x08000160   Section        2  libinit.o(.ARM.Collect$$libinit$$00000000)
    .ARM.Collect$$libinit$$00000002          0x08000162   Section        0  libinit2.o(.ARM.Collect$$libinit$$00000002)
    .ARM.Collect$$libinit$$00000004          0x08000162   Section        0  libinit2.o(.ARM.Collect$$libinit$$00000004)
    .ARM.Collect$$libinit$$0000000A          0x08000162   Section        0  libinit2.o(.ARM.Collect$$libinit$$0000000A)
    .ARM.Collect$$libinit$$0000000C          0x08000162   Section        0  libinit2.o(.ARM.Collect$$libinit$$0000000C)
    .ARM.Collect$$libinit$$0000000E          0x08000162   Section        0  libinit2.o(.ARM.Collect$$libinit$$0000000E)
    .ARM.Collect$$libinit$$00000011          0x08000162   Section        0  libinit2.o(.ARM.Collect$$libinit$$00000011)
    .ARM.Collect$$libinit$$00000013          0x08000162   Section        0  libinit2.o(.ARM.Collect$$libinit$$00000013)
    .ARM.Collect$$libinit$$00000015          0x08000162   Section        0  libinit2.o(.ARM.Collect$$libinit$$00000015)
    .ARM.Collect$$libinit$$00000017          0x08000162   Section        0  libinit2.o(.ARM.Collect$$libinit$$00000017)
    .ARM.Collect$$libinit$$00000019          0x08000162   Section        0  libinit2.o(.ARM.Collect$$libinit$$00000019)
    .ARM.Collect$$libinit$$0000001B          0x08000162   Section        0  libinit2.o(.ARM.Collect$$libinit$$0000001B)
    .ARM.Collect$$libinit$$0000001D          0x08000162   Section        0  libinit2.o(.ARM.Collect$$libinit$$0000001D)
    .ARM.Collect$$libinit$$0000001F          0x08000162   Section        0  libinit2.o(.ARM.Collect$$libinit$$0000001F)
    .ARM.Collect$$libinit$$00000021          0x08000162   Section        0  libinit2.o(.ARM.Collect$$libinit$$00000021)
    .ARM.Collect$$libinit$$00000023          0x08000162   Section        0  libinit2.o(.ARM.Collect$$libinit$$00000023)
    .ARM.Collect$$libinit$$00000025          0x08000162   Section        0  libinit2.o(.ARM.Collect$$libinit$$00000025)
    .ARM.Collect$$libinit$$0000002C          0x08000162   Section        0  libinit2.o(.ARM.Collect$$libinit$$0000002C)
    .ARM.Collect$$libinit$$0000002E          0x08000162   Section        0  libinit2.o(.ARM.Collect$$libinit$$0000002E)
    .ARM.Collect$$libinit$$00000030          0x08000162   Section        0  libinit2.o(.ARM.Collect$$libinit$$00000030)
    .ARM.Collect$$libinit$$00000032          0x08000162   Section        0  libinit2.o(.ARM.Collect$$libinit$$00000032)
    .ARM.Collect$$libinit$$00000033          0x08000162   Section        2  libinit2.o(.ARM.Collect$$libinit$$00000033)
    .ARM.Collect$$libshutdown$$00000000      0x08000164   Section        2  libshutdown.o(.ARM.Collect$$libshutdown$$00000000)
    .ARM.Collect$$libshutdown$$00000002      0x08000166   Section        0  libshutdown2.o(.ARM.Collect$$libshutdown$$00000002)
    .ARM.Collect$$libshutdown$$00000004      0x08000166   Section        0  libshutdown2.o(.ARM.Collect$$libshutdown$$00000004)
    .ARM.Collect$$libshutdown$$00000007      0x08000166   Section        0  libshutdown2.o(.ARM.Collect$$libshutdown$$00000007)
    .ARM.Collect$$libshutdown$$0000000A      0x08000166   Section        0  libshutdown2.o(.ARM.Collect$$libshutdown$$0000000A)
    .ARM.Collect$$libshutdown$$0000000C      0x08000166   Section        0  libshutdown2.o(.ARM.Collect$$libshutdown$$0000000C)
    .ARM.Collect$$libshutdown$$0000000F      0x08000166   Section        0  libshutdown2.o(.ARM.Collect$$libshutdown$$0000000F)
    .ARM.Collect$$libshutdown$$00000010      0x08000166   Section        2  libshutdown2.o(.ARM.Collect$$libshutdown$$00000010)
    .ARM.Collect$$rtentry$$00000000          0x08000168   Section        0  __rtentry.o(.ARM.Collect$$rtentry$$00000000)
    .ARM.Collect$$rtentry$$00000002          0x08000168   Section        0  __rtentry2.o(.ARM.Collect$$rtentry$$00000002)
    .ARM.Collect$$rtentry$$00000004          0x08000168   Section        6  __rtentry4.o(.ARM.Collect$$rtentry$$00000004)
    .ARM.Collect$$rtentry$$00000009          0x0800016e   Section        0  __rtentry2.o(.ARM.Collect$$rtentry$$00000009)
    .ARM.Collect$$rtentry$$0000000A          0x0800016e   Section        4  __rtentry2.o(.ARM.Collect$$rtentry$$0000000A)
    .ARM.Collect$$rtentry$$0000000C          0x08000172   Section        0  __rtentry2.o(.ARM.Collect$$rtentry$$0000000C)
    .ARM.Collect$$rtentry$$0000000D          0x08000172   Section        8  __rtentry2.o(.ARM.Collect$$rtentry$$0000000D)
    .ARM.Collect$$rtexit$$00000000           0x0800017a   Section        2  rtexit.o(.ARM.Collect$$rtexit$$00000000)
    .ARM.Collect$$rtexit$$00000002           0x0800017c   Section        0  rtexit2.o(.ARM.Collect$$rtexit$$00000002)
    .ARM.Collect$$rtexit$$00000003           0x0800017c   Section        4  rtexit2.o(.ARM.Collect$$rtexit$$00000003)
    .ARM.Collect$$rtexit$$00000004           0x08000180   Section        6  rtexit2.o(.ARM.Collect$$rtexit$$00000004)
    .text                                    0x08000188   Section       64  startup_stm32f103xb.o(.text)
    .text                                    0x080001c8   Section       38  llushr.o(.text)
    .text                                    0x080001ee   Section       78  rt_memclr_w.o(.text)
    .text                                    0x0800023c   Section        0  heapauxi.o(.text)
    .text                                    0x08000242   Section       74  sys_stackheap_outer.o(.text)
    .text                                    0x0800028c   Section        0  exit.o(.text)
    .text                                    0x080002a0   Section        8  libspace.o(.text)
    .text                                    0x080002a8   Section        0  sys_exit.o(.text)
    .text                                    0x080002b4   Section        2  use_no_semi.o(.text)
    .text                                    0x080002b6   Section        0  indicate_semi.o(.text)
    i.AS608_Init                             0x080002b6   Section        0  as608.o(i.AS608_Init)
    i.BusFault_Handler                       0x080002de   Section        0  stm32f1xx_it.o(i.BusFault_Handler)
    i.DebugMon_Handler                       0x080002e0   Section        0  stm32f1xx_it.o(i.DebugMon_Handler)
    i.DisplayCardList                        0x080002e4   Section        0  ui.o(i.DisplayCardList)
    DisplayCardList                          0x080002e5   Thumb Code   378  ui.o(i.DisplayCardList)
    i.DisplayIdleInternal                    0x080004a8   Section        0  ui.o(i.DisplayIdleInternal)
    DisplayIdleInternal                      0x080004a9   Thumb Code    58  ui.o(i.DisplayIdleInternal)
    i.DisplayScanNFC                         0x08000510   Section        0  ui.o(i.DisplayScanNFC)
    DisplayScanNFC                           0x08000511   Thumb Code    94  ui.o(i.DisplayScanNFC)
    i.DisplaySelectMode                      0x080005ac   Section        0  ui.o(i.DisplaySelectMode)
    DisplaySelectMode                        0x080005ad   Thumb Code    96  ui.o(i.DisplaySelectMode)
    i.DisplaySelectType                      0x08000640   Section        0  ui.o(i.DisplaySelectType)
    DisplaySelectType                        0x08000641   Thumb Code   110  ui.o(i.DisplaySelectType)
    i.Error_Handler                          0x080006f0   Section        0  main.o(i.Error_Handler)
    i.FLASH_MassErase                        0x080006f4   Section        0  stm32f1xx_hal_flash_ex.o(i.FLASH_MassErase)
    FLASH_MassErase                          0x080006f5   Thumb Code    26  stm32f1xx_hal_flash_ex.o(i.FLASH_MassErase)
    i.FLASH_PageErase                        0x08000718   Section        0  stm32f1xx_hal_flash_ex.o(i.FLASH_PageErase)
    i.FLASH_Program_HalfWord                 0x0800073c   Section        0  stm32f1xx_hal_flash.o(i.FLASH_Program_HalfWord)
    FLASH_Program_HalfWord                   0x0800073d   Thumb Code    20  stm32f1xx_hal_flash.o(i.FLASH_Program_HalfWord)
    i.FLASH_SetErrorCode                     0x08000758   Section        0  stm32f1xx_hal_flash.o(i.FLASH_SetErrorCode)
    FLASH_SetErrorCode                       0x08000759   Thumb Code    84  stm32f1xx_hal_flash.o(i.FLASH_SetErrorCode)
    i.FLASH_WaitForLastOperation             0x080007b4   Section        0  stm32f1xx_hal_flash.o(i.FLASH_WaitForLastOperation)
    i.Flash_AddNFCID                         0x08000808   Section        0  flash.o(i.Flash_AddNFCID)
    i.Flash_Init                             0x08000878   Section        0  flash.o(i.Flash_Init)
    i.Flash_ReadNFCIDs                       0x080008d8   Section        0  flash.o(i.Flash_ReadNFCIDs)
    i.HAL_DMA_Abort                          0x08000910   Section        0  stm32f1xx_hal_dma.o(i.HAL_DMA_Abort)
    i.HAL_DMA_Abort_IT                       0x08000958   Section        0  stm32f1xx_hal_dma.o(i.HAL_DMA_Abort_IT)
    i.HAL_Delay                              0x080009f0   Section        0  stm32f1xx_hal.o(i.HAL_Delay)
    i.HAL_FLASHEx_Erase                      0x08000a14   Section        0  stm32f1xx_hal_flash_ex.o(i.HAL_FLASHEx_Erase)
    i.HAL_FLASH_Lock                         0x08000abc   Section        0  stm32f1xx_hal_flash.o(i.HAL_FLASH_Lock)
    i.HAL_FLASH_Program                      0x08000ad0   Section        0  stm32f1xx_hal_flash.o(i.HAL_FLASH_Program)
    i.HAL_FLASH_Unlock                       0x08000b50   Section        0  stm32f1xx_hal_flash.o(i.HAL_FLASH_Unlock)
    i.HAL_GPIO_Init                          0x08000b78   Section        0  stm32f1xx_hal_gpio.o(i.HAL_GPIO_Init)
    i.HAL_GPIO_ReadPin                       0x08000d58   Section        0  stm32f1xx_hal_gpio.o(i.HAL_GPIO_ReadPin)
    i.HAL_GPIO_WritePin                      0x08000d62   Section        0  stm32f1xx_hal_gpio.o(i.HAL_GPIO_WritePin)
    i.HAL_GetTick                            0x08000d6c   Section        0  stm32f1xx_hal.o(i.HAL_GetTick)
    i.HAL_IncTick                            0x08000d78   Section        0  stm32f1xx_hal.o(i.HAL_IncTick)
    i.HAL_Init                               0x08000d88   Section        0  stm32f1xx_hal.o(i.HAL_Init)
    i.HAL_InitTick                           0x08000dac   Section        0  stm32f1xx_hal.o(i.HAL_InitTick)
    i.HAL_MspInit                            0x08000dec   Section        0  stm32f1xx_hal_msp.o(i.HAL_MspInit)
    i.HAL_NVIC_EnableIRQ                     0x08000e28   Section        0  stm32f1xx_hal_cortex.o(i.HAL_NVIC_EnableIRQ)
    i.HAL_NVIC_SetPriority                   0x08000e44   Section        0  stm32f1xx_hal_cortex.o(i.HAL_NVIC_SetPriority)
    i.HAL_NVIC_SetPriorityGrouping           0x08000e84   Section        0  stm32f1xx_hal_cortex.o(i.HAL_NVIC_SetPriorityGrouping)
    i.HAL_RCC_ClockConfig                    0x08000ea8   Section        0  stm32f1xx_hal_rcc.o(i.HAL_RCC_ClockConfig)
    i.HAL_RCC_GetPCLK1Freq                   0x08000fd4   Section        0  stm32f1xx_hal_rcc.o(i.HAL_RCC_GetPCLK1Freq)
    i.HAL_RCC_GetPCLK2Freq                   0x08000ff4   Section        0  stm32f1xx_hal_rcc.o(i.HAL_RCC_GetPCLK2Freq)
    i.HAL_RCC_GetSysClockFreq                0x08001014   Section        0  stm32f1xx_hal_rcc.o(i.HAL_RCC_GetSysClockFreq)
    i.HAL_RCC_OscConfig                      0x08001060   Section        0  stm32f1xx_hal_rcc.o(i.HAL_RCC_OscConfig)
    i.HAL_SPI_Init                           0x08001380   Section        0  stm32f1xx_hal_spi.o(i.HAL_SPI_Init)
    i.HAL_SPI_MspInit                        0x08001434   Section        0  spi.o(i.HAL_SPI_MspInit)
    i.HAL_SPI_TransmitReceive                0x080014a4   Section        0  stm32f1xx_hal_spi.o(i.HAL_SPI_TransmitReceive)
    i.HAL_SYSTICK_Config                     0x08001694   Section        0  stm32f1xx_hal_cortex.o(i.HAL_SYSTICK_Config)
    i.HAL_UARTEx_RxEventCallback             0x080016bc   Section        0  stm32f1xx_hal_uart.o(i.HAL_UARTEx_RxEventCallback)
    i.HAL_UART_ErrorCallback                 0x080016be   Section        0  stm32f1xx_hal_uart.o(i.HAL_UART_ErrorCallback)
    i.HAL_UART_IRQHandler                    0x080016c0   Section        0  stm32f1xx_hal_uart.o(i.HAL_UART_IRQHandler)
    i.HAL_UART_Init                          0x0800192c   Section        0  stm32f1xx_hal_uart.o(i.HAL_UART_Init)
    i.HAL_UART_MspInit                       0x08001990   Section        0  usart.o(i.HAL_UART_MspInit)
    i.HAL_UART_Receive_IT                    0x08001a10   Section        0  stm32f1xx_hal_uart.o(i.HAL_UART_Receive_IT)
    i.HAL_UART_RxCpltCallback                0x08001a2c   Section        0  stm32f1xx_it.o(i.HAL_UART_RxCpltCallback)
    i.HAL_UART_TxCpltCallback                0x08001a68   Section        0  stm32f1xx_hal_uart.o(i.HAL_UART_TxCpltCallback)
    i.HardFault_Handler                      0x08001a6a   Section        0  stm32f1xx_it.o(i.HardFault_Handler)
    i.I2C_Start                              0x08001a6c   Section        0  oled.o(i.I2C_Start)
    i.I2C_Stop                               0x08001ab0   Section        0  oled.o(i.I2C_Stop)
    i.I2C_WaitAck                            0x08001ae4   Section        0  oled.o(i.I2C_WaitAck)
    i.IIC_delay                              0x08001b1c   Section        0  oled.o(i.IIC_delay)
    i.KeyToNumber                            0x08001b26   Section        0  ui.o(i.KeyToNumber)
    KeyToNumber                              0x08001b27   Thumb Code    66  ui.o(i.KeyToNumber)
    i.Key_Scan                               0x08001b68   Section        0  main.o(i.Key_Scan)
    i.MFRC_ClrBitMask                        0x08001d00   Section        0  rc522.o(i.MFRC_ClrBitMask)
    i.MFRC_CmdFrame                          0x08001d18   Section        0  rc522.o(i.MFRC_CmdFrame)
    i.MFRC_Init                              0x08001e38   Section        0  rc522.o(i.MFRC_Init)
    i.MFRC_ReadReg                           0x08001e5c   Section        0  rc522.o(i.MFRC_ReadReg)
    i.MFRC_SetBitMask                        0x08001e94   Section        0  rc522.o(i.MFRC_SetBitMask)
    i.MFRC_WriteReg                          0x08001eac   Section        0  rc522.o(i.MFRC_WriteReg)
    i.MX_GPIO_Init                           0x08001ee0   Section        0  gpio.o(i.MX_GPIO_Init)
    i.MX_SPI1_Init                           0x08001ff4   Section        0  spi.o(i.MX_SPI1_Init)
    i.MX_USART3_UART_Init                    0x0800203c   Section        0  usart.o(i.MX_USART3_UART_Init)
    i.MemManage_Handler                      0x08002084   Section        0  stm32f1xx_it.o(i.MemManage_Handler)
    i.NMI_Handler                            0x08002086   Section        0  stm32f1xx_it.o(i.NMI_Handler)
    i.OLED_Clear                             0x08002088   Section        0  oled.o(i.OLED_Clear)
    i.OLED_DrawPoint                         0x080020b4   Section        0  oled.o(i.OLED_DrawPoint)
    i.OLED_Init                              0x080020e0   Section        0  oled.o(i.OLED_Init)
    i.OLED_Pow                               0x080021ba   Section        0  oled.o(i.OLED_Pow)
    i.OLED_Refresh                           0x080021cc   Section        0  oled.o(i.OLED_Refresh)
    i.OLED_ShowChar                          0x08002234   Section        0  oled.o(i.OLED_ShowChar)
    i.OLED_ShowHex                           0x08002318   Section        0  oled.o(i.OLED_ShowHex)
    i.OLED_ShowNum                           0x08002374   Section        0  oled.o(i.OLED_ShowNum)
    i.OLED_ShowString                        0x080023e2   Section        0  oled.o(i.OLED_ShowString)
    i.OLED_WR_Byte                           0x0800241e   Section        0  oled.o(i.OLED_WR_Byte)
    i.PCD_AntennaOff                         0x08002454   Section        0  rc522.o(i.PCD_AntennaOff)
    i.PCD_AntennaOn                          0x0800245c   Section        0  rc522.o(i.PCD_AntennaOn)
    i.PCD_Anticoll                           0x08002476   Section        0  rc522.o(i.PCD_Anticoll)
    i.PCD_Init                               0x080024e0   Section        0  rc522.o(i.PCD_Init)
    i.PCD_Request                            0x080024f6   Section        0  rc522.o(i.PCD_Request)
    i.PCD_Reset                              0x08002548   Section        0  rc522.o(i.PCD_Reset)
    i.PendSV_Handler                         0x080025d0   Section        0  stm32f1xx_it.o(i.PendSV_Handler)
    i.SPI1_RW_Byte                           0x080025d4   Section        0  rc522.o(i.SPI1_RW_Byte)
    i.SPI_EndRxTxTransaction                 0x080025f4   Section        0  stm32f1xx_hal_spi.o(i.SPI_EndRxTxTransaction)
    SPI_EndRxTxTransaction                   0x080025f5   Thumb Code    52  stm32f1xx_hal_spi.o(i.SPI_EndRxTxTransaction)
    i.SPI_WaitFlagStateUntilTimeout          0x08002628   Section        0  stm32f1xx_hal_spi.o(i.SPI_WaitFlagStateUntilTimeout)
    SPI_WaitFlagStateUntilTimeout            0x08002629   Thumb Code   180  stm32f1xx_hal_spi.o(i.SPI_WaitFlagStateUntilTimeout)
    i.SVC_Handler                            0x080026e0   Section        0  stm32f1xx_it.o(i.SVC_Handler)
    i.Send_Byte                              0x080026e4   Section        0  oled.o(i.Send_Byte)
    i.SysTick_Handler                        0x08002738   Section        0  stm32f1xx_it.o(i.SysTick_Handler)
    i.SystemClock_Config                     0x0800273c   Section        0  main.o(i.SystemClock_Config)
    i.SystemInit                             0x0800279a   Section        0  system_stm32f1xx.o(i.SystemInit)
    i.UART_DMAAbortOnError                   0x0800279c   Section        0  stm32f1xx_hal_uart.o(i.UART_DMAAbortOnError)
    UART_DMAAbortOnError                     0x0800279d   Thumb Code    16  stm32f1xx_hal_uart.o(i.UART_DMAAbortOnError)
    i.UART_EndRxTransfer                     0x080027ac   Section        0  stm32f1xx_hal_uart.o(i.UART_EndRxTransfer)
    UART_EndRxTransfer                       0x080027ad   Thumb Code    78  stm32f1xx_hal_uart.o(i.UART_EndRxTransfer)
    i.UART_Receive_IT                        0x080027fa   Section        0  stm32f1xx_hal_uart.o(i.UART_Receive_IT)
    UART_Receive_IT                          0x080027fb   Thumb Code   194  stm32f1xx_hal_uart.o(i.UART_Receive_IT)
    i.UART_SetConfig                         0x080028bc   Section        0  stm32f1xx_hal_uart.o(i.UART_SetConfig)
    UART_SetConfig                           0x080028bd   Thumb Code   178  stm32f1xx_hal_uart.o(i.UART_SetConfig)
    i.UART_Start_Receive_IT                  0x08002974   Section        0  stm32f1xx_hal_uart.o(i.UART_Start_Receive_IT)
    i.UI_CheckTwoCards                       0x080029aa   Section        0  ui.o(i.UI_CheckTwoCards)
    i.UI_DebugShowCards                      0x080029ec   Section        0  ui.o(i.UI_DebugShowCards)
    i.UI_DisplayIdle                         0x08002aac   Section        0  ui.o(i.UI_DisplayIdle)
    i.UI_EnterSelectMode                     0x08002ab0   Section        0  ui.o(i.UI_EnterSelectMode)
    i.UI_HandleKey                           0x08002ac4   Section        0  ui.o(i.UI_HandleKey)
    i.UI_Init                                0x08002bbc   Section        0  ui.o(i.UI_Init)
    i.UI_Process                             0x08002bd0   Section        0  ui.o(i.UI_Process)
    i.USART3_IRQHandler                      0x08002d08   Section        0  stm32f1xx_it.o(i.USART3_IRQHandler)
    i.UsageFault_Handler                     0x08002d14   Section        0  stm32f1xx_it.o(i.UsageFault_Handler)
    i.__NVIC_SetPriority                     0x08002d16   Section        0  stm32f1xx_hal_cortex.o(i.__NVIC_SetPriority)
    __NVIC_SetPriority                       0x08002d17   Thumb Code    32  stm32f1xx_hal_cortex.o(i.__NVIC_SetPriority)
    i.main                                   0x08002d38   Section        0  main.o(i.main)
    .constdata                               0x08002da0   Section       18  stm32f1xx_hal_rcc.o(.constdata)
    aPredivFactorTable                       0x08002da0   Data           2  stm32f1xx_hal_rcc.o(.constdata)
    aPLLMULFactorTable                       0x08002da2   Data          16  stm32f1xx_hal_rcc.o(.constdata)
    .constdata                               0x08002db2   Section       16  system_stm32f1xx.o(.constdata)
    .constdata                               0x08002dc2   Section        8  system_stm32f1xx.o(.constdata)
    .constdata                               0x08002dca   Section     6632  oled.o(.constdata)
    .data                                    0x20000000   Section        1  main.o(.data)
    lastKey                                  0x20000000   Data           1  main.o(.data)
    .data                                    0x20000004   Section       12  stm32f1xx_hal.o(.data)
    .data                                    0x20000010   Section        4  system_stm32f1xx.o(.data)
    .data                                    0x20000014   Section        8  as608.o(.data)
    .data                                    0x2000001c   Section        4  ui.o(.data)
    currentState                             0x2000001c   Data           1  ui.o(.data)
    selectedType                             0x2000001d   Data           1  ui.o(.data)
    displayPage                              0x2000001e   Data           1  ui.o(.data)
    selectedMode                             0x2000001f   Data           1  ui.o(.data)
    .bss                                     0x20000020   Section       88  spi.o(.bss)
    .bss                                     0x20000078   Section       72  usart.o(.bss)
    .bss                                     0x200000c0   Section       32  stm32f1xx_hal_flash.o(.bss)
    .bss                                     0x200000e0   Section     1152  oled.o(.bss)
    .bss                                     0x20000560   Section      256  as608.o(.bss)
    .bss                                     0x20000660   Section       96  libspace.o(.bss)
    HEAP                                     0x200006c0   Section      512  startup_stm32f103xb.o(HEAP)
    Heap_Mem                                 0x200006c0   Data         512  startup_stm32f103xb.o(HEAP)
    STACK                                    0x200008c0   Section     1024  startup_stm32f103xb.o(STACK)
    Stack_Mem                                0x200008c0   Data        1024  startup_stm32f103xb.o(STACK)
    __initial_sp                             0x20000cc0   Data           0  startup_stm32f103xb.o(STACK)

    Global Symbols

    Symbol Name                              Value     Ov Type        Size  Object(Section)

    BuildAttributes$$THM_ISAv4$P$D$K$B$S$PE$A:L22UL41UL21$X:L11$S22US41US21$IEEE1$IW$USESV6$~STKCKD$USESV7$~SHL$OSPACE$ROPI$EBA8$UX$STANDARDLIB$REQ8$PRES8$EABIv2 0x00000000   Number         0  anon$$obj.o ABSOLUTE
    __ARM_use_no_argv                        0x00000000   Number         0  main.o ABSOLUTE
    __ARM_exceptions_init                     - Undefined Weak Reference
    __alloca_initialize                       - Undefined Weak Reference
    __arm_preinit_                            - Undefined Weak Reference
    __cpp_initialize__aeabi_                  - Undefined Weak Reference
    __cxa_finalize                            - Undefined Weak Reference
    __rt_locale                               - Undefined Weak Reference
    __sigvec_lookup                           - Undefined Weak Reference
    _atexit_init                              - Undefined Weak Reference
    _call_atexit_fns                          - Undefined Weak Reference
    _clock_init                               - Undefined Weak Reference
    _fp_trap_init                             - Undefined Weak Reference
    _fp_trap_shutdown                         - Undefined Weak Reference
    _get_lc_collate                           - Undefined Weak Reference
    _get_lc_ctype                             - Undefined Weak Reference
    _get_lc_monetary                          - Undefined Weak Reference
    _get_lc_numeric                           - Undefined Weak Reference
    _get_lc_time                              - Undefined Weak Reference
    _getenv_init                              - Undefined Weak Reference
    _handle_redirection                       - Undefined Weak Reference
    _init_alloc                               - Undefined Weak Reference
    _init_user_alloc                          - Undefined Weak Reference
    _initio                                   - Undefined Weak Reference
    _rand_init                                - Undefined Weak Reference
    _signal_finish                            - Undefined Weak Reference
    _signal_init                              - Undefined Weak Reference
    _terminate_alloc                          - Undefined Weak Reference
    _terminate_user_alloc                     - Undefined Weak Reference
    _terminateio                              - Undefined Weak Reference
    __Vectors_Size                           0x000000ec   Number         0  startup_stm32f103xb.o ABSOLUTE
    __Vectors                                0x08000000   Data           4  startup_stm32f103xb.o(RESET)
    __Vectors_End                            0x080000ec   Data           0  startup_stm32f103xb.o(RESET)
    __main                                   0x080000ed   Thumb Code     8  __main.o(!!!main)
    __scatterload                            0x080000f5   Thumb Code     0  __scatter.o(!!!scatter)
    __scatterload_rt2                        0x080000f5   Thumb Code    44  __scatter.o(!!!scatter)
    __scatterload_rt2_thumb_only             0x080000f5   Thumb Code     0  __scatter.o(!!!scatter)
    __scatterload_null                       0x08000103   Thumb Code     0  __scatter.o(!!!scatter)
    __scatterload_copy                       0x08000129   Thumb Code    26  __scatter_copy.o(!!handler_copy)
    __scatterload_zeroinit                   0x08000145   Thumb Code    28  __scatter_zi.o(!!handler_zi)
    __rt_lib_init                            0x08000161   Thumb Code     0  libinit.o(.ARM.Collect$$libinit$$00000000)
    __rt_lib_init_alloca_1                   0x08000163   Thumb Code     0  libinit2.o(.ARM.Collect$$libinit$$0000002E)
    __rt_lib_init_argv_1                     0x08000163   Thumb Code     0  libinit2.o(.ARM.Collect$$libinit$$0000002C)
    __rt_lib_init_atexit_1                   0x08000163   Thumb Code     0  libinit2.o(.ARM.Collect$$libinit$$0000001B)
    __rt_lib_init_clock_1                    0x08000163   Thumb Code     0  libinit2.o(.ARM.Collect$$libinit$$00000021)
    __rt_lib_init_cpp_1                      0x08000163   Thumb Code     0  libinit2.o(.ARM.Collect$$libinit$$00000032)
    __rt_lib_init_exceptions_1               0x08000163   Thumb Code     0  libinit2.o(.ARM.Collect$$libinit$$00000030)
    __rt_lib_init_fp_1                       0x08000163   Thumb Code     0  libinit2.o(.ARM.Collect$$libinit$$00000002)
    __rt_lib_init_fp_trap_1                  0x08000163   Thumb Code     0  libinit2.o(.ARM.Collect$$libinit$$0000001F)
    __rt_lib_init_getenv_1                   0x08000163   Thumb Code     0  libinit2.o(.ARM.Collect$$libinit$$00000023)
    __rt_lib_init_heap_1                     0x08000163   Thumb Code     0  libinit2.o(.ARM.Collect$$libinit$$0000000A)
    __rt_lib_init_lc_collate_1               0x08000163   Thumb Code     0  libinit2.o(.ARM.Collect$$libinit$$00000011)
    __rt_lib_init_lc_ctype_1                 0x08000163   Thumb Code     0  libinit2.o(.ARM.Collect$$libinit$$00000013)
    __rt_lib_init_lc_monetary_1              0x08000163   Thumb Code     0  libinit2.o(.ARM.Collect$$libinit$$00000015)
    __rt_lib_init_lc_numeric_1               0x08000163   Thumb Code     0  libinit2.o(.ARM.Collect$$libinit$$00000017)
    __rt_lib_init_lc_time_1                  0x08000163   Thumb Code     0  libinit2.o(.ARM.Collect$$libinit$$00000019)
    __rt_lib_init_preinit_1                  0x08000163   Thumb Code     0  libinit2.o(.ARM.Collect$$libinit$$00000004)
    __rt_lib_init_rand_1                     0x08000163   Thumb Code     0  libinit2.o(.ARM.Collect$$libinit$$0000000E)
    __rt_lib_init_return                     0x08000163   Thumb Code     0  libinit2.o(.ARM.Collect$$libinit$$00000033)
    __rt_lib_init_signal_1                   0x08000163   Thumb Code     0  libinit2.o(.ARM.Collect$$libinit$$0000001D)
    __rt_lib_init_stdio_1                    0x08000163   Thumb Code     0  libinit2.o(.ARM.Collect$$libinit$$00000025)
    __rt_lib_init_user_alloc_1               0x08000163   Thumb Code     0  libinit2.o(.ARM.Collect$$libinit$$0000000C)
    __rt_lib_shutdown                        0x08000165   Thumb Code     0  libshutdown.o(.ARM.Collect$$libshutdown$$00000000)
    __rt_lib_shutdown_cpp_1                  0x08000167   Thumb Code     0  libshutdown2.o(.ARM.Collect$$libshutdown$$00000002)
    __rt_lib_shutdown_fp_trap_1              0x08000167   Thumb Code     0  libshutdown2.o(.ARM.Collect$$libshutdown$$00000007)
    __rt_lib_shutdown_heap_1                 0x08000167   Thumb Code     0  libshutdown2.o(.ARM.Collect$$libshutdown$$0000000F)
    __rt_lib_shutdown_return                 0x08000167   Thumb Code     0  libshutdown2.o(.ARM.Collect$$libshutdown$$00000010)
    __rt_lib_shutdown_signal_1               0x08000167   Thumb Code     0  libshutdown2.o(.ARM.Collect$$libshutdown$$0000000A)
    __rt_lib_shutdown_stdio_1                0x08000167   Thumb Code     0  libshutdown2.o(.ARM.Collect$$libshutdown$$00000004)
    __rt_lib_shutdown_user_alloc_1           0x08000167   Thumb Code     0  libshutdown2.o(.ARM.Collect$$libshutdown$$0000000C)
    __rt_entry                               0x08000169   Thumb Code     0  __rtentry.o(.ARM.Collect$$rtentry$$00000000)
    __rt_entry_presh_1                       0x08000169   Thumb Code     0  __rtentry2.o(.ARM.Collect$$rtentry$$00000002)
    __rt_entry_sh                            0x08000169   Thumb Code     0  __rtentry4.o(.ARM.Collect$$rtentry$$00000004)
    __rt_entry_li                            0x0800016f   Thumb Code     0  __rtentry2.o(.ARM.Collect$$rtentry$$0000000A)
    __rt_entry_postsh_1                      0x0800016f   Thumb Code     0  __rtentry2.o(.ARM.Collect$$rtentry$$00000009)
    __rt_entry_main                          0x08000173   Thumb Code     0  __rtentry2.o(.ARM.Collect$$rtentry$$0000000D)
    __rt_entry_postli_1                      0x08000173   Thumb Code     0  __rtentry2.o(.ARM.Collect$$rtentry$$0000000C)
    __rt_exit                                0x0800017b   Thumb Code     0  rtexit.o(.ARM.Collect$$rtexit$$00000000)
    __rt_exit_ls                             0x0800017d   Thumb Code     0  rtexit2.o(.ARM.Collect$$rtexit$$00000003)
    __rt_exit_prels_1                        0x0800017d   Thumb Code     0  rtexit2.o(.ARM.Collect$$rtexit$$00000002)
    __rt_exit_exit                           0x08000181   Thumb Code     0  rtexit2.o(.ARM.Collect$$rtexit$$00000004)
    Reset_Handler                            0x08000189   Thumb Code     8  startup_stm32f103xb.o(.text)
    ADC1_2_IRQHandler                        0x080001a3   Thumb Code     0  startup_stm32f103xb.o(.text)
    CAN1_RX1_IRQHandler                      0x080001a3   Thumb Code     0  startup_stm32f103xb.o(.text)
    CAN1_SCE_IRQHandler                      0x080001a3   Thumb Code     0  startup_stm32f103xb.o(.text)
    DMA1_Channel1_IRQHandler                 0x080001a3   Thumb Code     0  startup_stm32f103xb.o(.text)
    DMA1_Channel2_IRQHandler                 0x080001a3   Thumb Code     0  startup_stm32f103xb.o(.text)
    DMA1_Channel3_IRQHandler                 0x080001a3   Thumb Code     0  startup_stm32f103xb.o(.text)
    DMA1_Channel4_IRQHandler                 0x080001a3   Thumb Code     0  startup_stm32f103xb.o(.text)
    DMA1_Channel5_IRQHandler                 0x080001a3   Thumb Code     0  startup_stm32f103xb.o(.text)
    DMA1_Channel6_IRQHandler                 0x080001a3   Thumb Code     0  startup_stm32f103xb.o(.text)
    DMA1_Channel7_IRQHandler                 0x080001a3   Thumb Code     0  startup_stm32f103xb.o(.text)
    EXTI0_IRQHandler                         0x080001a3   Thumb Code     0  startup_stm32f103xb.o(.text)
    EXTI15_10_IRQHandler                     0x080001a3   Thumb Code     0  startup_stm32f103xb.o(.text)
    EXTI1_IRQHandler                         0x080001a3   Thumb Code     0  startup_stm32f103xb.o(.text)
    EXTI2_IRQHandler                         0x080001a3   Thumb Code     0  startup_stm32f103xb.o(.text)
    EXTI3_IRQHandler                         0x080001a3   Thumb Code     0  startup_stm32f103xb.o(.text)
    EXTI4_IRQHandler                         0x080001a3   Thumb Code     0  startup_stm32f103xb.o(.text)
    EXTI9_5_IRQHandler                       0x080001a3   Thumb Code     0  startup_stm32f103xb.o(.text)
    FLASH_IRQHandler                         0x080001a3   Thumb Code     0  startup_stm32f103xb.o(.text)
    I2C1_ER_IRQHandler                       0x080001a3   Thumb Code     0  startup_stm32f103xb.o(.text)
    I2C1_EV_IRQHandler                       0x080001a3   Thumb Code     0  startup_stm32f103xb.o(.text)
    I2C2_ER_IRQHandler                       0x080001a3   Thumb Code     0  startup_stm32f103xb.o(.text)
    I2C2_EV_IRQHandler                       0x080001a3   Thumb Code     0  startup_stm32f103xb.o(.text)
    PVD_IRQHandler                           0x080001a3   Thumb Code     0  startup_stm32f103xb.o(.text)
    RCC_IRQHandler                           0x080001a3   Thumb Code     0  startup_stm32f103xb.o(.text)
    RTC_Alarm_IRQHandler                     0x080001a3   Thumb Code     0  startup_stm32f103xb.o(.text)
    RTC_IRQHandler                           0x080001a3   Thumb Code     0  startup_stm32f103xb.o(.text)
    SPI1_IRQHandler                          0x080001a3   Thumb Code     0  startup_stm32f103xb.o(.text)
    SPI2_IRQHandler                          0x080001a3   Thumb Code     0  startup_stm32f103xb.o(.text)
    TAMPER_IRQHandler                        0x080001a3   Thumb Code     0  startup_stm32f103xb.o(.text)
    TIM1_BRK_IRQHandler                      0x080001a3   Thumb Code     0  startup_stm32f103xb.o(.text)
    TIM1_CC_IRQHandler                       0x080001a3   Thumb Code     0  startup_stm32f103xb.o(.text)
    TIM1_TRG_COM_IRQHandler                  0x080001a3   Thumb Code     0  startup_stm32f103xb.o(.text)
    TIM1_UP_IRQHandler                       0x080001a3   Thumb Code     0  startup_stm32f103xb.o(.text)
    TIM2_IRQHandler                          0x080001a3   Thumb Code     0  startup_stm32f103xb.o(.text)
    TIM3_IRQHandler                          0x080001a3   Thumb Code     0  startup_stm32f103xb.o(.text)
    TIM4_IRQHandler                          0x080001a3   Thumb Code     0  startup_stm32f103xb.o(.text)
    USART1_IRQHandler                        0x080001a3   Thumb Code     0  startup_stm32f103xb.o(.text)
    USART2_IRQHandler                        0x080001a3   Thumb Code     0  startup_stm32f103xb.o(.text)
    USBWakeUp_IRQHandler                     0x080001a3   Thumb Code     0  startup_stm32f103xb.o(.text)
    USB_HP_CAN1_TX_IRQHandler                0x080001a3   Thumb Code     0  startup_stm32f103xb.o(.text)
    USB_LP_CAN1_RX0_IRQHandler               0x080001a3   Thumb Code     0  startup_stm32f103xb.o(.text)
    WWDG_IRQHandler                          0x080001a3   Thumb Code     0  startup_stm32f103xb.o(.text)
    __user_initial_stackheap                 0x080001a5   Thumb Code     0  startup_stm32f103xb.o(.text)
    __aeabi_llsr                             0x080001c9   Thumb Code     0  llushr.o(.text)
    _ll_ushift_r                             0x080001c9   Thumb Code    38  llushr.o(.text)
    __aeabi_memclr4                          0x080001ef   Thumb Code     0  rt_memclr_w.o(.text)
    __aeabi_memclr8                          0x080001ef   Thumb Code     0  rt_memclr_w.o(.text)
    __rt_memclr_w                            0x080001ef   Thumb Code    78  rt_memclr_w.o(.text)
    _memset_w                                0x080001f3   Thumb Code     0  rt_memclr_w.o(.text)
    __use_two_region_memory                  0x0800023d   Thumb Code     2  heapauxi.o(.text)
    __rt_heap_escrow$2region                 0x0800023f   Thumb Code     2  heapauxi.o(.text)
    __rt_heap_expand$2region                 0x08000241   Thumb Code     2  heapauxi.o(.text)
    __user_setup_stackheap                   0x08000243   Thumb Code    74  sys_stackheap_outer.o(.text)
    exit                                     0x0800028d   Thumb Code    18  exit.o(.text)
    __user_libspace                          0x080002a1   Thumb Code     8  libspace.o(.text)
    __user_perproc_libspace                  0x080002a1   Thumb Code     0  libspace.o(.text)
    __user_perthread_libspace                0x080002a1   Thumb Code     0  libspace.o(.text)
    _sys_exit                                0x080002a9   Thumb Code     8  sys_exit.o(.text)
    __I$use$semihosting                      0x080002b5   Thumb Code     0  use_no_semi.o(.text)
    __use_no_semihosting_swi                 0x080002b5   Thumb Code     2  use_no_semi.o(.text)
    AS608_Init                               0x080002b7   Thumb Code    40  as608.o(i.AS608_Init)
    __semihosting_library_function           0x080002b7   Thumb Code     0  indicate_semi.o(.text)
    BusFault_Handler                         0x080002df   Thumb Code     2  stm32f1xx_it.o(i.BusFault_Handler)
    DebugMon_Handler                         0x080002e1   Thumb Code     2  stm32f1xx_it.o(i.DebugMon_Handler)
    Error_Handler                            0x080006f1   Thumb Code     4  main.o(i.Error_Handler)
    FLASH_PageErase                          0x08000719   Thumb Code    28  stm32f1xx_hal_flash_ex.o(i.FLASH_PageErase)
    FLASH_WaitForLastOperation               0x080007b5   Thumb Code    80  stm32f1xx_hal_flash.o(i.FLASH_WaitForLastOperation)
    Flash_AddNFCID                           0x08000809   Thumb Code   102  flash.o(i.Flash_AddNFCID)
    Flash_Init                               0x08000879   Thumb Code    82  flash.o(i.Flash_Init)
    Flash_ReadNFCIDs                         0x080008d9   Thumb Code    52  flash.o(i.Flash_ReadNFCIDs)
    HAL_DMA_Abort                            0x08000911   Thumb Code    70  stm32f1xx_hal_dma.o(i.HAL_DMA_Abort)
    HAL_DMA_Abort_IT                         0x08000959   Thumb Code   148  stm32f1xx_hal_dma.o(i.HAL_DMA_Abort_IT)
    HAL_Delay                                0x080009f1   Thumb Code    32  stm32f1xx_hal.o(i.HAL_Delay)
    HAL_FLASHEx_Erase                        0x08000a15   Thumb Code   160  stm32f1xx_hal_flash_ex.o(i.HAL_FLASHEx_Erase)
    HAL_FLASH_Lock                           0x08000abd   Thumb Code    14  stm32f1xx_hal_flash.o(i.HAL_FLASH_Lock)
    HAL_FLASH_Program                        0x08000ad1   Thumb Code   120  stm32f1xx_hal_flash.o(i.HAL_FLASH_Program)
    HAL_FLASH_Unlock                         0x08000b51   Thumb Code    28  stm32f1xx_hal_flash.o(i.HAL_FLASH_Unlock)
    HAL_GPIO_Init                            0x08000b79   Thumb Code   446  stm32f1xx_hal_gpio.o(i.HAL_GPIO_Init)
    HAL_GPIO_ReadPin                         0x08000d59   Thumb Code    10  stm32f1xx_hal_gpio.o(i.HAL_GPIO_ReadPin)
    HAL_GPIO_WritePin                        0x08000d63   Thumb Code    10  stm32f1xx_hal_gpio.o(i.HAL_GPIO_WritePin)
    HAL_GetTick                              0x08000d6d   Thumb Code     6  stm32f1xx_hal.o(i.HAL_GetTick)
    HAL_IncTick                              0x08000d79   Thumb Code    12  stm32f1xx_hal.o(i.HAL_IncTick)
    HAL_Init                                 0x08000d89   Thumb Code    32  stm32f1xx_hal.o(i.HAL_Init)
    HAL_InitTick                             0x08000dad   Thumb Code    54  stm32f1xx_hal.o(i.HAL_InitTick)
    HAL_MspInit                              0x08000ded   Thumb Code    52  stm32f1xx_hal_msp.o(i.HAL_MspInit)
    HAL_NVIC_EnableIRQ                       0x08000e29   Thumb Code    26  stm32f1xx_hal_cortex.o(i.HAL_NVIC_EnableIRQ)
    HAL_NVIC_SetPriority                     0x08000e45   Thumb Code    60  stm32f1xx_hal_cortex.o(i.HAL_NVIC_SetPriority)
    HAL_NVIC_SetPriorityGrouping             0x08000e85   Thumb Code    26  stm32f1xx_hal_cortex.o(i.HAL_NVIC_SetPriorityGrouping)
    HAL_RCC_ClockConfig                      0x08000ea9   Thumb Code   280  stm32f1xx_hal_rcc.o(i.HAL_RCC_ClockConfig)
    HAL_RCC_GetPCLK1Freq                     0x08000fd5   Thumb Code    20  stm32f1xx_hal_rcc.o(i.HAL_RCC_GetPCLK1Freq)
    HAL_RCC_GetPCLK2Freq                     0x08000ff5   Thumb Code    20  stm32f1xx_hal_rcc.o(i.HAL_RCC_GetPCLK2Freq)
    HAL_RCC_GetSysClockFreq                  0x08001015   Thumb Code    58  stm32f1xx_hal_rcc.o(i.HAL_RCC_GetSysClockFreq)
    HAL_RCC_OscConfig                        0x08001061   Thumb Code   778  stm32f1xx_hal_rcc.o(i.HAL_RCC_OscConfig)
    HAL_SPI_Init                             0x08001381   Thumb Code   178  stm32f1xx_hal_spi.o(i.HAL_SPI_Init)
    HAL_SPI_MspInit                          0x08001435   Thumb Code    98  spi.o(i.HAL_SPI_MspInit)
    HAL_SPI_TransmitReceive                  0x080014a5   Thumb Code   496  stm32f1xx_hal_spi.o(i.HAL_SPI_TransmitReceive)
    HAL_SYSTICK_Config                       0x08001695   Thumb Code    40  stm32f1xx_hal_cortex.o(i.HAL_SYSTICK_Config)
    HAL_UARTEx_RxEventCallback               0x080016bd   Thumb Code     2  stm32f1xx_hal_uart.o(i.HAL_UARTEx_RxEventCallback)
    HAL_UART_ErrorCallback                   0x080016bf   Thumb Code     2  stm32f1xx_hal_uart.o(i.HAL_UART_ErrorCallback)
    HAL_UART_IRQHandler                      0x080016c1   Thumb Code   616  stm32f1xx_hal_uart.o(i.HAL_UART_IRQHandler)
    HAL_UART_Init                            0x0800192d   Thumb Code   100  stm32f1xx_hal_uart.o(i.HAL_UART_Init)
    HAL_UART_MspInit                         0x08001991   Thumb Code   116  usart.o(i.HAL_UART_MspInit)
    HAL_UART_Receive_IT                      0x08001a11   Thumb Code    28  stm32f1xx_hal_uart.o(i.HAL_UART_Receive_IT)
    HAL_UART_RxCpltCallback                  0x08001a2d   Thumb Code    48  stm32f1xx_it.o(i.HAL_UART_RxCpltCallback)
    HAL_UART_TxCpltCallback                  0x08001a69   Thumb Code     2  stm32f1xx_hal_uart.o(i.HAL_UART_TxCpltCallback)
    HardFault_Handler                        0x08001a6b   Thumb Code     2  stm32f1xx_it.o(i.HardFault_Handler)
    I2C_Start                                0x08001a6d   Thumb Code    64  oled.o(i.I2C_Start)
    I2C_Stop                                 0x08001ab1   Thumb Code    46  oled.o(i.I2C_Stop)
    I2C_WaitAck                              0x08001ae5   Thumb Code    52  oled.o(i.I2C_WaitAck)
    IIC_delay                                0x08001b1d   Thumb Code    10  oled.o(i.IIC_delay)
    Key_Scan                                 0x08001b69   Thumb Code   396  main.o(i.Key_Scan)
    MFRC_ClrBitMask                          0x08001d01   Thumb Code    24  rc522.o(i.MFRC_ClrBitMask)
    MFRC_CmdFrame                            0x08001d19   Thumb Code   282  rc522.o(i.MFRC_CmdFrame)
    MFRC_Init                                0x08001e39   Thumb Code    26  rc522.o(i.MFRC_Init)
    MFRC_ReadReg                             0x08001e5d   Thumb Code    52  rc522.o(i.MFRC_ReadReg)
    MFRC_SetBitMask                          0x08001e95   Thumb Code    24  rc522.o(i.MFRC_SetBitMask)
    MFRC_WriteReg                            0x08001ead   Thumb Code    48  rc522.o(i.MFRC_WriteReg)
    MX_GPIO_Init                             0x08001ee1   Thumb Code   260  gpio.o(i.MX_GPIO_Init)
    MX_SPI1_Init                             0x08001ff5   Thumb Code    62  spi.o(i.MX_SPI1_Init)
    MX_USART3_UART_Init                      0x0800203d   Thumb Code    60  usart.o(i.MX_USART3_UART_Init)
    MemManage_Handler                        0x08002085   Thumb Code     2  stm32f1xx_it.o(i.MemManage_Handler)
    NMI_Handler                              0x08002087   Thumb Code     2  stm32f1xx_it.o(i.NMI_Handler)
    OLED_Clear                               0x08002089   Thumb Code    40  oled.o(i.OLED_Clear)
    OLED_DrawPoint                           0x080020b5   Thumb Code    40  oled.o(i.OLED_DrawPoint)
    OLED_Init                                0x080020e1   Thumb Code   218  oled.o(i.OLED_Init)
    OLED_Pow                                 0x080021bb   Thumb Code    16  oled.o(i.OLED_Pow)
    OLED_Refresh                             0x080021cd   Thumb Code   100  oled.o(i.OLED_Refresh)
    OLED_ShowChar                            0x08002235   Thumb Code   212  oled.o(i.OLED_ShowChar)
    OLED_ShowHex                             0x08002319   Thumb Code    92  oled.o(i.OLED_ShowHex)
    OLED_ShowNum                             0x08002375   Thumb Code   110  oled.o(i.OLED_ShowNum)
    OLED_ShowString                          0x080023e3   Thumb Code    60  oled.o(i.OLED_ShowString)
    OLED_WR_Byte                             0x0800241f   Thumb Code    54  oled.o(i.OLED_WR_Byte)
    PCD_AntennaOff                           0x08002455   Thumb Code     8  rc522.o(i.PCD_AntennaOff)
    PCD_AntennaOn                            0x0800245d   Thumb Code    26  rc522.o(i.PCD_AntennaOn)
    PCD_Anticoll                             0x08002477   Thumb Code   106  rc522.o(i.PCD_Anticoll)
    PCD_Init                                 0x080024e1   Thumb Code    22  rc522.o(i.PCD_Init)
    PCD_Request                              0x080024f7   Thumb Code    80  rc522.o(i.PCD_Request)
    PCD_Reset                                0x08002549   Thumb Code   132  rc522.o(i.PCD_Reset)
    PendSV_Handler                           0x080025d1   Thumb Code     2  stm32f1xx_it.o(i.PendSV_Handler)
    SPI1_RW_Byte                             0x080025d5   Thumb Code    26  rc522.o(i.SPI1_RW_Byte)
    SVC_Handler                              0x080026e1   Thumb Code     2  stm32f1xx_it.o(i.SVC_Handler)
    Send_Byte                                0x080026e5   Thumb Code    78  oled.o(i.Send_Byte)
    SysTick_Handler                          0x08002739   Thumb Code     4  stm32f1xx_it.o(i.SysTick_Handler)
    SystemClock_Config                       0x0800273d   Thumb Code    94  main.o(i.SystemClock_Config)
    SystemInit                               0x0800279b   Thumb Code     2  system_stm32f1xx.o(i.SystemInit)
    UART_Start_Receive_IT                    0x08002975   Thumb Code    54  stm32f1xx_hal_uart.o(i.UART_Start_Receive_IT)
    UI_CheckTwoCards                         0x080029ab   Thumb Code    64  ui.o(i.UI_CheckTwoCards)
    UI_DebugShowCards                        0x080029ed   Thumb Code   158  ui.o(i.UI_DebugShowCards)
    UI_DisplayIdle                           0x08002aad   Thumb Code     4  ui.o(i.UI_DisplayIdle)
    UI_EnterSelectMode                       0x08002ab1   Thumb Code    14  ui.o(i.UI_EnterSelectMode)
    UI_HandleKey                             0x08002ac5   Thumb Code   244  ui.o(i.UI_HandleKey)
    UI_Init                                  0x08002bbd   Thumb Code    14  ui.o(i.UI_Init)
    UI_Process                               0x08002bd1   Thumb Code   238  ui.o(i.UI_Process)
    USART3_IRQHandler                        0x08002d09   Thumb Code     6  stm32f1xx_it.o(i.USART3_IRQHandler)
    UsageFault_Handler                       0x08002d15   Thumb Code     2  stm32f1xx_it.o(i.UsageFault_Handler)
    main                                     0x08002d39   Thumb Code    98  main.o(i.main)
    AHBPrescTable                            0x08002db2   Data          16  system_stm32f1xx.o(.constdata)
    APBPrescTable                            0x08002dc2   Data           8  system_stm32f1xx.o(.constdata)
    asc2_0806                                0x08002dca   Data         552  oled.o(.constdata)
    asc2_1206                                0x08002ff2   Data        1140  oled.o(.constdata)
    asc2_1608                                0x08003466   Data        1520  oled.o(.constdata)
    asc2_2412                                0x08003a56   Data        3420  oled.o(.constdata)
    Region$$Table$$Base                      0x080047b4   Number         0  anon$$obj.o(Region$$Table)
    Region$$Table$$Limit                     0x080047d4   Number         0  anon$$obj.o(Region$$Table)
    uwTickFreq                               0x20000004   Data           1  stm32f1xx_hal.o(.data)
    uwTickPrio                               0x20000008   Data           4  stm32f1xx_hal.o(.data)
    uwTick                                   0x2000000c   Data           4  stm32f1xx_hal.o(.data)
    SystemCoreClock                          0x20000010   Data           4  system_stm32f1xx.o(.data)
    USART3_RX_STA                            0x20000014   Data           2  as608.o(.data)
    AS608_Address                            0x20000018   Data           4  as608.o(.data)
    hspi1                                    0x20000020   Data          88  spi.o(.bss)
    huart3                                   0x20000078   Data          72  usart.o(.bss)
    pFlash                                   0x200000c0   Data          32  stm32f1xx_hal_flash.o(.bss)
    OLED_GRAM                                0x200000e0   Data        1152  oled.o(.bss)
    USART3_RX_BUF                            0x20000560   Data         256  as608.o(.bss)
    __libspace_start                         0x20000660   Data          96  libspace.o(.bss)
    __temporary_stack_top$libspace           0x200006c0   Data           0  libspace.o(.bss)



==============================================================================

Memory Map of the image

  Image Entry point : 0x080000ed

  Load Region LR_IROM1 (Base: 0x08000000, Size: 0x000047f4, Max: 0x00010000, ABSOLUTE)

    Execution Region ER_IROM1 (Exec base: 0x08000000, Load base: 0x08000000, Size: 0x000047d4, Max: 0x00010000, ABSOLUTE)

    Exec Addr    Load Addr    Size         Type   Attr      Idx    E Section Name        Object

    0x08000000   0x08000000   0x000000ec   Data   RO            3    RESET               startup_stm32f103xb.o
    0x080000ec   0x080000ec   0x00000008   Code   RO         2731  * !!!main             c_w.l(__main.o)
    0x080000f4   0x080000f4   0x00000034   Code   RO         2890    !!!scatter          c_w.l(__scatter.o)
    0x08000128   0x08000128   0x0000001a   Code   RO         2892    !!handler_copy      c_w.l(__scatter_copy.o)
    0x08000142   0x08000142   0x00000002   PAD
    0x08000144   0x08000144   0x0000001c   Code   RO         2894    !!handler_zi        c_w.l(__scatter_zi.o)
    0x08000160   0x08000160   0x00000002   Code   RO         2760    .ARM.Collect$$libinit$$00000000  c_w.l(libinit.o)
    0x08000162   0x08000162   0x00000000   Code   RO         2767    .ARM.Collect$$libinit$$00000002  c_w.l(libinit2.o)
    0x08000162   0x08000162   0x00000000   Code   RO         2769    .ARM.Collect$$libinit$$00000004  c_w.l(libinit2.o)
    0x08000162   0x08000162   0x00000000   Code   RO         2772    .ARM.Collect$$libinit$$0000000A  c_w.l(libinit2.o)
    0x08000162   0x08000162   0x00000000   Code   RO         2774    .ARM.Collect$$libinit$$0000000C  c_w.l(libinit2.o)
    0x08000162   0x08000162   0x00000000   Code   RO         2776    .ARM.Collect$$libinit$$0000000E  c_w.l(libinit2.o)
    0x08000162   0x08000162   0x00000000   Code   RO         2779    .ARM.Collect$$libinit$$00000011  c_w.l(libinit2.o)
    0x08000162   0x08000162   0x00000000   Code   RO         2781    .ARM.Collect$$libinit$$00000013  c_w.l(libinit2.o)
    0x08000162   0x08000162   0x00000000   Code   RO         2783    .ARM.Collect$$libinit$$00000015  c_w.l(libinit2.o)
    0x08000162   0x08000162   0x00000000   Code   RO         2785    .ARM.Collect$$libinit$$00000017  c_w.l(libinit2.o)
    0x08000162   0x08000162   0x00000000   Code   RO         2787    .ARM.Collect$$libinit$$00000019  c_w.l(libinit2.o)
    0x08000162   0x08000162   0x00000000   Code   RO         2789    .ARM.Collect$$libinit$$0000001B  c_w.l(libinit2.o)
    0x08000162   0x08000162   0x00000000   Code   RO         2791    .ARM.Collect$$libinit$$0000001D  c_w.l(libinit2.o)
    0x08000162   0x08000162   0x00000000   Code   RO         2793    .ARM.Collect$$libinit$$0000001F  c_w.l(libinit2.o)
    0x08000162   0x08000162   0x00000000   Code   RO         2795    .ARM.Collect$$libinit$$00000021  c_w.l(libinit2.o)
    0x08000162   0x08000162   0x00000000   Code   RO         2797    .ARM.Collect$$libinit$$00000023  c_w.l(libinit2.o)
    0x08000162   0x08000162   0x00000000   Code   RO         2799    .ARM.Collect$$libinit$$00000025  c_w.l(libinit2.o)
    0x08000162   0x08000162   0x00000000   Code   RO         2803    .ARM.Collect$$libinit$$0000002C  c_w.l(libinit2.o)
    0x08000162   0x08000162   0x00000000   Code   RO         2805    .ARM.Collect$$libinit$$0000002E  c_w.l(libinit2.o)
    0x08000162   0x08000162   0x00000000   Code   RO         2807    .ARM.Collect$$libinit$$00000030  c_w.l(libinit2.o)
    0x08000162   0x08000162   0x00000000   Code   RO         2809    .ARM.Collect$$libinit$$00000032  c_w.l(libinit2.o)
    0x08000162   0x08000162   0x00000002   Code   RO         2810    .ARM.Collect$$libinit$$00000033  c_w.l(libinit2.o)
    0x08000164   0x08000164   0x00000002   Code   RO         2830    .ARM.Collect$$libshutdown$$00000000  c_w.l(libshutdown.o)
    0x08000166   0x08000166   0x00000000   Code   RO         2843    .ARM.Collect$$libshutdown$$00000002  c_w.l(libshutdown2.o)
    0x08000166   0x08000166   0x00000000   Code   RO         2845    .ARM.Collect$$libshutdown$$00000004  c_w.l(libshutdown2.o)
    0x08000166   0x08000166   0x00000000   Code   RO         2848    .ARM.Collect$$libshutdown$$00000007  c_w.l(libshutdown2.o)
    0x08000166   0x08000166   0x00000000   Code   RO         2851    .ARM.Collect$$libshutdown$$0000000A  c_w.l(libshutdown2.o)
    0x08000166   0x08000166   0x00000000   Code   RO         2853    .ARM.Collect$$libshutdown$$0000000C  c_w.l(libshutdown2.o)
    0x08000166   0x08000166   0x00000000   Code   RO         2856    .ARM.Collect$$libshutdown$$0000000F  c_w.l(libshutdown2.o)
    0x08000166   0x08000166   0x00000002   Code   RO         2857    .ARM.Collect$$libshutdown$$00000010  c_w.l(libshutdown2.o)
    0x08000168   0x08000168   0x00000000   Code   RO         2733    .ARM.Collect$$rtentry$$00000000  c_w.l(__rtentry.o)
    0x08000168   0x08000168   0x00000000   Code   RO         2737    .ARM.Collect$$rtentry$$00000002  c_w.l(__rtentry2.o)
    0x08000168   0x08000168   0x00000006   Code   RO         2749    .ARM.Collect$$rtentry$$00000004  c_w.l(__rtentry4.o)
    0x0800016e   0x0800016e   0x00000000   Code   RO         2739    .ARM.Collect$$rtentry$$00000009  c_w.l(__rtentry2.o)
    0x0800016e   0x0800016e   0x00000004   Code   RO         2740    .ARM.Collect$$rtentry$$0000000A  c_w.l(__rtentry2.o)
    0x08000172   0x08000172   0x00000000   Code   RO         2742    .ARM.Collect$$rtentry$$0000000C  c_w.l(__rtentry2.o)
    0x08000172   0x08000172   0x00000008   Code   RO         2743    .ARM.Collect$$rtentry$$0000000D  c_w.l(__rtentry2.o)
    0x0800017a   0x0800017a   0x00000002   Code   RO         2764    .ARM.Collect$$rtexit$$00000000  c_w.l(rtexit.o)
    0x0800017c   0x0800017c   0x00000000   Code   RO         2812    .ARM.Collect$$rtexit$$00000002  c_w.l(rtexit2.o)
    0x0800017c   0x0800017c   0x00000004   Code   RO         2813    .ARM.Collect$$rtexit$$00000003  c_w.l(rtexit2.o)
    0x08000180   0x08000180   0x00000006   Code   RO         2814    .ARM.Collect$$rtexit$$00000004  c_w.l(rtexit2.o)
    0x08000186   0x08000186   0x00000002   PAD
    0x08000188   0x08000188   0x00000040   Code   RO            4    .text               startup_stm32f103xb.o
    0x080001c8   0x080001c8   0x00000026   Code   RO         2723    .text               c_w.l(llushr.o)
    0x080001ee   0x080001ee   0x0000004e   Code   RO         2727    .text               c_w.l(rt_memclr_w.o)
    0x0800023c   0x0800023c   0x00000006   Code   RO         2729    .text               c_w.l(heapauxi.o)
    0x08000242   0x08000242   0x0000004a   Code   RO         2751    .text               c_w.l(sys_stackheap_outer.o)
    0x0800028c   0x0800028c   0x00000012   Code   RO         2753    .text               c_w.l(exit.o)
    0x0800029e   0x0800029e   0x00000002   PAD
    0x080002a0   0x080002a0   0x00000008   Code   RO         2761    .text               c_w.l(libspace.o)
    0x080002a8   0x080002a8   0x0000000c   Code   RO         2822    .text               c_w.l(sys_exit.o)
    0x080002b4   0x080002b4   0x00000002   Code   RO         2833    .text               c_w.l(use_no_semi.o)
    0x080002b6   0x080002b6   0x00000000   Code   RO         2835    .text               c_w.l(indicate_semi.o)
    0x080002b6   0x080002b6   0x00000028   Code   RO         2439    i.AS608_Init        as608.o
    0x080002de   0x080002de   0x00000002   Code   RO          283    i.BusFault_Handler  stm32f1xx_it.o
    0x080002e0   0x080002e0   0x00000002   Code   RO          284    i.DebugMon_Handler  stm32f1xx_it.o
    0x080002e2   0x080002e2   0x00000002   PAD
    0x080002e4   0x080002e4   0x000001c4   Code   RO         2566    i.DisplayCardList   ui.o
    0x080004a8   0x080004a8   0x00000068   Code   RO         2567    i.DisplayIdleInternal  ui.o
    0x08000510   0x08000510   0x0000009c   Code   RO         2568    i.DisplayScanNFC    ui.o
    0x080005ac   0x080005ac   0x00000094   Code   RO         2569    i.DisplaySelectMode  ui.o
    0x08000640   0x08000640   0x000000b0   Code   RO         2570    i.DisplaySelectType  ui.o
    0x080006f0   0x080006f0   0x00000004   Code   RO           13    i.Error_Handler     main.o
    0x080006f4   0x080006f4   0x00000024   Code   RO         1572    i.FLASH_MassErase   stm32f1xx_hal_flash_ex.o
    0x08000718   0x08000718   0x00000024   Code   RO         1577    i.FLASH_PageErase   stm32f1xx_hal_flash_ex.o
    0x0800073c   0x0800073c   0x0000001c   Code   RO         1469    i.FLASH_Program_HalfWord  stm32f1xx_hal_flash.o
    0x08000758   0x08000758   0x0000005c   Code   RO         1470    i.FLASH_SetErrorCode  stm32f1xx_hal_flash.o
    0x080007b4   0x080007b4   0x00000054   Code   RO         1471    i.FLASH_WaitForLastOperation  stm32f1xx_hal_flash.o
    0x08000808   0x08000808   0x00000070   Code   RO         2670    i.Flash_AddNFCID    flash.o
    0x08000878   0x08000878   0x00000060   Code   RO         2671    i.Flash_Init        flash.o
    0x080008d8   0x080008d8   0x00000038   Code   RO         2672    i.Flash_ReadNFCIDs  flash.o
    0x08000910   0x08000910   0x00000046   Code   RO         1133    i.HAL_DMA_Abort     stm32f1xx_hal_dma.o
    0x08000956   0x08000956   0x00000002   PAD
    0x08000958   0x08000958   0x00000098   Code   RO         1134    i.HAL_DMA_Abort_IT  stm32f1xx_hal_dma.o
    0x080009f0   0x080009f0   0x00000024   Code   RO          759    i.HAL_Delay         stm32f1xx_hal.o
    0x08000a14   0x08000a14   0x000000a8   Code   RO         1578    i.HAL_FLASHEx_Erase  stm32f1xx_hal_flash_ex.o
    0x08000abc   0x08000abc   0x00000014   Code   RO         1475    i.HAL_FLASH_Lock    stm32f1xx_hal_flash.o
    0x08000ad0   0x08000ad0   0x00000080   Code   RO         1480    i.HAL_FLASH_Program  stm32f1xx_hal_flash.o
    0x08000b50   0x08000b50   0x00000028   Code   RO         1482    i.HAL_FLASH_Unlock  stm32f1xx_hal_flash.o
    0x08000b78   0x08000b78   0x000001e0   Code   RO         1069    i.HAL_GPIO_Init     stm32f1xx_hal_gpio.o
    0x08000d58   0x08000d58   0x0000000a   Code   RO         1071    i.HAL_GPIO_ReadPin  stm32f1xx_hal_gpio.o
    0x08000d62   0x08000d62   0x0000000a   Code   RO         1073    i.HAL_GPIO_WritePin  stm32f1xx_hal_gpio.o
    0x08000d6c   0x08000d6c   0x0000000c   Code   RO          763    i.HAL_GetTick       stm32f1xx_hal.o
    0x08000d78   0x08000d78   0x00000010   Code   RO          769    i.HAL_IncTick       stm32f1xx_hal.o
    0x08000d88   0x08000d88   0x00000024   Code   RO          770    i.HAL_Init          stm32f1xx_hal.o
    0x08000dac   0x08000dac   0x00000040   Code   RO          771    i.HAL_InitTick      stm32f1xx_hal.o
    0x08000dec   0x08000dec   0x0000003c   Code   RO          370    i.HAL_MspInit       stm32f1xx_hal_msp.o
    0x08000e28   0x08000e28   0x0000001a   Code   RO         1229    i.HAL_NVIC_EnableIRQ  stm32f1xx_hal_cortex.o
    0x08000e42   0x08000e42   0x00000002   PAD
    0x08000e44   0x08000e44   0x00000040   Code   RO         1235    i.HAL_NVIC_SetPriority  stm32f1xx_hal_cortex.o
    0x08000e84   0x08000e84   0x00000024   Code   RO         1236    i.HAL_NVIC_SetPriorityGrouping  stm32f1xx_hal_cortex.o
    0x08000ea8   0x08000ea8   0x0000012c   Code   RO          927    i.HAL_RCC_ClockConfig  stm32f1xx_hal_rcc.o
    0x08000fd4   0x08000fd4   0x00000020   Code   RO          934    i.HAL_RCC_GetPCLK1Freq  stm32f1xx_hal_rcc.o
    0x08000ff4   0x08000ff4   0x00000020   Code   RO          935    i.HAL_RCC_GetPCLK2Freq  stm32f1xx_hal_rcc.o
    0x08001014   0x08001014   0x0000004c   Code   RO          936    i.HAL_RCC_GetSysClockFreq  stm32f1xx_hal_rcc.o
    0x08001060   0x08001060   0x00000320   Code   RO          939    i.HAL_RCC_OscConfig  stm32f1xx_hal_rcc.o
    0x08001380   0x08001380   0x000000b2   Code   RO          441    i.HAL_SPI_Init      stm32f1xx_hal_spi.o
    0x08001432   0x08001432   0x00000002   PAD
    0x08001434   0x08001434   0x00000070   Code   RO          200    i.HAL_SPI_MspInit   spi.o
    0x080014a4   0x080014a4   0x000001f0   Code   RO          450    i.HAL_SPI_TransmitReceive  stm32f1xx_hal_spi.o
    0x08001694   0x08001694   0x00000028   Code   RO         1240    i.HAL_SYSTICK_Config  stm32f1xx_hal_cortex.o
    0x080016bc   0x080016bc   0x00000002   Code   RO         1741    i.HAL_UARTEx_RxEventCallback  stm32f1xx_hal_uart.o
    0x080016be   0x080016be   0x00000002   Code   RO         1755    i.HAL_UART_ErrorCallback  stm32f1xx_hal_uart.o
    0x080016c0   0x080016c0   0x0000026c   Code   RO         1758    i.HAL_UART_IRQHandler  stm32f1xx_hal_uart.o
    0x0800192c   0x0800192c   0x00000064   Code   RO         1759    i.HAL_UART_Init     stm32f1xx_hal_uart.o
    0x08001990   0x08001990   0x00000080   Code   RO          242    i.HAL_UART_MspInit  usart.o
    0x08001a10   0x08001a10   0x0000001c   Code   RO         1764    i.HAL_UART_Receive_IT  stm32f1xx_hal_uart.o
    0x08001a2c   0x08001a2c   0x0000003c   Code   RO          285    i.HAL_UART_RxCpltCallback  stm32f1xx_it.o
    0x08001a68   0x08001a68   0x00000002   Code   RO         1770    i.HAL_UART_TxCpltCallback  stm32f1xx_hal_uart.o
    0x08001a6a   0x08001a6a   0x00000002   Code   RO          286    i.HardFault_Handler  stm32f1xx_it.o
    0x08001a6c   0x08001a6c   0x00000044   Code   RO         2130    i.I2C_Start         oled.o
    0x08001ab0   0x08001ab0   0x00000034   Code   RO         2131    i.I2C_Stop          oled.o
    0x08001ae4   0x08001ae4   0x00000038   Code   RO         2132    i.I2C_WaitAck       oled.o
    0x08001b1c   0x08001b1c   0x0000000a   Code   RO         2133    i.IIC_delay         oled.o
    0x08001b26   0x08001b26   0x00000042   Code   RO         2571    i.KeyToNumber       ui.o
    0x08001b68   0x08001b68   0x00000198   Code   RO           14    i.Key_Scan          main.o
    0x08001d00   0x08001d00   0x00000018   Code   RO         2292    i.MFRC_ClrBitMask   rc522.o
    0x08001d18   0x08001d18   0x00000120   Code   RO         2293    i.MFRC_CmdFrame     rc522.o
    0x08001e38   0x08001e38   0x00000024   Code   RO         2294    i.MFRC_Init         rc522.o
    0x08001e5c   0x08001e5c   0x00000038   Code   RO         2295    i.MFRC_ReadReg      rc522.o
    0x08001e94   0x08001e94   0x00000018   Code   RO         2296    i.MFRC_SetBitMask   rc522.o
    0x08001eac   0x08001eac   0x00000034   Code   RO         2297    i.MFRC_WriteReg     rc522.o
    0x08001ee0   0x08001ee0   0x00000114   Code   RO          175    i.MX_GPIO_Init      gpio.o
    0x08001ff4   0x08001ff4   0x00000048   Code   RO          201    i.MX_SPI1_Init      spi.o
    0x0800203c   0x0800203c   0x00000048   Code   RO          243    i.MX_USART3_UART_Init  usart.o
    0x08002084   0x08002084   0x00000002   Code   RO          287    i.MemManage_Handler  stm32f1xx_it.o
    0x08002086   0x08002086   0x00000002   Code   RO          288    i.NMI_Handler       stm32f1xx_it.o
    0x08002088   0x08002088   0x0000002c   Code   RO         2134    i.OLED_Clear        oled.o
    0x080020b4   0x080020b4   0x0000002c   Code   RO         2141    i.OLED_DrawPoint    oled.o
    0x080020e0   0x080020e0   0x000000da   Code   RO         2142    i.OLED_Init         oled.o
    0x080021ba   0x080021ba   0x00000010   Code   RO         2143    i.OLED_Pow          oled.o
    0x080021ca   0x080021ca   0x00000002   PAD
    0x080021cc   0x080021cc   0x00000068   Code   RO         2144    i.OLED_Refresh      oled.o
    0x08002234   0x08002234   0x000000e4   Code   RO         2145    i.OLED_ShowChar     oled.o
    0x08002318   0x08002318   0x0000005c   Code   RO         2146    i.OLED_ShowHex      oled.o
    0x08002374   0x08002374   0x0000006e   Code   RO         2147    i.OLED_ShowNum      oled.o
    0x080023e2   0x080023e2   0x0000003c   Code   RO         2149    i.OLED_ShowString   oled.o
    0x0800241e   0x0800241e   0x00000036   Code   RO         2150    i.OLED_WR_Byte      oled.o
    0x08002454   0x08002454   0x00000008   Code   RO         2298    i.PCD_AntennaOff    rc522.o
    0x0800245c   0x0800245c   0x0000001a   Code   RO         2299    i.PCD_AntennaOn     rc522.o
    0x08002476   0x08002476   0x0000006a   Code   RO         2300    i.PCD_Anticoll      rc522.o
    0x080024e0   0x080024e0   0x00000016   Code   RO         2304    i.PCD_Init          rc522.o
    0x080024f6   0x080024f6   0x00000050   Code   RO         2306    i.PCD_Request       rc522.o
    0x08002546   0x08002546   0x00000002   PAD
    0x08002548   0x08002548   0x00000088   Code   RO         2307    i.PCD_Reset         rc522.o
    0x080025d0   0x080025d0   0x00000002   Code   RO          289    i.PendSV_Handler    stm32f1xx_it.o
    0x080025d2   0x080025d2   0x00000002   PAD
    0x080025d4   0x080025d4   0x00000020   Code   RO         2311    i.SPI1_RW_Byte      rc522.o
    0x080025f4   0x080025f4   0x00000034   Code   RO          479    i.SPI_EndRxTxTransaction  stm32f1xx_hal_spi.o
    0x08002628   0x08002628   0x000000b8   Code   RO          484    i.SPI_WaitFlagStateUntilTimeout  stm32f1xx_hal_spi.o
    0x080026e0   0x080026e0   0x00000002   Code   RO          290    i.SVC_Handler       stm32f1xx_it.o
    0x080026e2   0x080026e2   0x00000002   PAD
    0x080026e4   0x080026e4   0x00000054   Code   RO         2151    i.Send_Byte         oled.o
    0x08002738   0x08002738   0x00000004   Code   RO          291    i.SysTick_Handler   stm32f1xx_it.o
    0x0800273c   0x0800273c   0x0000005e   Code   RO           15    i.SystemClock_Config  main.o
    0x0800279a   0x0800279a   0x00000002   Code   RO         2093    i.SystemInit        system_stm32f1xx.o
    0x0800279c   0x0800279c   0x00000010   Code   RO         1772    i.UART_DMAAbortOnError  stm32f1xx_hal_uart.o
    0x080027ac   0x080027ac   0x0000004e   Code   RO         1782    i.UART_EndRxTransfer  stm32f1xx_hal_uart.o
    0x080027fa   0x080027fa   0x000000c2   Code   RO         1784    i.UART_Receive_IT   stm32f1xx_hal_uart.o
    0x080028bc   0x080028bc   0x000000b8   Code   RO         1785    i.UART_SetConfig    stm32f1xx_hal_uart.o
    0x08002974   0x08002974   0x00000036   Code   RO         1787    i.UART_Start_Receive_IT  stm32f1xx_hal_uart.o
    0x080029aa   0x080029aa   0x00000040   Code   RO         2572    i.UI_CheckTwoCards  ui.o
    0x080029ea   0x080029ea   0x00000002   PAD
    0x080029ec   0x080029ec   0x000000c0   Code   RO         2573    i.UI_DebugShowCards  ui.o
    0x08002aac   0x08002aac   0x00000004   Code   RO         2574    i.UI_DisplayIdle    ui.o
    0x08002ab0   0x08002ab0   0x00000014   Code   RO         2575    i.UI_EnterSelectMode  ui.o
    0x08002ac4   0x08002ac4   0x000000f8   Code   RO         2576    i.UI_HandleKey      ui.o
    0x08002bbc   0x08002bbc   0x00000014   Code   RO         2577    i.UI_Init           ui.o
    0x08002bd0   0x08002bd0   0x00000138   Code   RO         2579    i.UI_Process        ui.o
    0x08002d08   0x08002d08   0x0000000c   Code   RO          292    i.USART3_IRQHandler  stm32f1xx_it.o
    0x08002d14   0x08002d14   0x00000002   Code   RO          293    i.UsageFault_Handler  stm32f1xx_it.o
    0x08002d16   0x08002d16   0x00000020   Code   RO         1242    i.__NVIC_SetPriority  stm32f1xx_hal_cortex.o
    0x08002d36   0x08002d36   0x00000002   PAD
    0x08002d38   0x08002d38   0x00000068   Code   RO           16    i.main              main.o
    0x08002da0   0x08002da0   0x00000012   Data   RO          940    .constdata          stm32f1xx_hal_rcc.o
    0x08002db2   0x08002db2   0x00000010   Data   RO         2094    .constdata          system_stm32f1xx.o
    0x08002dc2   0x08002dc2   0x00000008   Data   RO         2095    .constdata          system_stm32f1xx.o
    0x08002dca   0x08002dca   0x000019e8   Data   RO         2153    .constdata          oled.o
    0x080047b2   0x080047b2   0x00000002   PAD
    0x080047b4   0x080047b4   0x00000020   Data   RO         2888    Region$$Table       anon$$obj.o


    Execution Region RW_IRAM1 (Exec base: 0x20000000, Load base: 0x080047d4, Size: 0x00000cc0, Max: 0x00005000, ABSOLUTE)

    Exec Addr    Load Addr    Size         Type   Attr      Idx    E Section Name        Object

    0x20000000   0x080047d4   0x00000001   Data   RW           17    .data               main.o
    0x20000001   0x080047d5   0x00000003   PAD
    0x20000004   0x080047d8   0x0000000c   Data   RW          777    .data               stm32f1xx_hal.o
    0x20000010   0x080047e4   0x00000004   Data   RW         2096    .data               system_stm32f1xx.o
    0x20000014   0x080047e8   0x00000008   Data   RW         2452    .data               as608.o
    0x2000001c   0x080047f0   0x00000004   Data   RW         2580    .data               ui.o
    0x20000020        -       0x00000058   Zero   RW          202    .bss                spi.o
    0x20000078        -       0x00000048   Zero   RW          244    .bss                usart.o
    0x200000c0        -       0x00000020   Zero   RW         1483    .bss                stm32f1xx_hal_flash.o
    0x200000e0        -       0x00000480   Zero   RW         2152    .bss                oled.o
    0x20000560        -       0x00000100   Zero   RW         2451    .bss                as608.o
    0x20000660        -       0x00000060   Zero   RW         2762    .bss                c_w.l(libspace.o)
    0x200006c0        -       0x00000200   Zero   RW            2    HEAP                startup_stm32f103xb.o
    0x200008c0        -       0x00000400   Zero   RW            1    STACK               startup_stm32f103xb.o


==============================================================================

Image component sizes


      Code (inc. data)   RO Data    RW Data    ZI Data      Debug   Object Name

        40          0          0          8        256       4191   as608.o
       264         28          0          0          0       2569   flash.o
       276         16          0          0          0       1039   gpio.o
       610         18          0          1          0     409875   main.o
      1240         48       6632          0       1152      10562   oled.o
       890         34          0          0          0       8147   rc522.o
       184         24          0          0         88       1689   spi.o
        64         26        236          0       1536        820   startup_stm32f103xb.o
       164         28          0         12          0       5985   stm32f1xx_hal.o
       198         14          0          0          0      28995   stm32f1xx_hal_cortex.o
       222          4          0          0          0       1799   stm32f1xx_hal_dma.o
       392         46          0          0         32       4810   stm32f1xx_hal_flash.o
       240         26          0          0          0       3285   stm32f1xx_hal_flash_ex.o
       500         34          0          0          0       3551   stm32f1xx_hal_gpio.o
        60          8          0          0          0        894   stm32f1xx_hal_msp.o
      1240         84         18          0          0       5172   stm32f1xx_hal_rcc.o
       910          4          0          0          0       4717   stm32f1xx_hal_spi.o
      1280         10          0          0          0       8956   stm32f1xx_hal_uart.o
        92         18          0          0          0       5304   stm32f1xx_it.o
         2          0         24          4          0       1143   system_stm32f1xx.o
      1962        444          0          4          0      10355   ui.o
       200         24          0          0         72       1742   usart.o

    ----------------------------------------------------------------------
     11050        938       6944         32       3136     525600   Object Totals
         0          0         32          0          0          0   (incl. Generated)
        20          0          2          3          0          0   (incl. Padding)

    ----------------------------------------------------------------------

      Code (inc. data)   RO Data    RW Data    ZI Data      Debug   Library Member Name

         8          0          0          0          0         68   __main.o
         0          0          0          0          0          0   __rtentry.o
        12          0          0          0          0          0   __rtentry2.o
         6          0          0          0          0          0   __rtentry4.o
        52          8          0          0          0          0   __scatter.o
        26          0          0          0          0          0   __scatter_copy.o
        28          0          0          0          0          0   __scatter_zi.o
        18          0          0          0          0         80   exit.o
         6          0          0          0          0        152   heapauxi.o
         0          0          0          0          0          0   indicate_semi.o
         2          0          0          0          0          0   libinit.o
         2          0          0          0          0          0   libinit2.o
         2          0          0          0          0          0   libshutdown.o
         2          0          0          0          0          0   libshutdown2.o
         8          4          0          0         96         68   libspace.o
        38          0          0          0          0         68   llushr.o
        78          0          0          0          0         80   rt_memclr_w.o
         2          0          0          0          0          0   rtexit.o
        10          0          0          0          0          0   rtexit2.o
        12          4          0          0          0         68   sys_exit.o
        74          0          0          0          0         80   sys_stackheap_outer.o
         2          0          0          0          0         68   use_no_semi.o

    ----------------------------------------------------------------------
       394         16          0          0         96        732   Library Totals
         6          0          0          0          0          0   (incl. Padding)

    ----------------------------------------------------------------------

      Code (inc. data)   RO Data    RW Data    ZI Data      Debug   Library Name

       388         16          0          0         96        732   c_w.l

    ----------------------------------------------------------------------
       394         16          0          0         96        732   Library Totals

    ----------------------------------------------------------------------

==============================================================================


      Code (inc. data)   RO Data    RW Data    ZI Data      Debug   

     11444        954       6944         32       3232     520556   Grand Totals
     11444        954       6944         32       3232     520556   ELF Image Totals
     11444        954       6944         32          0          0   ROM Totals

==============================================================================

    Total RO  Size (Code + RO Data)                18388 (  17.96kB)
    Total RW  Size (RW Data + ZI Data)              3264 (   3.19kB)
    Total ROM Size (Code + RO Data + RW Data)      18420 (  17.99kB)

==============================================================================

