<html>
<body>
<pre>
<h1>�Vision Build Log</h1>
<h2>Tool Versions:</h2>
IDE-Version: ��Vision V5.38.0.0
Copyright (C) 2022 ARM Ltd and ARM Germany GmbH. All rights reserved.
License Information: 1 1, 1, LIC=KRMW3-ASLPY-LQ80Q-N6WG8-TK5DW-4SB27
 
Tool Versions:
Toolchain:       MDK-ARM Plus  Version: 5.38.0.0
Toolchain Path:  D:\Program Files\KEIL5\ARM\ARMCC\Bin
C Compiler:      Armcc.exe V5.06 update 6 (build 750)
Assembler:       Armasm.exe V5.06 update 6 (build 750)
Linker/Locator:  ArmLink.exe V5.06 update 6 (build 750)
Library Manager: ArmAr.exe V5.06 update 6 (build 750)
Hex Converter:   FromElf.exe V5.06 update 6 (build 750)
CPU DLL:         SARMCM3.DLL V5.38.0.0
Dialog DLL:      DCM.DLL V1.17.5.0
Target DLL:      CMSIS_AGDI.dll V1.33.15.0
Dialog DLL:      TCM.DLL V1.56.4.0
 
<h2>Project:</h2>
C:\Users\ypwan\Desktop\yangweiye\Smart_multifunctional_door\MDK-ARM\Smart_multifunctional_door.uvprojx
Project File Date:  04/30/2026

<h2>Output:</h2>
*** Using Compiler 'V5.06 update 6 (build 750)', folder: 'D:\Program Files\KEIL5\ARM\ARMCC\Bin'
Build target 'Smart_multifunctional_door'
assembling startup_stm32f103xb.s...
compiling adc.c...
compiling gpio.c...
compiling stm32f1xx_hal_msp.c...
compiling stm32f1xx_hal_gpio_ex.c...
compiling usart.c...
compiling tim.c...
compiling stm32f1xx_it.c...
compiling spi.c...
compiling main.c...
../App/RC522.h(151): warning:  #1-D: last line of file ends without a newline
  #endif
../App/flash.h(7): warning:  #47-D: incompatible redefinition of macro "FLASH_PAGE_SIZE"  (declared at line 241 of "../Drivers/STM32F1xx_HAL_Driver/Inc/stm32f1xx_hal_flash_ex.h")
  #define FLASH_PAGE_SIZE      0x400  // 1KB per page
../Core/Src/main.c: 2 warnings, 0 errors
compiling stm32f1xx_hal_adc_ex.c...
compiling stm32f1xx_hal_adc.c...
compiling stm32f1xx_hal.c...
compiling stm32f1xx_hal_pwr.c...
compiling stm32f1xx_hal_cortex.c...
compiling stm32f1xx_hal_gpio.c...
compiling stm32f1xx_hal_flash_ex.c...
compiling stm32f1xx_hal_rcc_ex.c...
compiling stm32f1xx_hal_exti.c...
compiling stm32f1xx_hal_dma.c...
compiling stm32f1xx_hal_flash.c...
compiling stm32f1xx_hal_rcc.c...
compiling stm32f1xx_hal_spi.c...
compiling system_stm32f1xx.c...
compiling flash.c...
..\APP\flash.h(7): warning:  #47-D: incompatible redefinition of macro "FLASH_PAGE_SIZE"  (declared at line 241 of "../Drivers/STM32F1xx_HAL_Driver/Inc/stm32f1xx_hal_flash_ex.h")
  #define FLASH_PAGE_SIZE      0x400  // 1KB per page
..\APP\flash.c: 1 warning, 0 errors
compiling oled.c...
compiling RC522.c...
..\APP\RC522.h(151): warning:  #1-D: last line of file ends without a newline
  #endif
..\APP\RC522.c(692): warning:  #1-D: last line of file ends without a newline
  }
..\APP\RC522.c: 2 warnings, 0 errors
compiling AS608.c...
..\APP\AS608.c(422): warning:  #177-D: variable "score"  was declared but never referenced
      uint16_t score;
..\APP\AS608.c(11): warning:  #177-D: function "AS608_SendPacket"  was declared but never referenced
  static void AS608_SendPacket(uint8_t *data, uint16_t len)
..\APP\AS608.c(93): warning:  #177-D: function "AS608_CalcChecksum"  was declared but never referenced
  static uint16_t AS608_CalcChecksum(uint8_t *data, uint16_t len)
..\APP\AS608.c: 3 warnings, 0 errors
compiling stm32f1xx_hal_tim_ex.c...
compiling stm32f1xx_hal_uart.c...
compiling ui.c...
..\APP\flash.h(7): warning:  #47-D: incompatible redefinition of macro "FLASH_PAGE_SIZE"  (declared at line 241 of "../Drivers/STM32F1xx_HAL_Driver/Inc/stm32f1xx_hal_flash_ex.h")
  #define FLASH_PAGE_SIZE      0x400  // 1KB per page
..\APP\RC522.h(151): warning:  #1-D: last line of file ends without a newline
  #endif
..\APP\ui.c(22): warning:  #188-D: enumerated type mixed with another type
  static Admin_Menu_t adminMenuIndex = 0;  // 当前选中的菜单项
..\APP\ui.c(724): warning:  #188-D: enumerated type mixed with another type
      adminMenuIndex = 0;
..\APP\ui.c(1013): warning:  #188-D: enumerated type mixed with another type
                  adminMenuIndex = num - 1;
..\APP\ui.c(1142): warning:  #223-D: function "Key_Scan" declared implicitly
                      waitKey = Key_Scan();
..\APP\ui.c(1212): warning:  #223-D: function "Key_Scan" declared implicitly
                      waitKey = Key_Scan();
..\APP\ui.c(1651): warning:  #223-D: function "Key_Scan" declared implicitly
              uint8_t key = Key_Scan();
..\APP\ui.c(28): warning:  #550-D: variable "adminCardDetectedFlag"  was set but never used
  static uint8_t adminCardDetectedFlag = 0; // Perm Card检测标�?
..\APP\ui.c(42): warning:  #177-D: variable "lastFingerScanTime"  was declared but never referenced
  static uint32_t lastFingerScanTime = 0;  // 上次指纹扫描时间
..\APP\ui.c(52): warning:  #550-D: variable "uartConnected"  was set but never used
  static uint8_t uartConnected = 0;        // 蓝牙连接状�?
..\APP\ui.c: 11 warnings, 0 errors
compiling stm32f1xx_hal_tim.c...
linking...
Program Size: Code=22252 RO-data=6960 RW-data=72 ZI-data=3456  
FromELF: creating hex file...
"Smart_multifunctional_door\Smart_multifunctional_door.axf" - 0 Error(s), 19 Warning(s).

<h2>Software Packages used:</h2>

Package Vendor: ARM
                http://www.keil.com/pack/ARM.CMSIS.5.9.0.pack
                ARM.CMSIS.5.9.0
                CMSIS (Common Microcontroller Software Interface Standard)
   * Component: CORE Version: 5.6.0

Package Vendor: Keil
                https://www.keil.com/pack/Keil.STM32F1xx_DFP.2.4.1.pack
                Keil.STM32F1xx_DFP.2.4.1
                STMicroelectronics STM32F1 Series Device Support, Drivers and Examples

<h2>Collection of Component include folders:</h2>
  ./RTE/_Smart_multifunctional_door
  C:/Users/ypwan/AppData/Local/Arm/Packs/ARM/CMSIS/5.9.0/CMSIS/Core/Include
  C:/Users/ypwan/AppData/Local/Arm/Packs/Keil/STM32F1xx_DFP/2.4.1/Device/Include

<h2>Collection of Component Files used:</h2>

   * Component: ARM::CMSIS:CORE:5.6.0
      Include file:  CMSIS/Core/Include/tz_context.h
Build Time Elapsed:  00:00:06
</pre>
</body>
</html>
