Component: ARM Compiler 5.06 update 6 (build 750) Tool: armlink [4d35ed]

==============================================================================

Section Cross References

    startup_stm32f103xb.o(STACK) refers (Special) to heapauxi.o(.text) for __use_two_region_memory
    startup_stm32f103xb.o(HEAP) refers (Special) to heapauxi.o(.text) for __use_two_region_memory
    startup_stm32f103xb.o(RESET) refers (Special) to heapauxi.o(.text) for __use_two_region_memory
    startup_stm32f103xb.o(RESET) refers to startup_stm32f103xb.o(STACK) for __initial_sp
    startup_stm32f103xb.o(RESET) refers to startup_stm32f103xb.o(.text) for Reset_Handler
    startup_stm32f103xb.o(RESET) refers to stm32f1xx_it.o(i.NMI_Handler) for NMI_Handler
    startup_stm32f103xb.o(RESET) refers to stm32f1xx_it.o(i.HardFault_Handler) for HardFault_Handler
    startup_stm32f103xb.o(RESET) refers to stm32f1xx_it.o(i.MemManage_Handler) for MemManage_Handler
    startup_stm32f103xb.o(RESET) refers to stm32f1xx_it.o(i.BusFault_Handler) for BusFault_Handler
    startup_stm32f103xb.o(RESET) refers to stm32f1xx_it.o(i.UsageFault_Handler) for UsageFault_Handler
    startup_stm32f103xb.o(RESET) refers to stm32f1xx_it.o(i.SVC_Handler) for SVC_Handler
    startup_stm32f103xb.o(RESET) refers to stm32f1xx_it.o(i.DebugMon_Handler) for DebugMon_Handler
    startup_stm32f103xb.o(RESET) refers to stm32f1xx_it.o(i.PendSV_Handler) for PendSV_Handler
    startup_stm32f103xb.o(RESET) refers to stm32f1xx_it.o(i.SysTick_Handler) for SysTick_Handler
    startup_stm32f103xb.o(RESET) refers to stm32f1xx_it.o(i.USART3_IRQHandler) for USART3_IRQHandler
    startup_stm32f103xb.o(.text) refers (Special) to heapauxi.o(.text) for __use_two_region_memory
    startup_stm32f103xb.o(.text) refers to system_stm32f1xx.o(i.SystemInit) for SystemInit
    startup_stm32f103xb.o(.text) refers to __main.o(!!!main) for __main
    startup_stm32f103xb.o(.text) refers to startup_stm32f103xb.o(HEAP) for Heap_Mem
    startup_stm32f103xb.o(.text) refers to startup_stm32f103xb.o(STACK) for Stack_Mem
    main.o(i.Key_Scan) refers to stm32f1xx_hal_gpio.o(i.HAL_GPIO_WritePin) for HAL_GPIO_WritePin
    main.o(i.Key_Scan) refers to stm32f1xx_hal_gpio.o(i.HAL_GPIO_ReadPin) for HAL_GPIO_ReadPin
    main.o(i.SystemClock_Config) refers to rt_memclr_w.o(.text) for __aeabi_memclr4
    main.o(i.SystemClock_Config) refers to stm32f1xx_hal_rcc.o(i.HAL_RCC_OscConfig) for HAL_RCC_OscConfig
    main.o(i.SystemClock_Config) refers to stm32f1xx_hal_rcc.o(i.HAL_RCC_ClockConfig) for HAL_RCC_ClockConfig
    main.o(i.SystemClock_Config) refers to stm32f1xx_hal_rcc_ex.o(i.HAL_RCCEx_PeriphCLKConfig) for HAL_RCCEx_PeriphCLKConfig
    main.o(i.main) refers to stm32f1xx_hal.o(i.HAL_Init) for HAL_Init
    main.o(i.main) refers to main.o(i.SystemClock_Config) for SystemClock_Config
    main.o(i.main) refers to gpio.o(i.MX_GPIO_Init) for MX_GPIO_Init
    main.o(i.main) refers to spi.o(i.MX_SPI1_Init) for MX_SPI1_Init
    main.o(i.main) refers to usart.o(i.MX_USART3_UART_Init) for MX_USART3_UART_Init
    main.o(i.main) refers to adc.o(i.MX_ADC1_Init) for MX_ADC1_Init
    main.o(i.main) refers to tim.o(i.MX_TIM2_Init) for MX_TIM2_Init
    main.o(i.main) refers to stm32f1xx_hal_gpio.o(i.HAL_GPIO_WritePin) for HAL_GPIO_WritePin
    main.o(i.main) refers to oled.o(i.OLED_Init) for OLED_Init
    main.o(i.main) refers to flash.o(i.Flash_Init) for Flash_Init
    main.o(i.main) refers to ui.o(i.UI_Init) for UI_Init
    main.o(i.main) refers to ui.o(i.UI_DebugShowCards) for UI_DebugShowCards
    main.o(i.main) refers to ui.o(i.UI_CheckTwoCards) for UI_CheckTwoCards
    main.o(i.main) refers to ui.o(i.UI_EnterSelectMode) for UI_EnterSelectMode
    main.o(i.main) refers to ui.o(i.UI_DisplayIdle) for UI_DisplayIdle
    main.o(i.main) refers to rc522.o(i.PCD_Init) for PCD_Init
    main.o(i.main) refers to as608.o(i.AS608_Init) for AS608_Init
    main.o(i.main) refers to main.o(i.Key_Scan) for Key_Scan
    main.o(i.main) refers to ui.o(i.UI_HandleKey) for UI_HandleKey
    main.o(i.main) refers to ui.o(i.UI_Process) for UI_Process
    main.o(i.main) refers to stm32f1xx_hal.o(i.HAL_Delay) for HAL_Delay
    main.o(i.main) refers to main.o(.data) for .data
    gpio.o(i.MX_GPIO_Init) refers to stm32f1xx_hal_gpio.o(i.HAL_GPIO_WritePin) for HAL_GPIO_WritePin
    gpio.o(i.MX_GPIO_Init) refers to stm32f1xx_hal_gpio.o(i.HAL_GPIO_Init) for HAL_GPIO_Init
    adc.o(i.HAL_ADC_MspDeInit) refers to stm32f1xx_hal_gpio.o(i.HAL_GPIO_DeInit) for HAL_GPIO_DeInit
    adc.o(i.HAL_ADC_MspInit) refers to stm32f1xx_hal_gpio.o(i.HAL_GPIO_Init) for HAL_GPIO_Init
    adc.o(i.MX_ADC1_Init) refers to stm32f1xx_hal_adc.o(i.HAL_ADC_Init) for HAL_ADC_Init
    adc.o(i.MX_ADC1_Init) refers to main.o(i.Error_Handler) for Error_Handler
    adc.o(i.MX_ADC1_Init) refers to stm32f1xx_hal_adc.o(i.HAL_ADC_ConfigChannel) for HAL_ADC_ConfigChannel
    adc.o(i.MX_ADC1_Init) refers to adc.o(.bss) for .bss
[...]
    .text                                    0x08000330   Section       74  sys_stackheap_outer.o(.text)
    .text                                    0x0800037a   Section        0  exit.o(.text)
    .text                                    0x0800038c   Section        8  libspace.o(.text)
    .text                                    0x08000394   Section        0  sys_exit.o(.text)
    .text                                    0x080003a0   Section        2  use_no_semi.o(.text)
    .text                                    0x080003a2   Section        0  indicate_semi.o(.text)
    i.ADC_ConversionStop_Disable             0x080003a4   Section        0  stm32f1xx_hal_adc.o(i.ADC_ConversionStop_Disable)
    i.ADC_Enable                             0x080003fc   Section        0  stm32f1xx_hal_adc.o(i.ADC_Enable)
    i.AS608_DeleteChar                       0x08000478   Section        0  as608.o(i.AS608_DeleteChar)
    i.AS608_GenChar                          0x080004b6   Section        0  as608.o(i.AS608_GenChar)
    i.AS608_GetImage                         0x080004e4   Section        0  as608.o(i.AS608_GetImage)
    i.AS608_Init                             0x0800050e   Section        0  as608.o(i.AS608_Init)
    i.AS608_ReceivePacket                    0x08000538   Section        0  as608.o(i.AS608_ReceivePacket)
    AS608_ReceivePacket                      0x08000539   Thumb Code   100  as608.o(i.AS608_ReceivePacket)
    i.AS608_RegModel                         0x080005a4   Section        0  as608.o(i.AS608_RegModel)
    i.AS608_Search                           0x080005ce   Section        0  as608.o(i.AS608_Search)
    i.AS608_SendCommand                      0x0800062c   Section        0  as608.o(i.AS608_SendCommand)
    AS608_SendCommand                        0x0800062d   Thumb Code   172  as608.o(i.AS608_SendCommand)
    i.AS608_StoreChar                        0x080006e0   Section        0  as608.o(i.AS608_StoreChar)
    i.AS608_VerifyFinger                     0x08000718   Section        0  as608.o(i.AS608_VerifyFinger)
    i.BusFault_Handler                       0x08000742   Section        0  stm32f1xx_it.o(i.BusFault_Handler)
    i.DebugMon_Handler                       0x08000744   Section        0  stm32f1xx_it.o(i.DebugMon_Handler)
    i.DisplayAdminMenu                       0x08000748   Section        0  ui.o(i.DisplayAdminMenu)
    DisplayAdminMenu                         0x08000749   Thumb Code   172  ui.o(i.DisplayAdminMenu)
    i.DisplayCardList                        0x08000844   Section        0  ui.o(i.DisplayCardList)
    DisplayCardList                          0x08000845   Thumb Code   378  ui.o(i.DisplayCardList)
    i.DisplayDeleteFinger                    0x08000a08   Section        0  ui.o(i.DisplayDeleteFinger)
    DisplayDeleteFinger                      0x08000a09   Thumb Code   212  ui.o(i.DisplayDeleteFinger)
    i.DisplayDeleteNFC                       0x08000b14   Section        0  ui.o(i.DisplayDeleteNFC)
    DisplayDeleteNFC                         0x08000b15   Thumb Code   294  ui.o(i.DisplayDeleteNFC)
    i.DisplayEnrollFinger                    0x08000c84   Section        0  ui.o(i.DisplayEnrollFinger)
    DisplayEnrollFinger                      0x08000c85   Thumb Code   212  ui.o(i.DisplayEnrollFinger)
    i.DisplayIdleInternal                    0x08000d94   Section        0  ui.o(i.DisplayIdleInternal)
    DisplayIdleInternal                      0x08000d95   Thumb Code    58  ui.o(i.DisplayIdleInternal)
    i.DisplayModifyPin                       0x08000dfc   Section        0  ui.o(i.DisplayModifyPin)
    DisplayModifyPin                         0x08000dfd   Thumb Code   206  ui.o(i.DisplayModifyPin)
    i.DisplayPasswordInput                   0x08000f0c   Section        0  ui.o(i.DisplayPasswordInput)
    DisplayPasswordInput                     0x08000f0d   Thumb Code   122  ui.o(i.DisplayPasswordInput)
    i.DisplayScanNFC                         0x08000fbc   Section        0  ui.o(i.DisplayScanNFC)
    DisplayScanNFC                           0x08000fbd   Thumb Code    94  ui.o(i.DisplayScanNFC)
    i.DisplaySelectMode                      0x08001058   Section        0  ui.o(i.DisplaySelectMode)
    DisplaySelectMode                        0x08001059   Thumb Code    96  ui.o(i.DisplaySelectMode)
    i.DisplaySelectType                      0x080010ec   Section        0  ui.o(i.DisplaySelectType)
    DisplaySelectType                        0x080010ed   Thumb Code   110  ui.o(i.DisplaySelectType)
    i.Error_Handler                          0x0800119c   Section        0  main.o(i.Error_Handler)
    i.FLASH_MassErase                        0x080011a0   Section        0  stm32f1xx_hal_flash_ex.o(i.FLASH_MassErase)
    FLASH_MassErase                          0x080011a1   Thumb Code    26  stm32f1xx_hal_flash_ex.o(i.FLASH_MassErase)
    i.FLASH_PageErase                        0x080011c4   Section        0  stm32f1xx_hal_flash_ex.o(i.FLASH_PageErase)
    i.FLASH_Program_HalfWord                 0x080011e8   Section        0  stm32f1xx_hal_flash.o(i.FLASH_Program_HalfWord)
    FLASH_Program_HalfWord                   0x080011e9   Thumb Code    20  stm32f1xx_hal_flash.o(i.FLASH_Program_HalfWord)
    i.FLASH_SetErrorCode                     0x08001204   Section        0  stm32f1xx_hal_flash.o(i.FLASH_SetErrorCode)
    FLASH_SetErrorCode                       0x08001205   Thumb Code    84  stm32f1xx_hal_flash.o(i.FLASH_SetErrorCode)
    i.FLASH_WaitForLastOperation             0x08001260   Section        0  stm32f1xx_hal_flash.o(i.FLASH_WaitForLastOperation)
    i.Flash_AddNFCID                         0x080012b4   Section        0  flash.o(i.Flash_AddNFCID)
    i.Flash_Init                             0x08001324   Section        0  flash.o(i.Flash_Init)
    i.Flash_ReadNFCIDs                       0x08001384   Section        0  flash.o(i.Flash_ReadNFCIDs)
    i.Flash_ReadPIN                          0x080013bc   Section        0  flash.o(i.Flash_ReadPIN)
    i.Flash_RemoveNFCID                      0x080013d4   Section        0  flash.o(i.Flash_RemoveNFCID)
    i.Flash_WritePIN                         0x0800148c   Section        0  flash.o(i.Flash_WritePIN)
    i.HAL_ADC_ConfigChannel                  0x080014cc   Section        0  stm32f1xx_hal_adc.o(i.HAL_ADC_ConfigChannel)
    i.HAL_ADC_GetValue                       0x080015c8   Section        0  stm32f1xx_hal_adc.o(i.HAL_ADC_GetValue)
    i.HAL_ADC_Init                           0x080015d0   Section        0  stm32f1xx_hal_adc.o(i.HAL_ADC_Init)
    i.HAL_ADC_MspInit                        0x080016ec   Section        0  adc.o(i.HAL_ADC_MspInit)
    i.HAL_ADC_PollForConversion              0x08001744   Section        0  stm32f1xx_hal_adc.o(i.HAL_ADC_PollForConversion)
    i.HAL_ADC_Start                          0x08001880   Section        0  stm32f1xx_hal_adc.o(i.HAL_ADC_Start)
    i.HAL_ADC_Stop                           0x08001940   Section        0  stm32f1xx_hal_adc.o(i.HAL_ADC_Stop)
    i.HAL_DMA_Abort                          0x08001974   Section        0  stm32f1xx_hal_dma.o(i.HAL_DMA_Abort)
    i.HAL_DMA_Abort_IT                       0x080019bc   Section        0  stm32f1xx_hal_dma.o(i.HAL_DMA_Abort_IT)
    i.HAL_Delay                              0x08001a54   Section        0  stm32f1xx_hal.o(i.HAL_Delay)
    i.HAL_FLASHEx_Erase                      0x08001a78   Section        0  stm32f1xx_hal_flash_ex.o(i.HAL_FLASHEx_Erase)
    i.HAL_FLASH_Lock                         0x08001b20   Section        0  stm32f1xx_hal_flash.o(i.HAL_FLASH_Lock)
    i.HAL_FLASH_Program                      0x08001b34   Section        0  stm32f1xx_hal_flash.o(i.HAL_FLASH_Program)
    i.HAL_FLASH_Unlock                       0x08001bb4   Section        0  stm32f1xx_hal_flash.o(i.HAL_FLASH_Unlock)
    i.HAL_GPIO_Init                          0x08001bdc   Section        0  stm32f1xx_hal_gpio.o(i.HAL_GPIO_Init)
    i.HAL_GPIO_ReadPin                       0x08001dbc   Section        0  stm32f1xx_hal_gpio.o(i.HAL_GPIO_ReadPin)
    i.HAL_GPIO_WritePin                      0x08001dc6   Section        0  stm32f1xx_hal_gpio.o(i.HAL_GPIO_WritePin)
    i.HAL_GetTick                            0x08001dd0   Section        0  stm32f1xx_hal.o(i.HAL_GetTick)
    i.HAL_IncTick                            0x08001ddc   Section        0  stm32f1xx_hal.o(i.HAL_IncTick)
    i.HAL_Init                               0x08001dec   Section        0  stm32f1xx_hal.o(i.HAL_Init)
    i.HAL_InitTick                           0x08001e10   Section        0  stm32f1xx_hal.o(i.HAL_InitTick)
    i.HAL_MspInit                            0x08001e50   Section        0  stm32f1xx_hal_msp.o(i.HAL_MspInit)
    i.HAL_NVIC_EnableIRQ                     0x08001e8c   Section        0  stm32f1xx_hal_cortex.o(i.HAL_NVIC_EnableIRQ)
    i.HAL_NVIC_SetPriority                   0x08001ea8   Section        0  stm32f1xx_hal_cortex.o(i.HAL_NVIC_SetPriority)
    i.HAL_NVIC_SetPriorityGrouping           0x08001ee8   Section        0  stm32f1xx_hal_cortex.o(i.HAL_NVIC_SetPriorityGrouping)
    i.HAL_RCCEx_GetPeriphCLKFreq             0x08001f0c   Section        0  stm32f1xx_hal_rcc_ex.o(i.HAL_RCCEx_GetPeriphCLKFreq)
    i.HAL_RCCEx_PeriphCLKConfig              0x08001fb0   Section        0  stm32f1xx_hal_rcc_ex.o(i.HAL_RCCEx_PeriphCLKConfig)
    i.HAL_RCC_ClockConfig                    0x0800209c   Section        0  stm32f1xx_hal_rcc.o(i.HAL_RCC_ClockConfig)
    i.HAL_RCC_GetPCLK1Freq                   0x080021c8   Section        0  stm32f1xx_hal_rcc.o(i.HAL_RCC_GetPCLK1Freq)
    i.HAL_RCC_GetPCLK2Freq                   0x080021e8   Section        0  stm32f1xx_hal_rcc.o(i.HAL_RCC_GetPCLK2Freq)
    i.HAL_RCC_GetSysClockFreq                0x08002208   Section        0  stm32f1xx_hal_rcc.o(i.HAL_RCC_GetSysClockFreq)
    i.HAL_RCC_OscConfig                      0x08002254   Section        0  stm32f1xx_hal_rcc.o(i.HAL_RCC_OscConfig)
    i.HAL_SPI_Init                           0x08002574   Section        0  stm32f1xx_hal_spi.o(i.HAL_SPI_Init)
    i.HAL_SPI_MspInit                        0x08002628   Section        0  spi.o(i.HAL_SPI_MspInit)
    i.HAL_SPI_TransmitReceive                0x08002698   Section        0  stm32f1xx_hal_spi.o(i.HAL_SPI_TransmitReceive)
    i.HAL_SYSTICK_Config                     0x08002888   Section        0  stm32f1xx_hal_cortex.o(i.HAL_SYSTICK_Config)
    i.HAL_TIMEx_MasterConfigSynchronization  0x080028b0   Section        0  stm32f1xx_hal_tim_ex.o(i.HAL_TIMEx_MasterConfigSynchronization)
    i.HAL_TIM_Base_Init                      0x08002918   Section        0  stm32f1xx_hal_tim.o(i.HAL_TIM_Base_Init)
    i.HAL_TIM_Base_MspInit                   0x08002974   Section        0  tim.o(i.HAL_TIM_Base_MspInit)
    i.HAL_TIM_ConfigClockSource              0x08002998   Section        0  stm32f1xx_hal_tim.o(i.HAL_TIM_ConfigClockSource)
    i.HAL_TIM_MspPostInit                    0x08002a74   Section        0  tim.o(i.HAL_TIM_MspPostInit)
    i.HAL_TIM_PWM_ConfigChannel              0x08002ad4   Section        0  stm32f1xx_hal_tim.o(i.HAL_TIM_PWM_ConfigChannel)
    i.HAL_TIM_PWM_Init                       0x08002ba0   Section        0  stm32f1xx_hal_tim.o(i.HAL_TIM_PWM_Init)
    i.HAL_TIM_PWM_MspInit                    0x08002bfa   Section        0  stm32f1xx_hal_tim.o(i.HAL_TIM_PWM_MspInit)
    i.HAL_TIM_PWM_Start                      0x08002bfc   Section        0  stm32f1xx_hal_tim.o(i.HAL_TIM_PWM_Start)
    i.HAL_TIM_PWM_Stop                       0x08002c98   Section        0  stm32f1xx_hal_tim.o(i.HAL_TIM_PWM_Stop)
    i.HAL_UARTEx_RxEventCallback             0x08002d08   Section        0  stm32f1xx_hal_uart.o(i.HAL_UARTEx_RxEventCallback)
    i.HAL_UART_ErrorCallback                 0x08002d0a   Section        0  stm32f1xx_hal_uart.o(i.HAL_UART_ErrorCallback)
    i.HAL_UART_IRQHandler                    0x08002d0c   Section        0  stm32f1xx_hal_uart.o(i.HAL_UART_IRQHandler)
    i.HAL_UART_Init                          0x08002f78   Section        0  stm32f1xx_hal_uart.o(i.HAL_UART_Init)
    i.HAL_UART_MspInit                       0x08002fdc   Section        0  usart.o(i.HAL_UART_MspInit)
    i.HAL_UART_Receive_IT                    0x0800305c   Section        0  stm32f1xx_hal_uart.o(i.HAL_UART_Receive_IT)
    i.HAL_UART_RxCpltCallback                0x08003078   Section        0  stm32f1xx_it.o(i.HAL_UART_RxCpltCallback)
    i.HAL_UART_Transmit                      0x080030b4   Section        0  stm32f1xx_hal_uart.o(i.HAL_UART_Transmit)
    i.HAL_UART_TxCpltCallback                0x08003154   Section        0  stm32f1xx_hal_uart.o(i.HAL_UART_TxCpltCallback)
    i.HardFault_Handler                      0x08003156   Section        0  stm32f1xx_it.o(i.HardFault_Handler)
    i.I2C_Start                              0x08003158   Section        0  oled.o(i.I2C_Start)
    i.I2C_Stop                               0x0800319c   Section        0  oled.o(i.I2C_Stop)
    i.I2C_WaitAck                            0x080031d0   Section        0  oled.o(i.I2C_WaitAck)
    i.IIC_delay                              0x08003208   Section        0  oled.o(i.IIC_delay)
    i.KeyToNumber                            0x08003212   Section        0  ui.o(i.KeyToNumber)
    KeyToNumber                              0x08003213   Thumb Code    68  ui.o(i.KeyToNumber)
    i.Key_Scan                               0x08003258   Section        0  main.o(i.Key_Scan)
    i.MFRC_ClrBitMask                        0x080033f0   Section        0  rc522.o(i.MFRC_ClrBitMask)
    i.MFRC_CmdFrame                          0x08003408   Section        0  rc522.o(i.MFRC_CmdFrame)
    i.MFRC_Init                              0x08003528   Section        0  rc522.o(i.MFRC_Init)
    i.MFRC_ReadReg                           0x0800354c   Section        0  rc522.o(i.MFRC_ReadReg)
    i.MFRC_SetBitMask                        0x08003584   Section        0  rc522.o(i.MFRC_SetBitMask)
    i.MFRC_WriteReg                          0x0800359c   Section        0  rc522.o(i.MFRC_WriteReg)
    i.MX_ADC1_Init                           0x080035d0   Section        0  adc.o(i.MX_ADC1_Init)
    i.MX_GPIO_Init                           0x08003620   Section        0  gpio.o(i.MX_GPIO_Init)
    i.MX_SPI1_Init                           0x0800374c   Section        0  spi.o(i.MX_SPI1_Init)
    i.MX_TIM2_Init                           0x08003794   Section        0  tim.o(i.MX_TIM2_Init)
    i.MX_USART3_UART_Init                    0x0800382c   Section        0  usart.o(i.MX_USART3_UART_Init)
    i.MemManage_Handler                      0x08003874   Section        0  stm32f1xx_it.o(i.MemManage_Handler)
    i.NMI_Handler                            0x08003876   Section        0  stm32f1xx_it.o(i.NMI_Handler)
    i.OLED_Clear                             0x08003878   Section        0  oled.o(i.OLED_Clear)
    i.OLED_DrawPoint                         0x080038a4   Section        0  oled.o(i.OLED_DrawPoint)
    i.OLED_Init                              0x080038d0   Section        0  oled.o(i.OLED_Init)
    i.OLED_Pow                               0x080039aa   Section        0  oled.o(i.OLED_Pow)
    i.OLED_Refresh                           0x080039bc   Section        0  oled.o(i.OLED_Refresh)
    i.OLED_ShowChar                          0x08003a24   Section        0  oled.o(i.OLED_ShowChar)
    i.OLED_ShowHex                           0x08003b08   Section        0  oled.o(i.OLED_ShowHex)
    i.OLED_ShowNum                           0x08003b64   Section        0  oled.o(i.OLED_ShowNum)
    i.OLED_ShowString                        0x08003bd2   Section        0  oled.o(i.OLED_ShowString)
    i.OLED_WR_Byte                           0x08003c0e   Section        0  oled.o(i.OLED_WR_Byte)
    i.PCD_AntennaOff                         0x08003c44   Section        0  rc522.o(i.PCD_AntennaOff)
    i.PCD_AntennaOn                          0x08003c4c   Section        0  rc522.o(i.PCD_AntennaOn)
    i.PCD_Anticoll                           0x08003c66   Section        0  rc522.o(i.PCD_Anticoll)
    i.PCD_Init                               0x08003cd0   Section        0  rc522.o(i.PCD_Init)
    i.PCD_Request                            0x08003ce6   Section        0  rc522.o(i.PCD_Request)
    i.PCD_Reset                              0x08003d38   Section        0  rc522.o(i.PCD_Reset)
    i.PendSV_Handler                         0x08003dc0   Section        0  stm32f1xx_it.o(i.PendSV_Handler)
    i.SPI1_RW_Byte                           0x08003dc4   Section        0  rc522.o(i.SPI1_RW_Byte)
    i.SPI_EndRxTxTransaction                 0x08003de4   Section        0  stm32f1xx_hal_spi.o(i.SPI_EndRxTxTransaction)
    SPI_EndRxTxTransaction                   0x08003de5   Thumb Code    52  stm32f1xx_hal_spi.o(i.SPI_EndRxTxTransaction)
    i.SPI_WaitFlagStateUntilTimeout          0x08003e18   Section        0  stm32f1xx_hal_spi.o(i.SPI_WaitFlagStateUntilTimeout)
    SPI_WaitFlagStateUntilTimeout            0x08003e19   Thumb Code   180  stm32f1xx_hal_spi.o(i.SPI_WaitFlagStateUntilTimeout)
    i.SVC_Handler                            0x08003ed0   Section        0  stm32f1xx_it.o(i.SVC_Handler)
    i.Send_Byte                              0x08003ed4   Section        0  oled.o(i.Send_Byte)
    i.SysTick_Handler                        0x08003f28   Section        0  stm32f1xx_it.o(i.SysTick_Handler)
    i.SystemClock_Config                     0x08003f2c   Section        0  main.o(i.SystemClock_Config)
    i.SystemInit                             0x08003fa4   Section        0  system_stm32f1xx.o(i.SystemInit)
    i.TIM_Base_SetConfig                     0x08003fa8   Section        0  stm32f1xx_hal_tim.o(i.TIM_Base_SetConfig)
    i.TIM_CCxChannelCmd                      0x08004020   Section        0  stm32f1xx_hal_tim.o(i.TIM_CCxChannelCmd)
    i.TIM_ETR_SetConfig                      0x0800403a   Section        0  stm32f1xx_hal_tim.o(i.TIM_ETR_SetConfig)
    i.TIM_ITRx_SetConfig                     0x0800404e   Section        0  stm32f1xx_hal_tim.o(i.TIM_ITRx_SetConfig)
    TIM_ITRx_SetConfig                       0x0800404f   Thumb Code    16  stm32f1xx_hal_tim.o(i.TIM_ITRx_SetConfig)
    i.TIM_OC1_SetConfig                      0x08004060   Section        0  stm32f1xx_hal_tim.o(i.TIM_OC1_SetConfig)
    TIM_OC1_SetConfig                        0x08004061   Thumb Code    74  stm32f1xx_hal_tim.o(i.TIM_OC1_SetConfig)
    i.TIM_OC2_SetConfig                      0x080040b0   Section        0  stm32f1xx_hal_tim.o(i.TIM_OC2_SetConfig)
    i.TIM_OC3_SetConfig                      0x08004108   Section        0  stm32f1xx_hal_tim.o(i.TIM_OC3_SetConfig)
    TIM_OC3_SetConfig                        0x08004109   Thumb Code    82  stm32f1xx_hal_tim.o(i.TIM_OC3_SetConfig)
    i.TIM_OC4_SetConfig                      0x08004160   Section        0  stm32f1xx_hal_tim.o(i.TIM_OC4_SetConfig)
    TIM_OC4_SetConfig                        0x08004161   Thumb Code    64  stm32f1xx_hal_tim.o(i.TIM_OC4_SetConfig)
    i.TIM_TI1_ConfigInputStage               0x080041a4   Section        0  stm32f1xx_hal_tim.o(i.TIM_TI1_ConfigInputStage)
    TIM_TI1_ConfigInputStage                 0x080041a5   Thumb Code    34  stm32f1xx_hal_tim.o(i.TIM_TI1_ConfigInputStage)
    i.TIM_TI2_ConfigInputStage               0x080041c6   Section        0  stm32f1xx_hal_tim.o(i.TIM_TI2_ConfigInputStage)
    TIM_TI2_ConfigInputStage                 0x080041c7   Thumb Code    36  stm32f1xx_hal_tim.o(i.TIM_TI2_ConfigInputStage)
    i.UART_DMAAbortOnError                   0x080041ea   Section        0  stm32f1xx_hal_uart.o(i.UART_DMAAbortOnError)
    UART_DMAAbortOnError                     0x080041eb   Thumb Code    16  stm32f1xx_hal_uart.o(i.UART_DMAAbortOnError)
    i.UART_EndRxTransfer                     0x080041fa   Section        0  stm32f1xx_hal_uart.o(i.UART_EndRxTransfer)
    UART_EndRxTransfer                       0x080041fb   Thumb Code    78  stm32f1xx_hal_uart.o(i.UART_EndRxTransfer)
    i.UART_Receive_IT                        0x08004248   Section        0  stm32f1xx_hal_uart.o(i.UART_Receive_IT)
    UART_Receive_IT                          0x08004249   Thumb Code   194  stm32f1xx_hal_uart.o(i.UART_Receive_IT)
    i.UART_SetConfig                         0x0800430c   Section        0  stm32f1xx_hal_uart.o(i.UART_SetConfig)
    UART_SetConfig                           0x0800430d   Thumb Code   178  stm32f1xx_hal_uart.o(i.UART_SetConfig)
    i.UART_Start_Receive_IT                  0x080043c4   Section        0  stm32f1xx_hal_uart.o(i.UART_Start_Receive_IT)
    i.UART_WaitOnFlagUntilTimeout            0x080043fa   Section        0  stm32f1xx_hal_uart.o(i.UART_WaitOnFlagUntilTimeout)
    UART_WaitOnFlagUntilTimeout              0x080043fb   Thumb Code   114  stm32f1xx_hal_uart.o(i.UART_WaitOnFlagUntilTimeout)
    i.UI_CheckTwoCards                       0x0800446c   Section        0  ui.o(i.UI_CheckTwoCards)
    i.UI_DebugShowCards                      0x080044ac   Section        0  ui.o(i.UI_DebugShowCards)
    i.UI_DisplayIdle                         0x0800456c   Section        0  ui.o(i.UI_DisplayIdle)
    i.UI_EnterAdminMode                      0x08004570   Section        0  ui.o(i.UI_EnterAdminMode)
    i.UI_EnterSelectMode                     0x08004588   Section        0  ui.o(i.UI_EnterSelectMode)
    i.UI_HandleKey                           0x0800459c   Section        0  ui.o(i.UI_HandleKey)
    i.UI_HandleUnlockSuccess                 0x08004c44   Section        0  ui.o(i.UI_HandleUnlockSuccess)
    UI_HandleUnlockSuccess                   0x08004c45   Thumb Code   174  ui.o(i.UI_HandleUnlockSuccess)
    i.UI_Init                                0x08004d3c   Section        0  ui.o(i.UI_Init)
    i.UI_InitLED                             0x08004d68   Section        0  ui.o(i.UI_InitLED)
    i.UI_Process                             0x08004d84   Section        0  ui.o(i.UI_Process)
    i.UI_ProcessUnlockState                  0x08004f80   Section        0  ui.o(i.UI_ProcessUnlockState)
    UI_ProcessUnlockState                    0x08004f81   Thumb Code    82  ui.o(i.UI_ProcessUnlockState)
    i.UI_ReadLightValue                      0x08004fdc   Section        0  ui.o(i.UI_ReadLightValue)
    UI_ReadLightValue                        0x08004fdd   Thumb Code    58  ui.o(i.UI_ReadLightValue)
    i.UI_SetLEDBrightness                    0x0800501c   Section        0  ui.o(i.UI_SetLEDBrightness)
    UI_SetLEDBrightness                      0x0800501d   Thumb Code    66  ui.o(i.UI_SetLEDBrightness)
    i.UI_TriggerRelayWithWelcome             0x08005064   Section        0  ui.o(i.UI_TriggerRelayWithWelcome)
    i.USART3_IRQHandler                      0x08005068   Section        0  stm32f1xx_it.o(i.USART3_IRQHandler)
    i.UsageFault_Handler                     0x08005074   Section        0  stm32f1xx_it.o(i.UsageFault_Handler)
    i.__NVIC_SetPriority                     0x08005076   Section        0  stm32f1xx_hal_cortex.o(i.__NVIC_SetPriority)
    __NVIC_SetPriority                       0x08005077   Thumb Code    32  stm32f1xx_hal_cortex.o(i.__NVIC_SetPriority)
    i.main                                   0x08005098   Section        0  main.o(i.main)
    .constdata                               0x08005118   Section       18  stm32f1xx_hal_rcc.o(.constdata)
    aPredivFactorTable                       0x08005118   Data           2  stm32f1xx_hal_rcc.o(.constdata)
    aPLLMULFactorTable                       0x0800511a   Data          16  stm32f1xx_hal_rcc.o(.constdata)
    .constdata                               0x0800512a   Section       18  stm32f1xx_hal_rcc_ex.o(.constdata)
    aPredivFactorTable                       0x0800512a   Data           2  stm32f1xx_hal_rcc_ex.o(.constdata)
    aPLLMULFactorTable                       0x0800512c   Data          16  stm32f1xx_hal_rcc_ex.o(.constdata)
    .constdata                               0x0800513c   Section       16  system_stm32f1xx.o(.constdata)
    .constdata                               0x0800514c   Section        8  system_stm32f1xx.o(.constdata)
    .constdata                               0x08005154   Section     6632  oled.o(.constdata)
    .data                                    0x20000000   Section        1  main.o(.data)
    lastKey                                  0x20000000   Data           1  main.o(.data)
    .data                                    0x20000004   Section       12  stm32f1xx_hal.o(.data)
    .data                                    0x20000010   Section        4  system_stm32f1xx.o(.data)
    .data                                    0x20000014   Section        8  as608.o(.data)
    .data                                    0x2000001c   Section       36  ui.o(.data)
    currentState                             0x2000001c   Data           1  ui.o(.data)
    selectedType                             0x2000001d   Data           1  ui.o(.data)
    displayPage                              0x2000001e   Data           1  ui.o(.data)
    selectedMode                             0x2000001f   Data           1  ui.o(.data)
    passwordIndex                            0x20000020   Data           1  ui.o(.data)
    cardDetectedFlag                         0x20000021   Data           1  ui.o(.data)
    adminMenuIndex                           0x20000022   Data           1  ui.o(.data)
    newPasswordIndex                         0x20000023   Data           1  ui.o(.data)
    confirmPasswordIndex                     0x20000024   Data           1  ui.o(.data)
    adminCardDetectedFlag                    0x20000025   Data           1  ui.o(.data)
    unlockSuccessFlag                        0x20000026   Data           1  ui.o(.data)
    selectedFingerID                         0x20000028   Data           2  ui.o(.data)
    lastLedAdjustTime                        0x2000002c   Data           4  ui.o(.data)
    relayStartTime                           0x20000030   Data           4  ui.o(.data)
    password                                 0x20000034   Data           4  ui.o(.data)
    newPassword                              0x20000038   Data           4  ui.o(.data)
    confirmPassword                          0x2000003c   Data           4  ui.o(.data)
    .bss                                     0x20000040   Section       48  adc.o(.bss)
    .bss                                     0x20000070   Section       88  spi.o(.bss)
    .bss                                     0x200000c8   Section       72  tim.o(.bss)
    .bss                                     0x20000110   Section       72  usart.o(.bss)
    .bss                                     0x20000158   Section       32  stm32f1xx_hal_flash.o(.bss)
    .bss                                     0x20000178   Section     1152  oled.o(.bss)
    .bss                                     0x200005f8   Section      256  as608.o(.bss)
    .bss                                     0x200006f8   Section       96  libspace.o(.bss)
    HEAP                                     0x20000758   Section      512  startup_stm32f103xb.o(HEAP)
    Heap_Mem                                 0x20000758   Data         512  startup_stm32f103xb.o(HEAP)
    STACK                                    0x20000958   Section     1024  startup_stm32f103xb.o(STACK)
    Stack_Mem                                0x20000958   Data        1024  startup_stm32f103xb.o(STACK)
    __initial_sp                             0x20000d58   Data           0  startup_stm32f103xb.o(STACK)

    Global Symbols

    Symbol Name                              Value     Ov Type        Size  Object(Section)

    BuildAttributes$$THM_ISAv4$P$D$K$B$S$PE$A:L22UL41UL21$X:L11$S22US41US21$IEEE1$IW$USESV6$~STKCKD$USESV7$~SHL$OSPACE$ROPI$EBA8$UX$STANDARDLIB$REQ8$PRES8$EABIv2 0x00000000   Number         0  anon$$obj.o ABSOLUTE
    __ARM_use_no_argv                        0x00000000   Number         0  main.o ABSOLUTE
    __ARM_exceptions_init                     - Undefined Weak Reference
    __alloca_initialize                       - Undefined Weak Reference
    __arm_preinit_                            - Undefined Weak Reference
    __cpp_initialize__aeabi_                  - Undefined Weak Reference
    __cxa_finalize                            - Undefined Weak Reference
    __rt_locale                               - Undefined Weak Reference
    __sigvec_lookup                           - Undefined Weak Reference
    _atexit_init                              - Undefined Weak Reference
    _call_atexit_fns                          - Undefined Weak Reference
    _clock_init                               - Undefined Weak Reference
    _fp_trap_init                             - Undefined Weak Reference
    _fp_trap_shutdown                         - Undefined Weak Reference
    _get_lc_collate                           - Undefined Weak Reference
    _get_lc_ctype                             - Undefined Weak Reference
    _get_lc_monetary                          - Undefined Weak Reference
    _get_lc_numeric                           - Undefined Weak Reference
    _get_lc_time                              - Undefined Weak Reference
    _getenv_init                              - Undefined Weak Reference
    _handle_redirection                       - Undefined Weak Reference
    _init_alloc                               - Undefined Weak Reference
    _init_user_alloc                          - Undefined Weak Reference
    _initio                                   - Undefined Weak Reference
    _rand_init                                - Undefined Weak Reference
    _signal_finish                            - Undefined Weak Reference
    _signal_init                              - Undefined Weak Reference
    _terminate_alloc                          - Undefined Weak Reference
    _terminate_user_alloc                     - Undefined Weak Reference
    _terminateio                              - Undefined Weak Reference
    __Vectors_Size                           0x000000ec   Number         0  startup_stm32f103xb.o ABSOLUTE
    __Vectors                                0x08000000   Data           4  startup_stm32f103xb.o(RESET)
    __Vectors_End                            0x080000ec   Data           0  startup_stm32f103xb.o(RESET)
    __main                                   0x080000ed   Thumb Code     8  __main.o(!!!main)
    __scatterload                            0x080000f5   Thumb Code     0  __scatter.o(!!!scatter)
    __scatterload_rt2                        0x080000f5   Thumb Code    44  __scatter.o(!!!scatter)
    __scatterload_rt2_thumb_only             0x080000f5   Thumb Code     0  __scatter.o(!!!scatter)
    __scatterload_null                       0x08000103   Thumb Code     0  __scatter.o(!!!scatter)
    __scatterload_copy                       0x08000129   Thumb Code    26  __scatter_copy.o(!!handler_copy)
    __scatterload_zeroinit                   0x08000145   Thumb Code    28  __scatter_zi.o(!!handler_zi)
    __rt_lib_init                            0x08000161   Thumb Code     0  libinit.o(.ARM.Collect$$libinit$$00000000)
    __rt_lib_init_alloca_1                   0x08000163   Thumb Code     0  libinit2.o(.ARM.Collect$$libinit$$0000002E)
    __rt_lib_init_argv_1                     0x08000163   Thumb Code     0  libinit2.o(.ARM.Collect$$libinit$$0000002C)
    __rt_lib_init_atexit_1                   0x08000163   Thumb Code     0  libinit2.o(.ARM.Collect$$libinit$$0000001B)
    __rt_lib_init_clock_1                    0x08000163   Thumb Code     0  libinit2.o(.ARM.Collect$$libinit$$00000021)
    __rt_lib_init_cpp_1                      0x08000163   Thumb Code     0  libinit2.o(.ARM.Collect$$libinit$$00000032)
    __rt_lib_init_exceptions_1               0x08000163   Thumb Code     0  libinit2.o(.ARM.Collect$$libinit$$00000030)
    __rt_lib_init_fp_1                       0x08000163   Thumb Code     0  libinit2.o(.ARM.Collect$$libinit$$00000002)
    __rt_lib_init_fp_trap_1                  0x08000163   Thumb Code     0  libinit2.o(.ARM.Collect$$libinit$$0000001F)
    __rt_lib_init_getenv_1                   0x08000163   Thumb Code     0  libinit2.o(.ARM.Collect$$libinit$$00000023)
    __rt_lib_init_heap_1                     0x08000163   Thumb Code     0  libinit2.o(.ARM.Collect$$libinit$$0000000A)
    __rt_lib_init_lc_collate_1               0x08000163   Thumb Code     0  libinit2.o(.ARM.Collect$$libinit$$00000011)
    __rt_lib_init_lc_ctype_1                 0x08000163   Thumb Code     0  libinit2.o(.ARM.Collect$$libinit$$00000013)
    __rt_lib_init_lc_monetary_1              0x08000163   Thumb Code     0  libinit2.o(.ARM.Collect$$libinit$$00000015)
    __rt_lib_init_lc_numeric_1               0x08000163   Thumb Code     0  libinit2.o(.ARM.Collect$$libinit$$00000017)
    __rt_lib_init_lc_time_1                  0x08000163   Thumb Code     0  libinit2.o(.ARM.Collect$$libinit$$00000019)
    __rt_lib_init_preinit_1                  0x08000163   Thumb Code     0  libinit2.o(.ARM.Collect$$libinit$$00000004)
    __rt_lib_init_rand_1                     0x08000163   Thumb Code     0  libinit2.o(.ARM.Collect$$libinit$$0000000E)
    __rt_lib_init_return                     0x08000163   Thumb Code     0  libinit2.o(.ARM.Collect$$libinit$$00000033)
    __rt_lib_init_signal_1                   0x08000163   Thumb Code     0  libinit2.o(.ARM.Collect$$libinit$$0000001D)
    __rt_lib_init_stdio_1                    0x08000163   Thumb Code     0  libinit2.o(.ARM.Collect$$libinit$$00000025)
    __rt_lib_init_user_alloc_1               0x08000163   Thumb Code     0  libinit2.o(.ARM.Collect$$libinit$$0000000C)
    __rt_lib_shutdown                        0x08000165   Thumb Code     0  libshutdown.o(.ARM.Collect$$libshutdown$$00000000)
    __rt_lib_shutdown_cpp_1                  0x08000167   Thumb Code     0  libshutdown2.o(.ARM.Collect$$libshutdown$$00000002)
    __rt_lib_shutdown_fp_trap_1              0x08000167   Thumb Code     0  libshutdown2.o(.ARM.Collect$$libshutdown$$00000007)
    __rt_lib_shutdown_heap_1                 0x08000167   Thumb Code     0  libshutdown2.o(.ARM.Collect$$libshutdown$$0000000F)
    __rt_lib_shutdown_return                 0x08000167   Thumb Code     0  libshutdown2.o(.ARM.Collect$$libshutdown$$00000010)
    __rt_lib_shutdown_signal_1               0x08000167   Thumb Code     0  libshutdown2.o(.ARM.Collect$$libshutdown$$0000000A)
    __rt_lib_shutdown_stdio_1                0x08000167   Thumb Code     0  libshutdown2.o(.ARM.Collect$$libshutdown$$00000004)
    __rt_lib_shutdown_user_alloc_1           0x08000167   Thumb Code     0  libshutdown2.o(.ARM.Collect$$libshutdown$$0000000C)
    __rt_entry                               0x08000169   Thumb Code     0  __rtentry.o(.ARM.Collect$$rtentry$$00000000)
    __rt_entry_presh_1                       0x08000169   Thumb Code     0  __rtentry2.o(.ARM.Collect$$rtentry$$00000002)
    __rt_entry_sh                            0x08000169   Thumb Code     0  __rtentry4.o(.ARM.Collect$$rtentry$$00000004)
    __rt_entry_li                            0x0800016f   Thumb Code     0  __rtentry2.o(.ARM.Collect$$rtentry$$0000000A)
    __rt_entry_postsh_1                      0x0800016f   Thumb Code     0  __rtentry2.o(.ARM.Collect$$rtentry$$00000009)
    __rt_entry_main                          0x08000173   Thumb Code     0  __rtentry2.o(.ARM.Collect$$rtentry$$0000000D)
    __rt_entry_postli_1                      0x08000173   Thumb Code     0  __rtentry2.o(.ARM.Collect$$rtentry$$0000000C)
    __rt_exit                                0x0800017b   Thumb Code     0  rtexit.o(.ARM.Collect$$rtexit$$00000000)
    __rt_exit_ls                             0x0800017d   Thumb Code     0  rtexit2.o(.ARM.Collect$$rtexit$$00000003)
    __rt_exit_prels_1                        0x0800017d   Thumb Code     0  rtexit2.o(.ARM.Collect$$rtexit$$00000002)
    __rt_exit_exit                           0x08000181   Thumb Code     0  rtexit2.o(.ARM.Collect$$rtexit$$00000004)
    Reset_Handler                            0x08000189   Thumb Code     8  startup_stm32f103xb.o(.text)
    ADC1_2_IRQHandler                        0x080001a3   Thumb Code     0  startup_stm32f103xb.o(.text)
    CAN1_RX1_IRQHandler                      0x080001a3   Thumb Code     0  startup_stm32f103xb.o(.text)
    CAN1_SCE_IRQHandler                      0x080001a3   Thumb Code     0  startup_stm32f103xb.o(.text)
    DMA1_Channel1_IRQHandler                 0x080001a3   Thumb Code     0  startup_stm32f103xb.o(.text)
    DMA1_Channel2_IRQHandler                 0x080001a3   Thumb Code     0  startup_stm32f103xb.o(.text)
    DMA1_Channel3_IRQHandler                 0x080001a3   Thumb Code     0  startup_stm32f103xb.o(.text)
    DMA1_Channel4_IRQHandler                 0x080001a3   Thumb Code     0  startup_stm32f103xb.o(.text)
    DMA1_Channel5_IRQHandler                 0x080001a3   Thumb Code     0  startup_stm32f103xb.o(.text)
    DMA1_Channel6_IRQHandler                 0x080001a3   Thumb Code     0  startup_stm32f103xb.o(.text)
    DMA1_Channel7_IRQHandler                 0x080001a3   Thumb Code     0  startup_stm32f103xb.o(.text)
    EXTI0_IRQHandler                         0x080001a3   Thumb Code     0  startup_stm32f103xb.o(.text)
    EXTI15_10_IRQHandler                     0x080001a3   Thumb Code     0  startup_stm32f103xb.o(.text)
    EXTI1_IRQHandler                         0x080001a3   Thumb Code     0  startup_stm32f103xb.o(.text)
    EXTI2_IRQHandler                         0x080001a3   Thumb Code     0  startup_stm32f103xb.o(.text)
    EXTI3_IRQHandler                         0x080001a3   Thumb Code     0  startup_stm32f103xb.o(.text)
    EXTI4_IRQHandler                         0x080001a3   Thumb Code     0  startup_stm32f103xb.o(.text)
    EXTI9_5_IRQHandler                       0x080001a3   Thumb Code     0  startup_stm32f103xb.o(.text)
    FLASH_IRQHandler                         0x080001a3   Thumb Code     0  startup_stm32f103xb.o(.text)
    I2C1_ER_IRQHandler                       0x080001a3   Thumb Code     0  startup_stm32f103xb.o(.text)
    I2C1_EV_IRQHandler                       0x080001a3   Thumb Code     0  startup_stm32f103xb.o(.text)
    I2C2_ER_IRQHandler                       0x080001a3   Thumb Code     0  startup_stm32f103xb.o(.text)
    I2C2_EV_IRQHandler                       0x080001a3   Thumb Code     0  startup_stm32f103xb.o(.text)
    PVD_IRQHandler                           0x080001a3   Thumb Code     0  startup_stm32f103xb.o(.text)
    RCC_IRQHandler                           0x080001a3   Thumb Code     0  startup_stm32f103xb.o(.text)
    RTC_Alarm_IRQHandler                     0x080001a3   Thumb Code     0  startup_stm32f103xb.o(.text)
    RTC_IRQHandler                           0x080001a3   Thumb Code     0  startup_stm32f103xb.o(.text)
    SPI1_IRQHandler                          0x080001a3   Thumb Code     0  startup_stm32f103xb.o(.text)
    SPI2_IRQHandler                          0x080001a3   Thumb Code     0  startup_stm32f103xb.o(.text)
    TAMPER_IRQHandler                        0x080001a3   Thumb Code     0  startup_stm32f103xb.o(.text)
    TIM1_BRK_IRQHandler                      0x080001a3   Thumb Code     0  startup_stm32f103xb.o(.text)
    TIM1_CC_IRQHandler                       0x080001a3   Thumb Code     0  startup_stm32f103xb.o(.text)
    TIM1_TRG_COM_IRQHandler                  0x080001a3   Thumb Code     0  startup_stm32f103xb.o(.text)
    TIM1_UP_IRQHandler                       0x080001a3   Thumb Code     0  startup_stm32f103xb.o(.text)
    TIM2_IRQHandler                          0x080001a3   Thumb Code     0  startup_stm32f103xb.o(.text)
    TIM3_IRQHandler                          0x080001a3   Thumb Code     0  startup_stm32f103xb.o(.text)
    TIM4_IRQHandler                          0x080001a3   Thumb Code     0  startup_stm32f103xb.o(.text)
    USART1_IRQHandler                        0x080001a3   Thumb Code     0  startup_stm32f103xb.o(.text)
    USART2_IRQHandler                        0x080001a3   Thumb Code     0  startup_stm32f103xb.o(.text)
    USBWakeUp_IRQHandler                     0x080001a3   Thumb Code     0  startup_stm32f103xb.o(.text)
    USB_HP_CAN1_TX_IRQHandler                0x080001a3   Thumb Code     0  startup_stm32f103xb.o(.text)
    USB_LP_CAN1_RX0_IRQHandler               0x080001a3   Thumb Code     0  startup_stm32f103xb.o(.text)
    WWDG_IRQHandler                          0x080001a3   Thumb Code     0  startup_stm32f103xb.o(.text)
    __user_initial_stackheap                 0x080001a5   Thumb Code     0  startup_stm32f103xb.o(.text)
    __aeabi_llsr                             0x080001c9   Thumb Code     0  llushr.o(.text)
    _ll_ushift_r                             0x080001c9   Thumb Code    38  llushr.o(.text)
    __aeabi_memcpy                           0x080001ef   Thumb Code     0  rt_memcpy_v6.o(.text)
    __rt_memcpy                              0x080001ef   Thumb Code   138  rt_memcpy_v6.o(.text)
    _memcpy_lastbytes                        0x08000255   Thumb Code     0  rt_memcpy_v6.o(.text)
    __aeabi_memclr4                          0x08000279   Thumb Code     0  rt_memclr_w.o(.text)
    __aeabi_memclr8                          0x08000279   Thumb Code     0  rt_memclr_w.o(.text)
    __rt_memclr_w                            0x08000279   Thumb Code    78  rt_memclr_w.o(.text)
    _memset_w                                0x0800027d   Thumb Code     0  rt_memclr_w.o(.text)
    __use_two_region_memory                  0x080002c7   Thumb Code     2  heapauxi.o(.text)
    __rt_heap_escrow$2region                 0x080002c9   Thumb Code     2  heapauxi.o(.text)
    __rt_heap_expand$2region                 0x080002cb   Thumb Code     2  heapauxi.o(.text)
    __aeabi_memcpy4                          0x080002cd   Thumb Code     0  rt_memcpy_w.o(.text)
    __aeabi_memcpy8                          0x080002cd   Thumb Code     0  rt_memcpy_w.o(.text)
    __rt_memcpy_w                            0x080002cd   Thumb Code   100  rt_memcpy_w.o(.text)
    _memcpy_lastbytes_aligned                0x08000315   Thumb Code     0  rt_memcpy_w.o(.text)
    __user_setup_stackheap                   0x08000331   Thumb Code    74  sys_stackheap_outer.o(.text)
    exit                                     0x0800037b   Thumb Code    18  exit.o(.text)
    __user_libspace                          0x0800038d   Thumb Code     8  libspace.o(.text)
    __user_perproc_libspace                  0x0800038d   Thumb Code     0  libspace.o(.text)
    __user_perthread_libspace                0x0800038d   Thumb Code     0  libspace.o(.text)
    _sys_exit                                0x08000395   Thumb Code     8  sys_exit.o(.text)
    __I$use$semihosting                      0x080003a1   Thumb Code     0  use_no_semi.o(.text)
    __use_no_semihosting_swi                 0x080003a1   Thumb Code     2  use_no_semi.o(.text)
    __semihosting_library_function           0x080003a3   Thumb Code     0  indicate_semi.o(.text)
    ADC_ConversionStop_Disable               0x080003a5   Thumb Code    86  stm32f1xx_hal_adc.o(i.ADC_ConversionStop_Disable)
    ADC_Enable                               0x080003fd   Thumb Code   114  stm32f1xx_hal_adc.o(i.ADC_Enable)
    AS608_DeleteChar                         0x08000479   Thumb Code    62  as608.o(i.AS608_DeleteChar)
    AS608_GenChar                            0x080004b7   Thumb Code    46  as608.o(i.AS608_GenChar)
    AS608_GetImage                           0x080004e5   Thumb Code    42  as608.o(i.AS608_GetImage)
    AS608_Init                               0x0800050f   Thumb Code    40  as608.o(i.AS608_Init)
    AS608_RegModel                           0x080005a5   Thumb Code    42  as608.o(i.AS608_RegModel)
    AS608_Search                             0x080005cf   Thumb Code    92  as608.o(i.AS608_Search)
    AS608_StoreChar                          0x080006e1   Thumb Code    56  as608.o(i.AS608_StoreChar)
    AS608_VerifyFinger                       0x08000719   Thumb Code    42  as608.o(i.AS608_VerifyFinger)
    BusFault_Handler                         0x08000743   Thumb Code     2  stm32f1xx_it.o(i.BusFault_Handler)
    DebugMon_Handler                         0x08000745   Thumb Code     2  stm32f1xx_it.o(i.DebugMon_Handler)
    Error_Handler                            0x0800119d   Thumb Code     4  main.o(i.Error_Handler)
    FLASH_PageErase                          0x080011c5   Thumb Code    28  stm32f1xx_hal_flash_ex.o(i.FLASH_PageErase)
    FLASH_WaitForLastOperation               0x08001261   Thumb Code    80  stm32f1xx_hal_flash.o(i.FLASH_WaitForLastOperation)
    Flash_AddNFCID                           0x080012b5   Thumb Code   102  flash.o(i.Flash_AddNFCID)
    Flash_Init                               0x08001325   Thumb Code    82  flash.o(i.Flash_Init)
    Flash_ReadNFCIDs                         0x08001385   Thumb Code    52  flash.o(i.Flash_ReadNFCIDs)
    Flash_ReadPIN                            0x080013bd   Thumb Code    20  flash.o(i.Flash_ReadPIN)
    Flash_RemoveNFCID                        0x080013d5   Thumb Code   174  flash.o(i.Flash_RemoveNFCID)
    Flash_WritePIN                           0x0800148d   Thumb Code    60  flash.o(i.Flash_WritePIN)
    HAL_ADC_ConfigChannel                    0x080014cd   Thumb Code   240  stm32f1xx_hal_adc.o(i.HAL_ADC_ConfigChannel)
    HAL_ADC_GetValue                         0x080015c9   Thumb Code     6  stm32f1xx_hal_adc.o(i.HAL_ADC_GetValue)
    HAL_ADC_Init                             0x080015d1   Thumb Code   272  stm32f1xx_hal_adc.o(i.HAL_ADC_Init)
    HAL_ADC_MspInit                          0x080016ed   Thumb Code    76  adc.o(i.HAL_ADC_MspInit)
    HAL_ADC_PollForConversion                0x08001745   Thumb Code   304  stm32f1xx_hal_adc.o(i.HAL_ADC_PollForConversion)
    HAL_ADC_Start                            0x08001881   Thumb Code   184  stm32f1xx_hal_adc.o(i.HAL_ADC_Start)
    HAL_ADC_Stop                             0x08001941   Thumb Code    52  stm32f1xx_hal_adc.o(i.HAL_ADC_Stop)
    HAL_DMA_Abort                            0x08001975   Thumb Code    70  stm32f1xx_hal_dma.o(i.HAL_DMA_Abort)
    HAL_DMA_Abort_IT                         0x080019bd   Thumb Code   148  stm32f1xx_hal_dma.o(i.HAL_DMA_Abort_IT)
    HAL_Delay                                0x08001a55   Thumb Code    32  stm32f1xx_hal.o(i.HAL_Delay)
    HAL_FLASHEx_Erase                        0x08001a79   Thumb Code   160  stm32f1xx_hal_flash_ex.o(i.HAL_FLASHEx_Erase)
    HAL_FLASH_Lock                           0x08001b21   Thumb Code    14  stm32f1xx_hal_flash.o(i.HAL_FLASH_Lock)
    HAL_FLASH_Program                        0x08001b35   Thumb Code   120  stm32f1xx_hal_flash.o(i.HAL_FLASH_Program)
    HAL_FLASH_Unlock                         0x08001bb5   Thumb Code    28  stm32f1xx_hal_flash.o(i.HAL_FLASH_Unlock)
    HAL_GPIO_Init                            0x08001bdd   Thumb Code   446  stm32f1xx_hal_gpio.o(i.HAL_GPIO_Init)
    HAL_GPIO_ReadPin                         0x08001dbd   Thumb Code    10  stm32f1xx_hal_gpio.o(i.HAL_GPIO_ReadPin)
    HAL_GPIO_WritePin                        0x08001dc7   Thumb Code    10  stm32f1xx_hal_gpio.o(i.HAL_GPIO_WritePin)
    HAL_GetTick                              0x08001dd1   Thumb Code     6  stm32f1xx_hal.o(i.HAL_GetTick)
    HAL_IncTick                              0x08001ddd   Thumb Code    12  stm32f1xx_hal.o(i.HAL_IncTick)
    HAL_Init                                 0x08001ded   Thumb Code    32  stm32f1xx_hal.o(i.HAL_Init)
    HAL_InitTick                             0x08001e11   Thumb Code    54  stm32f1xx_hal.o(i.HAL_InitTick)
    HAL_MspInit                              0x08001e51   Thumb Code    52  stm32f1xx_hal_msp.o(i.HAL_MspInit)
    HAL_NVIC_EnableIRQ                       0x08001e8d   Thumb Code    26  stm32f1xx_hal_cortex.o(i.HAL_NVIC_EnableIRQ)
    HAL_NVIC_SetPriority                     0x08001ea9   Thumb Code    60  stm32f1xx_hal_cortex.o(i.HAL_NVIC_SetPriority)
    HAL_NVIC_SetPriorityGrouping             0x08001ee9   Thumb Code    26  stm32f1xx_hal_cortex.o(i.HAL_NVIC_SetPriorityGrouping)
    HAL_RCCEx_GetPeriphCLKFreq               0x08001f0d   Thumb Code   148  stm32f1xx_hal_rcc_ex.o(i.HAL_RCCEx_GetPeriphCLKFreq)
    HAL_RCCEx_PeriphCLKConfig                0x08001fb1   Thumb Code   224  stm32f1xx_hal_rcc_ex.o(i.HAL_RCCEx_PeriphCLKConfig)
    HAL_RCC_ClockConfig                      0x0800209d   Thumb Code   280  stm32f1xx_hal_rcc.o(i.HAL_RCC_ClockConfig)
    HAL_RCC_GetPCLK1Freq                     0x080021c9   Thumb Code    20  stm32f1xx_hal_rcc.o(i.HAL_RCC_GetPCLK1Freq)
    HAL_RCC_GetPCLK2Freq                     0x080021e9   Thumb Code    20  stm32f1xx_hal_rcc.o(i.HAL_RCC_GetPCLK2Freq)
    HAL_RCC_GetSysClockFreq                  0x08002209   Thumb Code    58  stm32f1xx_hal_rcc.o(i.HAL_RCC_GetSysClockFreq)
    HAL_RCC_OscConfig                        0x08002255   Thumb Code   778  stm32f1xx_hal_rcc.o(i.HAL_RCC_OscConfig)
    HAL_SPI_Init                             0x08002575   Thumb Code   178  stm32f1xx_hal_spi.o(i.HAL_SPI_Init)
    HAL_SPI_MspInit                          0x08002629   Thumb Code    98  spi.o(i.HAL_SPI_MspInit)
    HAL_SPI_TransmitReceive                  0x08002699   Thumb Code   496  stm32f1xx_hal_spi.o(i.HAL_SPI_TransmitReceive)
    HAL_SYSTICK_Config                       0x08002889   Thumb Code    40  stm32f1xx_hal_cortex.o(i.HAL_SYSTICK_Config)
    HAL_TIMEx_MasterConfigSynchronization    0x080028b1   Thumb Code    92  stm32f1xx_hal_tim_ex.o(i.HAL_TIMEx_MasterConfigSynchronization)
    HAL_TIM_Base_Init                        0x08002919   Thumb Code    90  stm32f1xx_hal_tim.o(i.HAL_TIM_Base_Init)
    HAL_TIM_Base_MspInit                     0x08002975   Thumb Code    30  tim.o(i.HAL_TIM_Base_MspInit)
    HAL_TIM_ConfigClockSource                0x08002999   Thumb Code   220  stm32f1xx_hal_tim.o(i.HAL_TIM_ConfigClockSource)
    HAL_TIM_MspPostInit                      0x08002a75   Thumb Code    82  tim.o(i.HAL_TIM_MspPostInit)
    HAL_TIM_PWM_ConfigChannel                0x08002ad5   Thumb Code   204  stm32f1xx_hal_tim.o(i.HAL_TIM_PWM_ConfigChannel)
    HAL_TIM_PWM_Init                         0x08002ba1   Thumb Code    90  stm32f1xx_hal_tim.o(i.HAL_TIM_PWM_Init)
    HAL_TIM_PWM_MspInit                      0x08002bfb   Thumb Code     2  stm32f1xx_hal_tim.o(i.HAL_TIM_PWM_MspInit)
    HAL_TIM_PWM_Start                        0x08002bfd   Thumb Code   144  stm32f1xx_hal_tim.o(i.HAL_TIM_PWM_Start)
    HAL_TIM_PWM_Stop                         0x08002c99   Thumb Code   108  stm32f1xx_hal_tim.o(i.HAL_TIM_PWM_Stop)
    HAL_UARTEx_RxEventCallback               0x08002d09   Thumb Code     2  stm32f1xx_hal_uart.o(i.HAL_UARTEx_RxEventCallback)
    HAL_UART_ErrorCallback                   0x08002d0b   Thumb Code     2  stm32f1xx_hal_uart.o(i.HAL_UART_ErrorCallback)
    HAL_UART_IRQHandler                      0x08002d0d   Thumb Code   616  stm32f1xx_hal_uart.o(i.HAL_UART_IRQHandler)
    HAL_UART_Init                            0x08002f79   Thumb Code   100  stm32f1xx_hal_uart.o(i.HAL_UART_Init)
    HAL_UART_MspInit                         0x08002fdd   Thumb Code   116  usart.o(i.HAL_UART_MspInit)
    HAL_UART_Receive_IT                      0x0800305d   Thumb Code    28  stm32f1xx_hal_uart.o(i.HAL_UART_Receive_IT)
    HAL_UART_RxCpltCallback                  0x08003079   Thumb Code    48  stm32f1xx_it.o(i.HAL_UART_RxCpltCallback)
    HAL_UART_Transmit                        0x080030b5   Thumb Code   160  stm32f1xx_hal_uart.o(i.HAL_UART_Transmit)
    HAL_UART_TxCpltCallback                  0x08003155   Thumb Code     2  stm32f1xx_hal_uart.o(i.HAL_UART_TxCpltCallback)
    HardFault_Handler                        0x08003157   Thumb Code     2  stm32f1xx_it.o(i.HardFault_Handler)
    I2C_Start                                0x08003159   Thumb Code    64  oled.o(i.I2C_Start)
    I2C_Stop                                 0x0800319d   Thumb Code    46  oled.o(i.I2C_Stop)
    I2C_WaitAck                              0x080031d1   Thumb Code    52  oled.o(i.I2C_WaitAck)
    IIC_delay                                0x08003209   Thumb Code    10  oled.o(i.IIC_delay)
    Key_Scan                                 0x08003259   Thumb Code   396  main.o(i.Key_Scan)
    MFRC_ClrBitMask                          0x080033f1   Thumb Code    24  rc522.o(i.MFRC_ClrBitMask)
    MFRC_CmdFrame                            0x08003409   Thumb Code   282  rc522.o(i.MFRC_CmdFrame)
    MFRC_Init                                0x08003529   Thumb Code    26  rc522.o(i.MFRC_Init)
    MFRC_ReadReg                             0x0800354d   Thumb Code    52  rc522.o(i.MFRC_ReadReg)
    MFRC_SetBitMask                          0x08003585   Thumb Code    24  rc522.o(i.MFRC_SetBitMask)
    MFRC_WriteReg                            0x0800359d   Thumb Code    48  rc522.o(i.MFRC_WriteReg)
    MX_ADC1_Init                             0x080035d1   Thumb Code    72  adc.o(i.MX_ADC1_Init)
    MX_GPIO_Init                             0x08003621   Thumb Code   282  gpio.o(i.MX_GPIO_Init)
    MX_SPI1_Init                             0x0800374d   Thumb Code    62  spi.o(i.MX_SPI1_Init)
    MX_TIM2_Init                             0x08003795   Thumb Code   148  tim.o(i.MX_TIM2_Init)
    MX_USART3_UART_Init                      0x0800382d   Thumb Code    60  usart.o(i.MX_USART3_UART_Init)
    MemManage_Handler                        0x08003875   Thumb Code     2  stm32f1xx_it.o(i.MemManage_Handler)
    NMI_Handler                              0x08003877   Thumb Code     2  stm32f1xx_it.o(i.NMI_Handler)
    OLED_Clear                               0x08003879   Thumb Code    40  oled.o(i.OLED_Clear)
    OLED_DrawPoint                           0x080038a5   Thumb Code    40  oled.o(i.OLED_DrawPoint)
    OLED_Init                                0x080038d1   Thumb Code   218  oled.o(i.OLED_Init)
    OLED_Pow                                 0x080039ab   Thumb Code    16  oled.o(i.OLED_Pow)
    OLED_Refresh                             0x080039bd   Thumb Code   100  oled.o(i.OLED_Refresh)
    OLED_ShowChar                            0x08003a25   Thumb Code   212  oled.o(i.OLED_ShowChar)
    OLED_ShowHex                             0x08003b09   Thumb Code    92  oled.o(i.OLED_ShowHex)
    OLED_ShowNum                             0x08003b65   Thumb Code   110  oled.o(i.OLED_ShowNum)
    OLED_ShowString                          0x08003bd3   Thumb Code    60  oled.o(i.OLED_ShowString)
    OLED_WR_Byte                             0x08003c0f   Thumb Code    54  oled.o(i.OLED_WR_Byte)
    PCD_AntennaOff                           0x08003c45   Thumb Code     8  rc522.o(i.PCD_AntennaOff)
    PCD_AntennaOn                            0x08003c4d   Thumb Code    26  rc522.o(i.PCD_AntennaOn)
    PCD_Anticoll                             0x08003c67   Thumb Code   106  rc522.o(i.PCD_Anticoll)
    PCD_Init                                 0x08003cd1   Thumb Code    22  rc522.o(i.PCD_Init)
    PCD_Request                              0x08003ce7   Thumb Code    80  rc522.o(i.PCD_Request)
    PCD_Reset                                0x08003d39   Thumb Code   132  rc522.o(i.PCD_Reset)
    PendSV_Handler                           0x08003dc1   Thumb Code     2  stm32f1xx_it.o(i.PendSV_Handler)
    SPI1_RW_Byte                             0x08003dc5   Thumb Code    26  rc522.o(i.SPI1_RW_Byte)
    SVC_Handler                              0x08003ed1   Thumb Code     2  stm32f1xx_it.o(i.SVC_Handler)
    Send_Byte                                0x08003ed5   Thumb Code    78  oled.o(i.Send_Byte)
    SysTick_Handler                          0x08003f29   Thumb Code     4  stm32f1xx_it.o(i.SysTick_Handler)
    SystemClock_Config                       0x08003f2d   Thumb Code   120  main.o(i.SystemClock_Config)
    SystemInit                               0x08003fa5   Thumb Code     2  system_stm32f1xx.o(i.SystemInit)
    TIM_Base_SetConfig                       0x08003fa9   Thumb Code   108  stm32f1xx_hal_tim.o(i.TIM_Base_SetConfig)
    TIM_CCxChannelCmd                        0x08004021   Thumb Code    26  stm32f1xx_hal_tim.o(i.TIM_CCxChannelCmd)
    TIM_ETR_SetConfig                        0x0800403b   Thumb Code    20  stm32f1xx_hal_tim.o(i.TIM_ETR_SetConfig)
    TIM_OC2_SetConfig                        0x080040b1   Thumb Code    84  stm32f1xx_hal_tim.o(i.TIM_OC2_SetConfig)
    UART_Start_Receive_IT                    0x080043c5   Thumb Code    54  stm32f1xx_hal_uart.o(i.UART_Start_Receive_IT)
    UI_CheckTwoCards                         0x0800446d   Thumb Code    64  ui.o(i.UI_CheckTwoCards)
    UI_DebugShowCards                        0x080044ad   Thumb Code   158  ui.o(i.UI_DebugShowCards)
    UI_DisplayIdle                           0x0800456d   Thumb Code     4  ui.o(i.UI_DisplayIdle)
    UI_EnterAdminMode                        0x08004571   Thumb Code    18  ui.o(i.UI_EnterAdminMode)
    UI_EnterSelectMode                       0x08004589   Thumb Code    14  ui.o(i.UI_EnterSelectMode)
    UI_HandleKey                             0x0800459d   Thumb Code  1564  ui.o(i.UI_HandleKey)
    UI_Init                                  0x08004d3d   Thumb Code    38  ui.o(i.UI_Init)
    UI_InitLED                               0x08004d69   Thumb Code    22  ui.o(i.UI_InitLED)
    UI_Process                               0x08004d85   Thumb Code   434  ui.o(i.UI_Process)
    UI_TriggerRelayWithWelcome               0x08005065   Thumb Code     4  ui.o(i.UI_TriggerRelayWithWelcome)
    USART3_IRQHandler                        0x08005069   Thumb Code     6  stm32f1xx_it.o(i.USART3_IRQHandler)
    UsageFault_Handler                       0x08005075   Thumb Code     2  stm32f1xx_it.o(i.UsageFault_Handler)
    main                                     0x08005099   Thumb Code   118  main.o(i.main)
    AHBPrescTable                            0x0800513c   Data          16  system_stm32f1xx.o(.constdata)
    APBPrescTable                            0x0800514c   Data           8  system_stm32f1xx.o(.constdata)
    asc2_0806                                0x08005154   Data         552  oled.o(.constdata)
    asc2_1206                                0x0800537c   Data        1140  oled.o(.constdata)
    asc2_1608                                0x080057f0   Data        1520  oled.o(.constdata)
    asc2_2412                                0x08005de0   Data        3420  oled.o(.constdata)
    Region$$Table$$Base                      0x08006b3c   Number         0  anon$$obj.o(Region$$Table)
    Region$$Table$$Limit                     0x08006b5c   Number         0  anon$$obj.o(Region$$Table)
    uwTickFreq                               0x20000004   Data           1  stm32f1xx_hal.o(.data)
    uwTickPrio                               0x20000008   Data           4  stm32f1xx_hal.o(.data)
    uwTick                                   0x2000000c   Data           4  stm32f1xx_hal.o(.data)
    SystemCoreClock                          0x20000010   Data           4  system_stm32f1xx.o(.data)
    USART3_RX_STA                            0x20000014   Data           2  as608.o(.data)
    AS608_Address                            0x20000018   Data           4  as608.o(.data)
    hadc1                                    0x20000040   Data          48  adc.o(.bss)
    hspi1                                    0x20000070   Data          88  spi.o(.bss)
    htim2                                    0x200000c8   Data          72  tim.o(.bss)
    huart3                                   0x20000110   Data          72  usart.o(.bss)
    pFlash                                   0x20000158   Data          32  stm32f1xx_hal_flash.o(.bss)
    OLED_GRAM                                0x20000178   Data        1152  oled.o(.bss)
    USART3_RX_BUF                            0x200005f8   Data         256  as608.o(.bss)
    __libspace_start                         0x200006f8   Data          96  libspace.o(.bss)
    __temporary_stack_top$libspace           0x20000758   Data           0  libspace.o(.bss)



==============================================================================

Memory Map of the image

  Image Entry point : 0x080000ed

  Load Region LR_IROM1 (Base: 0x08000000, Size: 0x00006b9c, Max: 0x00010000, ABSOLUTE)

    Execution Region ER_IROM1 (Exec base: 0x08000000, Load base: 0x08000000, Size: 0x00006b5c, Max: 0x00010000, ABSOLUTE)

    Exec Addr    Load Addr    Size         Type   Attr      Idx    E Section Name        Object

    0x08000000   0x08000000   0x000000ec   Data   RO            3    RESET               startup_stm32f103xb.o
    0x080000ec   0x080000ec   0x00000008   Code   RO         4159  * !!!main             c_w.l(__main.o)
    0x080000f4   0x080000f4   0x00000034   Code   RO         4318    !!!scatter          c_w.l(__scatter.o)
    0x08000128   0x08000128   0x0000001a   Code   RO         4320    !!handler_copy      c_w.l(__scatter_copy.o)
    0x08000142   0x08000142   0x00000002   PAD
    0x08000144   0x08000144   0x0000001c   Code   RO         4322    !!handler_zi        c_w.l(__scatter_zi.o)
    0x08000160   0x08000160   0x00000002   Code   RO         4188    .ARM.Collect$$libinit$$00000000  c_w.l(libinit.o)
    0x08000162   0x08000162   0x00000000   Code   RO         4195    .ARM.Collect$$libinit$$00000002  c_w.l(libinit2.o)
    0x08000162   0x08000162   0x00000000   Code   RO         4197    .ARM.Collect$$libinit$$00000004  c_w.l(libinit2.o)
    0x08000162   0x08000162   0x00000000   Code   RO         4200    .ARM.Collect$$libinit$$0000000A  c_w.l(libinit2.o)
    0x08000162   0x08000162   0x00000000   Code   RO         4202    .ARM.Collect$$libinit$$0000000C  c_w.l(libinit2.o)
    0x08000162   0x08000162   0x00000000   Code   RO         4204    .ARM.Collect$$libinit$$0000000E  c_w.l(libinit2.o)
    0x08000162   0x08000162   0x00000000   Code   RO         4207    .ARM.Collect$$libinit$$00000011  c_w.l(libinit2.o)
    0x08000162   0x08000162   0x00000000   Code   RO         4209    .ARM.Collect$$libinit$$00000013  c_w.l(libinit2.o)
    0x08000162   0x08000162   0x00000000   Code   RO         4211    .ARM.Collect$$libinit$$00000015  c_w.l(libinit2.o)
    0x08000162   0x08000162   0x00000000   Code   RO         4213    .ARM.Collect$$libinit$$00000017  c_w.l(libinit2.o)
    0x08000162   0x08000162   0x00000000   Code   RO         4215    .ARM.Collect$$libinit$$00000019  c_w.l(libinit2.o)
    0x08000162   0x08000162   0x00000000   Code   RO         4217    .ARM.Collect$$libinit$$0000001B  c_w.l(libinit2.o)
    0x08000162   0x08000162   0x00000000   Code   RO         4219    .ARM.Collect$$libinit$$0000001D  c_w.l(libinit2.o)
    0x08000162   0x08000162   0x00000000   Code   RO         4221    .ARM.Collect$$libinit$$0000001F  c_w.l(libinit2.o)
    0x08000162   0x08000162   0x00000000   Code   RO         4223    .ARM.Collect$$libinit$$00000021  c_w.l(libinit2.o)
    0x08000162   0x08000162   0x00000000   Code   RO         4225    .ARM.Collect$$libinit$$00000023  c_w.l(libinit2.o)
    0x08000162   0x08000162   0x00000000   Code   RO         4227    .ARM.Collect$$libinit$$00000025  c_w.l(libinit2.o)
    0x08000162   0x08000162   0x00000000   Code   RO         4231    .ARM.Collect$$libinit$$0000002C  c_w.l(libinit2.o)
    0x08000162   0x08000162   0x00000000   Code   RO         4233    .ARM.Collect$$libinit$$0000002E  c_w.l(libinit2.o)
    0x08000162   0x08000162   0x00000000   Code   RO         4235    .ARM.Collect$$libinit$$00000030  c_w.l(libinit2.o)
    0x08000162   0x08000162   0x00000000   Code   RO         4237    .ARM.Collect$$libinit$$00000032  c_w.l(libinit2.o)
    0x08000162   0x08000162   0x00000002   Code   RO         4238    .ARM.Collect$$libinit$$00000033  c_w.l(libinit2.o)
    0x08000164   0x08000164   0x00000002   Code   RO         4258    .ARM.Collect$$libshutdown$$00000000  c_w.l(libshutdown.o)
    0x08000166   0x08000166   0x00000000   Code   RO         4271    .ARM.Collect$$libshutdown$$00000002  c_w.l(libshutdown2.o)
    0x08000166   0x08000166   0x00000000   Code   RO         4273    .ARM.Collect$$libshutdown$$00000004  c_w.l(libshutdown2.o)
    0x08000166   0x08000166   0x00000000   Code   RO         4276    .ARM.Collect$$libshutdown$$00000007  c_w.l(libshutdown2.o)
    0x08000166   0x08000166   0x00000000   Code   RO         4279    .ARM.Collect$$libshutdown$$0000000A  c_w.l(libshutdown2.o)
    0x08000166   0x08000166   0x00000000   Code   RO         4281    .ARM.Collect$$libshutdown$$0000000C  c_w.l(libshutdown2.o)
    0x08000166   0x08000166   0x00000000   Code   RO         4284    .ARM.Collect$$libshutdown$$0000000F  c_w.l(libshutdown2.o)
    0x08000166   0x08000166   0x00000002   Code   RO         4285    .ARM.Collect$$libshutdown$$00000010  c_w.l(libshutdown2.o)
    0x08000168   0x08000168   0x00000000   Code   RO         4161    .ARM.Collect$$rtentry$$00000000  c_w.l(__rtentry.o)
    0x08000168   0x08000168   0x00000000   Code   RO         4165    .ARM.Collect$$rtentry$$00000002  c_w.l(__rtentry2.o)
    0x08000168   0x08000168   0x00000006   Code   RO         4177    .ARM.Collect$$rtentry$$00000004  c_w.l(__rtentry4.o)
    0x0800016e   0x0800016e   0x00000000   Code   RO         4167    .ARM.Collect$$rtentry$$00000009  c_w.l(__rtentry2.o)
    0x0800016e   0x0800016e   0x00000004   Code   RO         4168    .ARM.Collect$$rtentry$$0000000A  c_w.l(__rtentry2.o)
    0x08000172   0x08000172   0x00000000   Code   RO         4170    .ARM.Collect$$rtentry$$0000000C  c_w.l(__rtentry2.o)
    0x08000172   0x08000172   0x00000008   Code   RO         4171    .ARM.Collect$$rtentry$$0000000D  c_w.l(__rtentry2.o)
    0x0800017a   0x0800017a   0x00000002   Code   RO         4192    .ARM.Collect$$rtexit$$00000000  c_w.l(rtexit.o)
    0x0800017c   0x0800017c   0x00000000   Code   RO         4240    .ARM.Collect$$rtexit$$00000002  c_w.l(rtexit2.o)
    0x0800017c   0x0800017c   0x00000004   Code   RO         4241    .ARM.Collect$$rtexit$$00000003  c_w.l(rtexit2.o)
    0x08000180   0x08000180   0x00000006   Code   RO         4242    .ARM.Collect$$rtexit$$00000004  c_w.l(rtexit2.o)
    0x08000186   0x08000186   0x00000002   PAD
    0x08000188   0x08000188   0x00000040   Code   RO            4    .text               startup_stm32f103xb.o
    0x080001c8   0x080001c8   0x00000026   Code   RO         4151    .text               c_w.l(llushr.o)
    0x080001ee   0x080001ee   0x0000008a   Code   RO         4153    .text               c_w.l(rt_memcpy_v6.o)
    0x08000278   0x08000278   0x0000004e   Code   RO         4155    .text               c_w.l(rt_memclr_w.o)
    0x080002c6   0x080002c6   0x00000006   Code   RO         4157    .text               c_w.l(heapauxi.o)
    0x080002cc   0x080002cc   0x00000064   Code   RO         4162    .text               c_w.l(rt_memcpy_w.o)
    0x08000330   0x08000330   0x0000004a   Code   RO         4179    .text               c_w.l(sys_stackheap_outer.o)
    0x0800037a   0x0800037a   0x00000012   Code   RO         4181    .text               c_w.l(exit.o)
    0x0800038c   0x0800038c   0x00000008   Code   RO         4189    .text               c_w.l(libspace.o)
    0x08000394   0x08000394   0x0000000c   Code   RO         4250    .text               c_w.l(sys_exit.o)
    0x080003a0   0x080003a0   0x00000002   Code   RO         4261    .text               c_w.l(use_no_semi.o)
    0x080003a2   0x080003a2   0x00000000   Code   RO         4263    .text               c_w.l(indicate_semi.o)
    0x080003a2   0x080003a2   0x00000002   PAD
    0x080003a4   0x080003a4   0x00000056   Code   RO          540    i.ADC_ConversionStop_Disable  stm32f1xx_hal_adc.o
    0x080003fa   0x080003fa   0x00000002   PAD
    0x080003fc   0x080003fc   0x0000007c   Code   RO          544    i.ADC_Enable        stm32f1xx_hal_adc.o
    0x08000478   0x08000478   0x0000003e   Code   RO         3791    i.AS608_DeleteChar  as608.o
    0x080004b6   0x080004b6   0x0000002e   Code   RO         3794    i.AS608_GenChar     as608.o
    0x080004e4   0x080004e4   0x0000002a   Code   RO         3796    i.AS608_GetImage    as608.o
    0x0800050e   0x0800050e   0x00000028   Code   RO         3798    i.AS608_Init        as608.o
    0x08000536   0x08000536   0x00000002   PAD
    0x08000538   0x08000538   0x0000006c   Code   RO         3802    i.AS608_ReceivePacket  as608.o
    0x080005a4   0x080005a4   0x0000002a   Code   RO         3803    i.AS608_RegModel    as608.o
    0x080005ce   0x080005ce   0x0000005c   Code   RO         3804    i.AS608_Search      as608.o
    0x0800062a   0x0800062a   0x00000002   PAD
    0x0800062c   0x0800062c   0x000000b4   Code   RO         3805    i.AS608_SendCommand  as608.o
    0x080006e0   0x080006e0   0x00000038   Code   RO         3807    i.AS608_StoreChar   as608.o
    0x08000718   0x08000718   0x0000002a   Code   RO         3808    i.AS608_VerifyFinger  as608.o
    0x08000742   0x08000742   0x00000002   Code   RO          393    i.BusFault_Handler  stm32f1xx_it.o
    0x08000744   0x08000744   0x00000002   Code   RO          394    i.DebugMon_Handler  stm32f1xx_it.o
    0x08000746   0x08000746   0x00000002   PAD
    0x08000748   0x08000748   0x000000fc   Code   RO         3925    i.DisplayAdminMenu  ui.o
    0x08000844   0x08000844   0x000001c4   Code   RO         3926    i.DisplayCardList   ui.o
    0x08000a08   0x08000a08   0x0000010c   Code   RO         3927    i.DisplayDeleteFinger  ui.o
    0x08000b14   0x08000b14   0x00000170   Code   RO         3928    i.DisplayDeleteNFC  ui.o
    0x08000c84   0x08000c84   0x00000110   Code   RO         3929    i.DisplayEnrollFinger  ui.o
    0x08000d94   0x08000d94   0x00000068   Code   RO         3930    i.DisplayIdleInternal  ui.o
    0x08000dfc   0x08000dfc   0x00000110   Code   RO         3931    i.DisplayModifyPin  ui.o
    0x08000f0c   0x08000f0c   0x000000b0   Code   RO         3932    i.DisplayPasswordInput  ui.o
    0x08000fbc   0x08000fbc   0x0000009c   Code   RO         3933    i.DisplayScanNFC    ui.o
    0x08001058   0x08001058   0x00000094   Code   RO         3934    i.DisplaySelectMode  ui.o
    0x080010ec   0x080010ec   0x000000b0   Code   RO         3935    i.DisplaySelectType  ui.o
    0x0800119c   0x0800119c   0x00000004   Code   RO           13    i.Error_Handler     main.o
    0x080011a0   0x080011a0   0x00000024   Code   RO         1636    i.FLASH_MassErase   stm32f1xx_hal_flash_ex.o
    0x080011c4   0x080011c4   0x00000024   Code   RO         1641    i.FLASH_PageErase   stm32f1xx_hal_flash_ex.o
    0x080011e8   0x080011e8   0x0000001c   Code   RO         1533    i.FLASH_Program_HalfWord  stm32f1xx_hal_flash.o
    0x08001204   0x08001204   0x0000005c   Code   RO         1534    i.FLASH_SetErrorCode  stm32f1xx_hal_flash.o
    0x08001260   0x08001260   0x00000054   Code   RO         1535    i.FLASH_WaitForLastOperation  stm32f1xx_hal_flash.o
    0x080012b4   0x080012b4   0x00000070   Code   RO         4098    i.Flash_AddNFCID    flash.o
    0x08001324   0x08001324   0x00000060   Code   RO         4099    i.Flash_Init        flash.o
    0x08001384   0x08001384   0x00000038   Code   RO         4100    i.Flash_ReadNFCIDs  flash.o
    0x080013bc   0x080013bc   0x00000018   Code   RO         4101    i.Flash_ReadPIN     flash.o
    0x080013d4   0x080013d4   0x000000b8   Code   RO         4102    i.Flash_RemoveNFCID  flash.o
    0x0800148c   0x0800148c   0x00000040   Code   RO         4103    i.Flash_WritePIN    flash.o
    0x080014cc   0x080014cc   0x000000fc   Code   RO          546    i.HAL_ADC_ConfigChannel  stm32f1xx_hal_adc.o
    0x080015c8   0x080015c8   0x00000006   Code   RO          553    i.HAL_ADC_GetValue  stm32f1xx_hal_adc.o
    0x080015ce   0x080015ce   0x00000002   PAD
    0x080015d0   0x080015d0   0x0000011c   Code   RO          555    i.HAL_ADC_Init      stm32f1xx_hal_adc.o
    0x080016ec   0x080016ec   0x00000058   Code   RO          220    i.HAL_ADC_MspInit   adc.o
    0x08001744   0x08001744   0x0000013c   Code   RO          559    i.HAL_ADC_PollForConversion  stm32f1xx_hal_adc.o
    0x08001880   0x08001880   0x000000c0   Code   RO          561    i.HAL_ADC_Start     stm32f1xx_hal_adc.o
    0x08001940   0x08001940   0x00000034   Code   RO          564    i.HAL_ADC_Stop      stm32f1xx_hal_adc.o
    0x08001974   0x08001974   0x00000046   Code   RO         1197    i.HAL_DMA_Abort     stm32f1xx_hal_dma.o
    0x080019ba   0x080019ba   0x00000002   PAD
    0x080019bc   0x080019bc   0x00000098   Code   RO         1198    i.HAL_DMA_Abort_IT  stm32f1xx_hal_dma.o
    0x08001a54   0x08001a54   0x00000024   Code   RO          823    i.HAL_Delay         stm32f1xx_hal.o
    0x08001a78   0x08001a78   0x000000a8   Code   RO         1642    i.HAL_FLASHEx_Erase  stm32f1xx_hal_flash_ex.o
    0x08001b20   0x08001b20   0x00000014   Code   RO         1539    i.HAL_FLASH_Lock    stm32f1xx_hal_flash.o
    0x08001b34   0x08001b34   0x00000080   Code   RO         1544    i.HAL_FLASH_Program  stm32f1xx_hal_flash.o
    0x08001bb4   0x08001bb4   0x00000028   Code   RO         1546    i.HAL_FLASH_Unlock  stm32f1xx_hal_flash.o
    0x08001bdc   0x08001bdc   0x000001e0   Code   RO         1133    i.HAL_GPIO_Init     stm32f1xx_hal_gpio.o
    0x08001dbc   0x08001dbc   0x0000000a   Code   RO         1135    i.HAL_GPIO_ReadPin  stm32f1xx_hal_gpio.o
    0x08001dc6   0x08001dc6   0x0000000a   Code   RO         1137    i.HAL_GPIO_WritePin  stm32f1xx_hal_gpio.o
    0x08001dd0   0x08001dd0   0x0000000c   Code   RO          827    i.HAL_GetTick       stm32f1xx_hal.o
    0x08001ddc   0x08001ddc   0x00000010   Code   RO          833    i.HAL_IncTick       stm32f1xx_hal.o
    0x08001dec   0x08001dec   0x00000024   Code   RO          834    i.HAL_Init          stm32f1xx_hal.o
    0x08001e10   0x08001e10   0x00000040   Code   RO          835    i.HAL_InitTick      stm32f1xx_hal.o
    0x08001e50   0x08001e50   0x0000003c   Code   RO          480    i.HAL_MspInit       stm32f1xx_hal_msp.o
    0x08001e8c   0x08001e8c   0x0000001a   Code   RO         1293    i.HAL_NVIC_EnableIRQ  stm32f1xx_hal_cortex.o
    0x08001ea6   0x08001ea6   0x00000002   PAD
    0x08001ea8   0x08001ea8   0x00000040   Code   RO         1299    i.HAL_NVIC_SetPriority  stm32f1xx_hal_cortex.o
    0x08001ee8   0x08001ee8   0x00000024   Code   RO         1300    i.HAL_NVIC_SetPriorityGrouping  stm32f1xx_hal_cortex.o
    0x08001f0c   0x08001f0c   0x000000a4   Code   RO         1094    i.HAL_RCCEx_GetPeriphCLKFreq  stm32f1xx_hal_rcc_ex.o
    0x08001fb0   0x08001fb0   0x000000ec   Code   RO         1095    i.HAL_RCCEx_PeriphCLKConfig  stm32f1xx_hal_rcc_ex.o
    0x0800209c   0x0800209c   0x0000012c   Code   RO          991    i.HAL_RCC_ClockConfig  stm32f1xx_hal_rcc.o
    0x080021c8   0x080021c8   0x00000020   Code   RO          998    i.HAL_RCC_GetPCLK1Freq  stm32f1xx_hal_rcc.o
    0x080021e8   0x080021e8   0x00000020   Code   RO          999    i.HAL_RCC_GetPCLK2Freq  stm32f1xx_hal_rcc.o
    0x08002208   0x08002208   0x0000004c   Code   RO         1000    i.HAL_RCC_GetSysClockFreq  stm32f1xx_hal_rcc.o
    0x08002254   0x08002254   0x00000320   Code   RO         1003    i.HAL_RCC_OscConfig  stm32f1xx_hal_rcc.o
    0x08002574   0x08002574   0x000000b2   Code   RO         1804    i.HAL_SPI_Init      stm32f1xx_hal_spi.o
    0x08002626   0x08002626   0x00000002   PAD
    0x08002628   0x08002628   0x00000070   Code   RO          262    i.HAL_SPI_MspInit   spi.o
    0x08002698   0x08002698   0x000001f0   Code   RO         1813    i.HAL_SPI_TransmitReceive  stm32f1xx_hal_spi.o
    0x08002888   0x08002888   0x00000028   Code   RO         1304    i.HAL_SYSTICK_Config  stm32f1xx_hal_cortex.o
    0x080028b0   0x080028b0   0x00000068   Code   RO         2840    i.HAL_TIMEx_MasterConfigSynchronization  stm32f1xx_hal_tim_ex.o
    0x08002918   0x08002918   0x0000005a   Code   RO         2117    i.HAL_TIM_Base_Init  stm32f1xx_hal_tim.o
    0x08002972   0x08002972   0x00000002   PAD
    0x08002974   0x08002974   0x00000024   Code   RO          304    i.HAL_TIM_Base_MspInit  tim.o
    0x08002998   0x08002998   0x000000dc   Code   RO         2126    i.HAL_TIM_ConfigClockSource  stm32f1xx_hal_tim.o
    0x08002a74   0x08002a74   0x00000060   Code   RO          305    i.HAL_TIM_MspPostInit  tim.o
    0x08002ad4   0x08002ad4   0x000000cc   Code   RO         2189    i.HAL_TIM_PWM_ConfigChannel  stm32f1xx_hal_tim.o
    0x08002ba0   0x08002ba0   0x0000005a   Code   RO         2192    i.HAL_TIM_PWM_Init  stm32f1xx_hal_tim.o
    0x08002bfa   0x08002bfa   0x00000002   Code   RO         2194    i.HAL_TIM_PWM_MspInit  stm32f1xx_hal_tim.o
    0x08002bfc   0x08002bfc   0x0000009c   Code   RO         2197    i.HAL_TIM_PWM_Start  stm32f1xx_hal_tim.o
    0x08002c98   0x08002c98   0x00000070   Code   RO         2200    i.HAL_TIM_PWM_Stop  stm32f1xx_hal_tim.o
    0x08002d08   0x08002d08   0x00000002   Code   RO         3100    i.HAL_UARTEx_RxEventCallback  stm32f1xx_hal_uart.o
    0x08002d0a   0x08002d0a   0x00000002   Code   RO         3114    i.HAL_UART_ErrorCallback  stm32f1xx_hal_uart.o
    0x08002d0c   0x08002d0c   0x0000026c   Code   RO         3117    i.HAL_UART_IRQHandler  stm32f1xx_hal_uart.o
    0x08002f78   0x08002f78   0x00000064   Code   RO         3118    i.HAL_UART_Init     stm32f1xx_hal_uart.o
    0x08002fdc   0x08002fdc   0x00000080   Code   RO          352    i.HAL_UART_MspInit  usart.o
    0x0800305c   0x0800305c   0x0000001c   Code   RO         3123    i.HAL_UART_Receive_IT  stm32f1xx_hal_uart.o
    0x08003078   0x08003078   0x0000003c   Code   RO          395    i.HAL_UART_RxCpltCallback  stm32f1xx_it.o
    0x080030b4   0x080030b4   0x000000a0   Code   RO         3126    i.HAL_UART_Transmit  stm32f1xx_hal_uart.o
    0x08003154   0x08003154   0x00000002   Code   RO         3129    i.HAL_UART_TxCpltCallback  stm32f1xx_hal_uart.o
    0x08003156   0x08003156   0x00000002   Code   RO          396    i.HardFault_Handler  stm32f1xx_it.o
    0x08003158   0x08003158   0x00000044   Code   RO         3489    i.I2C_Start         oled.o
    0x0800319c   0x0800319c   0x00000034   Code   RO         3490    i.I2C_Stop          oled.o
    0x080031d0   0x080031d0   0x00000038   Code   RO         3491    i.I2C_WaitAck       oled.o
    0x08003208   0x08003208   0x0000000a   Code   RO         3492    i.IIC_delay         oled.o
    0x08003212   0x08003212   0x00000044   Code   RO         3936    i.KeyToNumber       ui.o
    0x08003256   0x08003256   0x00000002   PAD
    0x08003258   0x08003258   0x00000198   Code   RO           14    i.Key_Scan          main.o
    0x080033f0   0x080033f0   0x00000018   Code   RO         3651    i.MFRC_ClrBitMask   rc522.o
    0x08003408   0x08003408   0x00000120   Code   RO         3652    i.MFRC_CmdFrame     rc522.o
    0x08003528   0x08003528   0x00000024   Code   RO         3653    i.MFRC_Init         rc522.o
    0x0800354c   0x0800354c   0x00000038   Code   RO         3654    i.MFRC_ReadReg      rc522.o
    0x08003584   0x08003584   0x00000018   Code   RO         3655    i.MFRC_SetBitMask   rc522.o
    0x0800359c   0x0800359c   0x00000034   Code   RO         3656    i.MFRC_WriteReg     rc522.o
    0x080035d0   0x080035d0   0x00000050   Code   RO          221    i.MX_ADC1_Init      adc.o
    0x08003620   0x08003620   0x0000012c   Code   RO          195    i.MX_GPIO_Init      gpio.o
    0x0800374c   0x0800374c   0x00000048   Code   RO          263    i.MX_SPI1_Init      spi.o
    0x08003794   0x08003794   0x00000098   Code   RO          306    i.MX_TIM2_Init      tim.o
    0x0800382c   0x0800382c   0x00000048   Code   RO          353    i.MX_USART3_UART_Init  usart.o
    0x08003874   0x08003874   0x00000002   Code   RO          397    i.MemManage_Handler  stm32f1xx_it.o
    0x08003876   0x08003876   0x00000002   Code   RO          398    i.NMI_Handler       stm32f1xx_it.o
    0x08003878   0x08003878   0x0000002c   Code   RO         3493    i.OLED_Clear        oled.o
    0x080038a4   0x080038a4   0x0000002c   Code   RO         3500    i.OLED_DrawPoint    oled.o
    0x080038d0   0x080038d0   0x000000da   Code   RO         3501    i.OLED_Init         oled.o
    0x080039aa   0x080039aa   0x00000010   Code   RO         3502    i.OLED_Pow          oled.o
    0x080039ba   0x080039ba   0x00000002   PAD
    0x080039bc   0x080039bc   0x00000068   Code   RO         3503    i.OLED_Refresh      oled.o
    0x08003a24   0x08003a24   0x000000e4   Code   RO         3504    i.OLED_ShowChar     oled.o
    0x08003b08   0x08003b08   0x0000005c   Code   RO         3505    i.OLED_ShowHex      oled.o
    0x08003b64   0x08003b64   0x0000006e   Code   RO         3506    i.OLED_ShowNum      oled.o
    0x08003bd2   0x08003bd2   0x0000003c   Code   RO         3508    i.OLED_ShowString   oled.o
    0x08003c0e   0x08003c0e   0x00000036   Code   RO         3509    i.OLED_WR_Byte      oled.o
    0x08003c44   0x08003c44   0x00000008   Code   RO         3657    i.PCD_AntennaOff    rc522.o
    0x08003c4c   0x08003c4c   0x0000001a   Code   RO         3658    i.PCD_AntennaOn     rc522.o
    0x08003c66   0x08003c66   0x0000006a   Code   RO         3659    i.PCD_Anticoll      rc522.o
    0x08003cd0   0x08003cd0   0x00000016   Code   RO         3663    i.PCD_Init          rc522.o
    0x08003ce6   0x08003ce6   0x00000050   Code   RO         3665    i.PCD_Request       rc522.o
    0x08003d36   0x08003d36   0x00000002   PAD
    0x08003d38   0x08003d38   0x00000088   Code   RO         3666    i.PCD_Reset         rc522.o
    0x08003dc0   0x08003dc0   0x00000002   Code   RO          399    i.PendSV_Handler    stm32f1xx_it.o
    0x08003dc2   0x08003dc2   0x00000002   PAD
    0x08003dc4   0x08003dc4   0x00000020   Code   RO         3670    i.SPI1_RW_Byte      rc522.o
    0x08003de4   0x08003de4   0x00000034   Code   RO         1842    i.SPI_EndRxTxTransaction  stm32f1xx_hal_spi.o
    0x08003e18   0x08003e18   0x000000b8   Code   RO         1847    i.SPI_WaitFlagStateUntilTimeout  stm32f1xx_hal_spi.o
    0x08003ed0   0x08003ed0   0x00000002   Code   RO          400    i.SVC_Handler       stm32f1xx_it.o
    0x08003ed2   0x08003ed2   0x00000002   PAD
    0x08003ed4   0x08003ed4   0x00000054   Code   RO         3510    i.Send_Byte         oled.o
    0x08003f28   0x08003f28   0x00000004   Code   RO          401    i.SysTick_Handler   stm32f1xx_it.o
    0x08003f2c   0x08003f2c   0x00000078   Code   RO           15    i.SystemClock_Config  main.o
    0x08003fa4   0x08003fa4   0x00000002   Code   RO         3452    i.SystemInit        system_stm32f1xx.o
    0x08003fa6   0x08003fa6   0x00000002   PAD
    0x08003fa8   0x08003fa8   0x00000078   Code   RO         2210    i.TIM_Base_SetConfig  stm32f1xx_hal_tim.o
    0x08004020   0x08004020   0x0000001a   Code   RO         2211    i.TIM_CCxChannelCmd  stm32f1xx_hal_tim.o
    0x0800403a   0x0800403a   0x00000014   Code   RO         2221    i.TIM_ETR_SetConfig  stm32f1xx_hal_tim.o
    0x0800404e   0x0800404e   0x00000010   Code   RO         2222    i.TIM_ITRx_SetConfig  stm32f1xx_hal_tim.o
    0x0800405e   0x0800405e   0x00000002   PAD
    0x08004060   0x08004060   0x00000050   Code   RO         2223    i.TIM_OC1_SetConfig  stm32f1xx_hal_tim.o
    0x080040b0   0x080040b0   0x00000058   Code   RO         2224    i.TIM_OC2_SetConfig  stm32f1xx_hal_tim.o
    0x08004108   0x08004108   0x00000058   Code   RO         2225    i.TIM_OC3_SetConfig  stm32f1xx_hal_tim.o
    0x08004160   0x08004160   0x00000044   Code   RO         2226    i.TIM_OC4_SetConfig  stm32f1xx_hal_tim.o
    0x080041a4   0x080041a4   0x00000022   Code   RO         2228    i.TIM_TI1_ConfigInputStage  stm32f1xx_hal_tim.o
    0x080041c6   0x080041c6   0x00000024   Code   RO         2230    i.TIM_TI2_ConfigInputStage  stm32f1xx_hal_tim.o
    0x080041ea   0x080041ea   0x00000010   Code   RO         3131    i.UART_DMAAbortOnError  stm32f1xx_hal_uart.o
    0x080041fa   0x080041fa   0x0000004e   Code   RO         3141    i.UART_EndRxTransfer  stm32f1xx_hal_uart.o
    0x08004248   0x08004248   0x000000c2   Code   RO         3143    i.UART_Receive_IT   stm32f1xx_hal_uart.o
    0x0800430a   0x0800430a   0x00000002   PAD
    0x0800430c   0x0800430c   0x000000b8   Code   RO         3144    i.UART_SetConfig    stm32f1xx_hal_uart.o
    0x080043c4   0x080043c4   0x00000036   Code   RO         3146    i.UART_Start_Receive_IT  stm32f1xx_hal_uart.o
    0x080043fa   0x080043fa   0x00000072   Code   RO         3147    i.UART_WaitOnFlagUntilTimeout  stm32f1xx_hal_uart.o
    0x0800446c   0x0800446c   0x00000040   Code   RO         3937    i.UI_CheckTwoCards  ui.o
    0x080044ac   0x080044ac   0x000000c0   Code   RO         3938    i.UI_DebugShowCards  ui.o
    0x0800456c   0x0800456c   0x00000004   Code   RO         3939    i.UI_DisplayIdle    ui.o
    0x08004570   0x08004570   0x00000018   Code   RO         3940    i.UI_EnterAdminMode  ui.o
    0x08004588   0x08004588   0x00000014   Code   RO         3941    i.UI_EnterSelectMode  ui.o
    0x0800459c   0x0800459c   0x000006a8   Code   RO         3942    i.UI_HandleKey      ui.o
    0x08004c44   0x08004c44   0x000000f8   Code   RO         3943    i.UI_HandleUnlockSuccess  ui.o
    0x08004d3c   0x08004d3c   0x0000002c   Code   RO         3944    i.UI_Init           ui.o
    0x08004d68   0x08004d68   0x0000001c   Code   RO         3945    i.UI_InitLED        ui.o
    0x08004d84   0x08004d84   0x000001fc   Code   RO         3947    i.UI_Process        ui.o
    0x08004f80   0x08004f80   0x0000005c   Code   RO         3948    i.UI_ProcessUnlockState  ui.o
    0x08004fdc   0x08004fdc   0x00000040   Code   RO         3949    i.UI_ReadLightValue  ui.o
    0x0800501c   0x0800501c   0x00000048   Code   RO         3950    i.UI_SetLEDBrightness  ui.o
    0x08005064   0x08005064   0x00000004   Code   RO         3951    i.UI_TriggerRelayWithWelcome  ui.o
    0x08005068   0x08005068   0x0000000c   Code   RO          402    i.USART3_IRQHandler  stm32f1xx_it.o
    0x08005074   0x08005074   0x00000002   Code   RO          403    i.UsageFault_Handler  stm32f1xx_it.o
    0x08005076   0x08005076   0x00000020   Code   RO         1306    i.__NVIC_SetPriority  stm32f1xx_hal_cortex.o
    0x08005096   0x08005096   0x00000002   PAD
    0x08005098   0x08005098   0x00000080   Code   RO           16    i.main              main.o
    0x08005118   0x08005118   0x00000012   Data   RO         1004    .constdata          stm32f1xx_hal_rcc.o
    0x0800512a   0x0800512a   0x00000012   Data   RO         1096    .constdata          stm32f1xx_hal_rcc_ex.o
    0x0800513c   0x0800513c   0x00000010   Data   RO         3453    .constdata          system_stm32f1xx.o
    0x0800514c   0x0800514c   0x00000008   Data   RO         3454    .constdata          system_stm32f1xx.o
    0x08005154   0x08005154   0x000019e8   Data   RO         3512    .constdata          oled.o
    0x08006b3c   0x08006b3c   0x00000020   Data   RO         4316    Region$$Table       anon$$obj.o


    Execution Region RW_IRAM1 (Exec base: 0x20000000, Load base: 0x08006b5c, Size: 0x00000d58, Max: 0x00005000, ABSOLUTE)

    Exec Addr    Load Addr    Size         Type   Attr      Idx    E Section Name        Object

    0x20000000   0x08006b5c   0x00000001   Data   RW           17    .data               main.o
    0x20000001   0x08006b5d   0x00000003   PAD
    0x20000004   0x08006b60   0x0000000c   Data   RW          841    .data               stm32f1xx_hal.o
    0x20000010   0x08006b6c   0x00000004   Data   RW         3455    .data               system_stm32f1xx.o
    0x20000014   0x08006b70   0x00000008   Data   RW         3811    .data               as608.o
    0x2000001c   0x08006b78   0x00000024   Data   RW         3952    .data               ui.o
    0x20000040        -       0x00000030   Zero   RW          222    .bss                adc.o
    0x20000070        -       0x00000058   Zero   RW          264    .bss                spi.o
    0x200000c8        -       0x00000048   Zero   RW          307    .bss                tim.o
    0x20000110        -       0x00000048   Zero   RW          354    .bss                usart.o
    0x20000158        -       0x00000020   Zero   RW         1547    .bss                stm32f1xx_hal_flash.o
    0x20000178        -       0x00000480   Zero   RW         3511    .bss                oled.o
    0x200005f8        -       0x00000100   Zero   RW         3810    .bss                as608.o
    0x200006f8        -       0x00000060   Zero   RW         4190    .bss                c_w.l(libspace.o)
    0x20000758        -       0x00000200   Zero   RW            2    HEAP                startup_stm32f103xb.o
    0x20000958        -       0x00000400   Zero   RW            1    STACK               startup_stm32f103xb.o


==============================================================================

Image component sizes


      Code (inc. data)   RO Data    RW Data    ZI Data      Debug   Object Name

       168         20          0          0         48       1681   adc.o
       710         16          0          8        256      10428   as608.o
       536         46          0          0          0       4702   flash.o
       300         18          0          0          0       1035   gpio.o
       660         22          0          1          0     457223   main.o
      1240         48       6632          0       1152      10522   oled.o
       890         34          0          0          0       8115   rc522.o
       184         24          0          0         88       1685   spi.o
        64         26        236          0       1536        820   startup_stm32f103xb.o
       164         28          0         12          0       5965   stm32f1xx_hal.o
      1312         54          0          0          0       7299   stm32f1xx_hal_adc.o
       198         14          0          0          0      28995   stm32f1xx_hal_cortex.o
       222          4          0          0          0       1795   stm32f1xx_hal_dma.o
       392         46          0          0         32       4790   stm32f1xx_hal_flash.o
       240         26          0          0          0       3277   stm32f1xx_hal_flash_ex.o
       500         34          0          0          0       3551   stm32f1xx_hal_gpio.o
        60          8          0          0          0        890   stm32f1xx_hal_msp.o
      1240         84         18          0          0       5160   stm32f1xx_hal_rcc.o
       400         28         18          0          0       2489   stm32f1xx_hal_rcc_ex.o
       910          4          0          0          0       4705   stm32f1xx_hal_spi.o
      1450         48          0          0          0      13207   stm32f1xx_hal_tim.o
       104         12          0          0          0       1372   stm32f1xx_hal_tim_ex.o
      1554         10          0          0          0      11068   stm32f1xx_hal_uart.o
        92         18          0          0          0       5272   stm32f1xx_it.o
         2          0         24          4          0       1143   system_stm32f1xx.o
       284         24          0          0         72       2368   tim.o
      5780       1286          0         36          0      22327   ui.o
       200         24          0          0         72       1730   usart.o

    ----------------------------------------------------------------------
     19892       2006       6960         64       3256     623614   Object Totals
         0          0         32          0          0          0   (incl. Generated)
        36          0          0          3          0          0   (incl. Padding)

    ----------------------------------------------------------------------

      Code (inc. data)   RO Data    RW Data    ZI Data      Debug   Library Member Name

         8          0          0          0          0         68   __main.o
         0          0          0          0          0          0   __rtentry.o
        12          0          0          0          0          0   __rtentry2.o
         6          0          0          0          0          0   __rtentry4.o
        52          8          0          0          0          0   __scatter.o
        26          0          0          0          0          0   __scatter_copy.o
        28          0          0          0          0          0   __scatter_zi.o
        18          0          0          0          0         80   exit.o
         6          0          0          0          0        152   heapauxi.o
         0          0          0          0          0          0   indicate_semi.o
         2          0          0          0          0          0   libinit.o
         2          0          0          0          0          0   libinit2.o
         2          0          0          0          0          0   libshutdown.o
         2          0          0          0          0          0   libshutdown2.o
         8          4          0          0         96         68   libspace.o
        38          0          0          0          0         68   llushr.o
        78          0          0          0          0         80   rt_memclr_w.o
       138          0          0          0          0         68   rt_memcpy_v6.o
       100          0          0          0          0         80   rt_memcpy_w.o
         2          0          0          0          0          0   rtexit.o
        10          0          0          0          0          0   rtexit2.o
        12          4          0          0          0         68   sys_exit.o
        74          0          0          0          0         80   sys_stackheap_outer.o
         2          0          0          0          0         68   use_no_semi.o

    ----------------------------------------------------------------------
       632         16          0          0         96        880   Library Totals
         6          0          0          0          0          0   (incl. Padding)

    ----------------------------------------------------------------------

      Code (inc. data)   RO Data    RW Data    ZI Data      Debug   Library Name

       626         16          0          0         96        880   c_w.l

    ----------------------------------------------------------------------
       632         16          0          0         96        880   Library Totals

    ----------------------------------------------------------------------

==============================================================================


      Code (inc. data)   RO Data    RW Data    ZI Data      Debug   

     20524       2022       6960         64       3352     615546   Grand Totals
     20524       2022       6960         64       3352     615546   ELF Image Totals
     20524       2022       6960         64          0          0   ROM Totals

==============================================================================

    Total RO  Size (Code + RO Data)                27484 (  26.84kB)
    Total RW  Size (RW Data + ZI Data)              3416 (   3.34kB)
    Total ROM Size (Code + RO Data + RW Data)      27548 (  26.90kB)

==============================================================================

