<html>
<body>
<pre>
<h1>�Vision Build Log</h1>
<h2>Tool Versions:</h2>
IDE-Version: ��Vision V5.38.0.0
Copyright (C) 2022 ARM Ltd and ARM Germany GmbH. All rights reserved.
License Information: 1 1, 1, LIC=KRMW3-ASLPY-LQ80Q-N6WG8-TK5DW-4SB27
 
Tool Versions:
Toolchain:       MDK-ARM Plus  Version: 5.38.0.0
Toolchain Path:  D:\Program Files\KEIL5\ARM\ARMCC\Bin
C Compiler:      Armcc.exe V5.06 update 6 (build 750)
Assembler:       Armasm.exe V5.06 update 6 (build 750)
Linker/Locator:  ArmLink.exe V5.06 update 6 (build 750)
Library Manager: ArmAr.exe V5.06 update 6 (build 750)
Hex Converter:   FromElf.exe V5.06 update 6 (build 750)
CPU DLL:         SARMCM3.DLL V5.38.0.0
Dialog DLL:      DCM.DLL V1.17.5.0
Target DLL:      CMSIS_AGDI.dll V1.33.15.0
Dialog DLL:      TCM.DLL V1.56.4.0
 
<h2>Project:</h2>
C:\Users\ypwan\Desktop\yangweiye\Smart_multifunctional_door\MDK-ARM\Smart_multifunctional_door.uvprojx
Project File Date:  04/30/2026

<h2>Output:</h2>
*** Using Compiler 'V5.06 update 6 (build 750)', folder: 'D:\Program Files\KEIL5\ARM\ARMCC\Bin'
Build target 'Smart_multifunctional_door'
compiling ui.c...
..\APP\flash.h(7): warning:  #47-D: incompatible redefinition of macro "FLASH_PAGE_SIZE"  (declared at line 241 of "../Drivers/STM32F1xx_HAL_Driver/Inc/stm32f1xx_hal_flash_ex.h")
  #define FLASH_PAGE_SIZE      0x400  // 1KB per page
..\APP\RC522.h(151): warning:  #1-D: last line of file ends without a newline
  #endif
..\APP\ui.c(22): warning:  #188-D: enumerated type mixed with another type
  static Admin_Menu_t adminMenuIndex = 0;  // 当前选中的菜单项
..\APP\ui.c(743): warning:  #188-D: enumerated type mixed with another type
      adminMenuIndex = 0;
..\APP\ui.c(1035): warning:  #188-D: enumerated type mixed with another type
                  adminMenuIndex = num - 1;
..\APP\ui.c(1164): warning:  #223-D: function "Key_Scan" declared implicitly
                      waitKey = Key_Scan();
..\APP\ui.c(1234): warning:  #223-D: function "Key_Scan" declared implicitly
                      waitKey = Key_Scan();
..\APP\ui.c(1700): warning:  #223-D: function "Key_Scan" declared implicitly
              uint8_t key = Key_Scan();
..\APP\ui.c(28): warning:  #550-D: variable "adminCardDetectedFlag"  was set but never used
  static uint8_t adminCardDetectedFlag = 0; // Perm Card检测标�?
..\APP\ui.c(47): warning:  #177-D: variable "lastFingerScanTime"  was declared but never referenced
  static uint32_t lastFingerScanTime = 0;  // 上次指纹扫描时间
..\APP\ui.c(57): warning:  #550-D: variable "uartConnected"  was set but never used
  static uint8_t uartConnected = 0;        // 蓝牙连接状�?
..\APP\ui.c: 11 warnings, 0 errors
linking...
Program Size: Code=22448 RO-data=6960 RW-data=84 ZI-data=3460  
FromELF: creating hex file...
"Smart_multifunctional_door\Smart_multifunctional_door.axf" - 0 Error(s), 11 Warning(s).

<h2>Software Packages used:</h2>

Package Vendor: ARM
                http://www.keil.com/pack/ARM.CMSIS.5.9.0.pack
                ARM.CMSIS.5.9.0
                CMSIS (Common Microcontroller Software Interface Standard)
   * Component: CORE Version: 5.6.0

Package Vendor: Keil
                https://www.keil.com/pack/Keil.STM32F1xx_DFP.2.4.1.pack
                Keil.STM32F1xx_DFP.2.4.1
                STMicroelectronics STM32F1 Series Device Support, Drivers and Examples

<h2>Collection of Component include folders:</h2>
  ./RTE/_Smart_multifunctional_door
  C:/Users/ypwan/AppData/Local/Arm/Packs/ARM/CMSIS/5.9.0/CMSIS/Core/Include
  C:/Users/ypwan/AppData/Local/Arm/Packs/Keil/STM32F1xx_DFP/2.4.1/Device/Include

<h2>Collection of Component Files used:</h2>

   * Component: ARM::CMSIS:CORE:5.6.0
      Include file:  CMSIS/Core/Include/tz_context.h
Build Time Elapsed:  00:00:01
</pre>
</body>
</html>
